<html>
<body>
<pre>
<h1>礦ision Build Log</h1>
<h2>Project:</h2>
F:\Graduate\Git_program\LiveWatch-v2.0 - 副本\user\SPI.uvproj
Project File Date:  08/17/2015

<h2>Output:</h2>
Build target 'Target 1'
linking...
Program Size: Code=15694 RO-data=410 RW-data=88 ZI-data=1672  
FromELF: creating hex file...
"..\OBJ\SPI.axf" - 0 Error(s), 0 Warning(s).
Load "..\\OBJ\\SPI.axf" 
Set JLink Project File to "F:\Graduate\Git_program\LiveWatch-v2.0 - 副本\user\JLinkSettings.ini"
* JLink Info: Device "STM32F103VC" selected (256 KB flash, 48 KB RAM).
 
JLink info:
------------
DLL: V4.80g, compiled Feb 13 2014 20:50:02
Firmware: J-Link ARM-OB STM32 compiled Aug 22 2012 19:52:04
Hardware: V7.00
S/N : 20150616 
Feature(s) : RDI,FlashDL,FlashBP,JFlash,GDBFull 
 
* JLink Info: Found SWD-DP with ID 0x1BA01477
* JLink Info: Found SWD-DP with ID 0x1BA01477
* JLink Info: Found Cortex-M3 r1p1, Little endian.
* JLink Info: FPUnit: 6 code (BP) slots and 2 literal slots
* JLink Info: TPIU fitted.
ROMTableAddr = 0xE00FF003
 
Target info:
------------
Device: STM32F103VC
VTarget = 3.300V
State of Pins: 
TCK: 0, TDI: 0, TDO: 1, TMS: 0, TRES: 1, TRST: 1
Hardware-Breakpoints: 6
Software-Breakpoints: 8192
Watchpoints:          4
JTAG speed: 4000 kHz
 
Full Chip Erase Done.
Programming Done.
Verify OK.
Application running ...
</pre>
</body>
</html>
. Trying connect under reset.
Error: Flash Download failed  -  Target DLL has been cancelled
