<html>
<body>
<pre>
<h1>µVision Build Log</h1>
<h2>Project:</h2>
F:\Graduate\Git_program\LiveWatch-v2.0\user\SPI.uvproj
Project File Date:  08/17/2015

<h2>Output:</h2>
Build target 'Target 1'
linking...
Program Size: Code=16090 RO-data=410 RW-data=88 ZI-data=1776  
FromELF: creating hex file...
"..\OBJ\SPI.axf" - 0 Error(s), 0 Warning(s).
Load "..\\OBJ\\SPI.axf" 
Error: Flash Download failed  -  Target DLL has been cancelled
Load "..\\OBJ\\SPI.axf" 
Set JLink Project File to "F:\Graduate\Git_program\LiveWatch-v2.0\user\JLinkSettings.ini"
* JLink Info: Device "STM32F103VC" selected (256 KB flash, 48 KB RAM).
 
JLink info:
------------
DLL: V4.80g, compiled Feb 13 2014 20:50:02
Firmware: J-Link ARM-OB STM32 compiled Aug 22 2012 19:52:04
Hardware: V7.00
S/N : 20150616 
Feature(s) : RDI,FlashDL,FlashBP,JFlash,GDBFull 
 
* JLink Info: Found SWD-DP with ID 0x1BA01477
* JLink Info: Found SWD-DP with ID 0x1BA01477
* JLink Info: Found Cortex-M3 r1p1, Little endian.
* JLink Info: FPUnit: 6 code (BP) slots and 2 literal slots
* JLink Info: TPIU fitted.
ROMTableAddr = 0xE00FF003
 
Target info:
------------
Device: STM32F103VC
VTarget = 3.300V
State of Pins: 
TCK: 0, TDI: 0, TDO: 1, TMS: 0, TRES: 1, TRST: 1
Hardware-Breakpoints: 6
Software-Breakpoints: 8192
Watchpoints:          4
JTAG speed: 4000 kHz
 
Full Chip Erase Done.
Programming Done.
Verify OK.
Application running ...
</pre>
</body>
</html>
beacon.c...
compiling ProcessEvent.c...
compiling join.c...
linking...
Program Size: Code=16090 RO-data=410 RW-data=88 ZI-data=1776  
FromELF: creating hex file...
"..\OBJ\SPI.axf" - 0 Error(s), 4 Warning(s).
\interrupt.c: 1 warning, 1 error
compiling sys.c...
..\HARDWARE\A7139\A7139.h(95): error:  #81: more than one storage class may not be specified
  extern static u8 A7139_Cal(void);
..\SYSTEM\sys\sys.c: 0 warnings, 1 error
compiling main.c...
..\HARDWARE\A7139\A7139.h(95): error:  #81: more than one storage class may not be specified
  extern static u8 A7139_Cal(void);
main.c(6): warning:  #177-D: variable "test" was declared but never referenced
          uint8 test[64],i;
main.c(6): warning:  #177-D: variable "i" was declared but never referenced
          uint8 test[64],i;
main.c: 2 warnings, 1 error
compiling beacon.c...
..\HARDWARE\A7139\A7139.h(95): error:  #81: more than one storage class may not be specified
  extern static u8 A7139_Cal(void);
..\Schdule\beacon.c: 0 warnings, 1 error
compiling ProcessEvent.c...
..\HARDWARE\A7139\A7139.h(95): error:  #81: more than one storage class may not be specified
  extern static u8 A7139_Cal(void);
..\Schdule\ProcessEvent.c: 0 warnings, 1 error
compiling join.c...
..\HARDWARE\A7139\A7139.h(95): error:  #81: more than one storage class may not be specified
  extern static u8 A7139_Cal(void);
..\Schdule\join.c: 0 warnings, 1 error
"..\OBJ\SPI.axf" - 11 Error(s), 4 Warning(s).
Target not created
