################################################################################
#                                                                              #
#      IAR Universal Linker V6.2.0.62                                          #
#                                                                              #
#           Link time     =  21/Jan/2016  14:17:23                             #
#           Target CPU    =  MSP430                                            #
#           List file     =  F:\Graduate\Git_program\MSP430F247-v5.0.0\Net\Deb #
#                            ug\List\net.map                                   #
#           Output file 1 =  F:\Graduate\Git_program\MSP430F247-v5.0.0\Net\Deb #
#                            ug\Exe\net.d43                                    #
#                            Format: ubrof10                                   #
#                            UBROF version 10.0.6                              #
#                            Using library modules for C-SPY (-rt)             #
#           Command line  =  F:\Graduate\Git_program\MSP430F247-v5.0.0\Net\Deb #
#                            ug\Obj\A7139.r43                                  #
#                            F:\Graduate\Git_program\MSP430F247-v5.0.0\Net\Deb #
#                            ug\Obj\A7139_CONFIG.r43                           #
#                            F:\Graduate\Git_program\MSP430F247-v5.0.0\Net\Deb #
#                            ug\Obj\adc.r43                                    #
#                            F:\Graduate\Git_program\MSP430F247-v5.0.0\Net\Deb #
#                            ug\Obj\board.r43                                  #
#                            F:\Graduate\Git_program\MSP430F247-v5.0.0\Net\Deb #
#                            ug\Obj\delay.r43                                  #
#                            F:\Graduate\Git_program\MSP430F247-v5.0.0\Net\Deb #
#                            ug\Obj\detect.r43                                 #
#                            F:\Graduate\Git_program\MSP430F247-v5.0.0\Net\Deb #
#                            ug\Obj\digio.r43                                  #
#                            F:\Graduate\Git_program\MSP430F247-v5.0.0\Net\Deb #
#                            ug\Obj\flash.r43                                  #
#                            F:\Graduate\Git_program\MSP430F247-v5.0.0\Net\Deb #
#                            ug\Obj\HMC5983.r43                                #
#                            F:\Graduate\Git_program\MSP430F247-v5.0.0\Net\Deb #
#                            ug\Obj\int.r43                                    #
#                            F:\Graduate\Git_program\MSP430F247-v5.0.0\Net\Deb #
#                            ug\Obj\interrupt.r43                              #
#                            F:\Graduate\Git_program\MSP430F247-v5.0.0\Net\Deb #
#                            ug\Obj\join.r43                                   #
#                            F:\Graduate\Git_program\MSP430F247-v5.0.0\Net\Deb #
#                            ug\Obj\led.r43                                    #
#                            F:\Graduate\Git_program\MSP430F247-v5.0.0\Net\Deb #
#                            ug\Obj\mac.r43                                    #
#                            F:\Graduate\Git_program\MSP430F247-v5.0.0\Net\Deb #
#                            ug\Obj\main.r43                                   #
#                            F:\Graduate\Git_program\MSP430F247-v5.0.0\Net\Deb #
#                            ug\Obj\mcu.r43                                    #
#                            F:\Graduate\Git_program\MSP430F247-v5.0.0\Net\Deb #
#                            ug\Obj\ProcessEvent.r43                           #
#                            F:\Graduate\Git_program\MSP430F247-v5.0.0\Net\Deb #
#                            ug\Obj\spi.r43                                    #
#                            F:\Graduate\Git_program\MSP430F247-v5.0.0\Net\Deb #
#                            ug\Obj\sys.r43                                    #
#                            F:\Graduate\Git_program\MSP430F247-v5.0.0\Net\Deb #
#                            ug\Obj\tdma.r43                                   #
#                            F:\Graduate\Git_program\MSP430F247-v5.0.0\Net\Deb #
#                            ug\Obj\timer.r43                                  #
#                            F:\Graduate\Git_program\MSP430F247-v5.0.0\Net\Deb #
#                            ug\Obj\uart.r43                                   #
#                            -o                                                #
#                            F:\Graduate\Git_program\MSP430F247-v5.0.0\Net\Deb #
#                            ug\Exe\net.d43                                    #
#                            -l                                                #
#                            F:\Graduate\Git_program\MSP430F247-v5.0.0\Net\Deb #
#                            ug\List\net.map                                   #
#                            -xms                                              #
#                            "-ID:\IAR Systems\MSP430\Embedded Workbench 7.2\4 #
#                            30\LIB\"                                          #
#                            -f                                                #
#                            "D:\IAR Systems\MSP430\Embedded Workbench 7.2\430 #
#                            \config\linker\lnk430f247.xcl"                    #
#                            (-cmsp430 -QCODE_I=CODE_ID -QTLS16_I=TLS16_ID     #
#                            -D__iar_HWMUL=130 -Z(CONST)INFO=1000-10FF         #
#                            -Z(CONST)INFOA=10C0-10FF                          #
#                            -Z(CONST)INFOB=1080-10BF                          #
#                            -Z(CONST)INFOC=1040-107F                          #
#                            -Z(CONST)INFOD=1000-103F                          #
#                            -Z(DATA)DATA16_I,DATA16_Z,DATA16_N,TLS16_I=1100-2 #
#                            0FF                                               #
#                            -Z(DATA)DATA16_HEAP+_DATA16_HEAP_SIZE             #
#                            -Z(DATA)CODE_I -Z(DATA)CSTACK+_STACK_SIZE#        #
#                            -Z(CONST)DATA16_C,DATA16_ID,TLS16_ID,DIFUNCT,CHEC #
#                            KSUM=8000-FFBF                                    #
#                            -Z(CODE)CSTART,ISR_CODE,CODE_ID=8000-FFBF         #
#                            -P(CODE)CODE=8000-FFBF -Z(CODE)INTVEC=FFC0-FFFF   #
#                            -Z(CODE)RESET=FFFE-FFFF) -f                       #
#                            "D:\IAR Systems\MSP430\Embedded Workbench 7.2\430 #
#                            \config\linker\multiplier.xcl"                    #
#                            (-e?Mul8Hw=?Mul8 -e?Mul16Hw=?Mul16                #
#                            -e?Mul16to32uHw=?Mul16to32u                       #
#                            -e?Mul16to32sHw=?Mul16to32s -e?Mul32Hw=?Mul32     #
#                            -e_Mul64iHw=_Mul64i                               #
#                            -e_Mul32u32uto64iHw=_Mul32u32uto64i               #
#                            -e?Mul32fHw=_Mul32f -e_Mul64fHwPtr=_Mul64fPtr)    #
#                            -D_STACK_SIZE=50 -rt                              #
#                            "D:\IAR Systems\MSP430\Embedded Workbench 7.2\430 #
#                            \lib\dlib\dl430fn.r43"                            #
#                            -D_DATA16_HEAP_SIZE=50 -s __program_start         #
#                            -D_DATA20_HEAP_SIZE=50                            #
#                                                                              #
#                           Copyright (C) 1987-2015 IAR Systems AB.            #
################################################################################





                ****************************************
                *                                      *
                *           CROSS REFERENCE            *
                *                                      *
                ****************************************

       Program entry at :           80EA  Relocatable, from module : ?cstart




                ****************************************
                *                                      *
                *            RUNTIME MODEL             *
                *                                      *
                ****************************************

  __Heap_Handler             = Basic
  __SystemLibrary            = DLib
  __core                     = 430
  __dlib_file_descriptor     = 0
  __dlib_full_locale_support = 0
  __double_size              = 32
  __pic                      = no
  __reg_r4                   = free
  __reg_r5                   = free
  __rt_version               = 3

                ****************************************
                *                                      *
                *    AUTOMATIC SYMBOL REDIRECTIONS     *
                *                                      *
                ****************************************

                  There are no automatic symbol redirections.



                ****************************************
                *                                      *
                *              MODULE MAP              *
                *                                      *
                ****************************************


  DEFINED ABSOLUTE ENTRIES
    *************************************************************************

  DEFINED ABSOLUTE ENTRIES
  PROGRAM MODULE, NAME : ?ABS_ENTRY_MOD

Absolute parts
           ENTRY                   ADDRESS         REF BY
           =====                   =======         ======
           _DATA20_HEAP_SIZE       0050 
           _DATA16_HEAP_SIZE       0050 
           _STACK_SIZE             0050 
           __iar_HWMUL             0130            ?Mul32Hw (?Mul32Hw)
                                                   ?Mul32fHw (?Mul32fHw)
                                                   AD_cal (adc)
                                                   CSMABackOff (mac)
                                                   CmdCalibration (detect)
                                                   DataSend (tdma)
                                                   GetIntensity (detect)
                                                   GetVariance (detect)
                                                   NoCarCalibration (detect)
                                                   SendByCSMA (mac)
                                                   getVariance (detect)
                                                   isEnviroment (detect)
    *************************************************************************

  FILE NAME : F:\Graduate\Git_program\MSP430F247-v5.0.0\Net\Debug\Obj\A7139.r43
  PROGRAM MODULE, NAME : A7139

  SEGMENTS IN THE MODULE
  ======================
DATA16_AN
  Relative segment, address: 0020 - 0020 (0x1 bytes), align: 0
  Segment part 1. ROOT        Intra module refs:   RecvDataACK (tdma)
                                                   SPIx_ReadByte (spi)
                                                   SPIx_ReadWord (spi)
                                                   Scan_Channel (join)
                                                   SendPack
                                                   TestSend (interrupt)
           ENTRY                   ADDRESS         REF BY
           =====                   =======         ======
           P1IN                    0020 
    -------------------------------------------------------------------------
DATA16_AN
  Relative segment, address: 0021 - 0021 (0x1 bytes), align: 0
  Segment part 2. ROOT        Intra module refs:   A7139_Init
                                                   A7139_ReadFIFO
                                                   A7139_ReadReg
                                                   A7139_SetCID
                                                   A7139_StrobeCmd
                                                   A7139_WriteFIFO
                                                   A7139_WriteReg
                                                   Init_5983 (HMC5983)
                                                   SPI3_Init (spi)
                                                   SPIx_ReadByte (spi)
                                                   SPIx_ReadWord (spi)
                                                   SPIx_WriteByte (spi)
                                                   SPIx_WriteWord (spi)
                                                   halDigioConfig (digio)
           ENTRY                   ADDRESS         REF BY
           =====                   =======         ======
           P1OUT                   0021 
    -------------------------------------------------------------------------
DATA16_AN
  Relative segment, address: 0162 - 0163 (0x2 bytes), align: 0
  Segment part 3. ROOT        Intra module refs:   A7139_Deep_Wake
                                                   CmdCalibration (detect)
                                                   CmdSendHandler (detect)
                                                   NoCarCalibration (detect)
                                                   Timer_A0 (interrupt)
                                                   main (main)
                                                   time_init (timer)
           ENTRY                   ADDRESS         REF BY
           =====                   =======         ======
           TACCTL0                 0162 
    -------------------------------------------------------------------------
DATA16_Z
  Relative segment, address: 1104 - 1105 (0x2 bytes), align: 1
  Segment part 5.             Intra module refs:   Err_State
           ENTRY                   ADDRESS         REF BY
           =====                   =======         ======
           A7139_init_err_count    1104 
    -------------------------------------------------------------------------
<CODE> 1 (was CODE)
  Relative segment, address: B97E - B99F (0x22 bytes), align: 1
  Segment part 41.            Intra module refs:   A7139_Cal
                                                   A7139_Config
                                                   A7139_GetRSSI
                                                   A7139_ReadPageA
                                                   A7139_SetFreq
                                                   A7139_WritePageA
                                                   A7139_WritePageB
           LOCAL                   ADDRESS         
           =====                   =======         
           A7139_WriteReg          B97E 
               calls direct
    -------------------------------------------------------------------------
<CODE> 1 (was CODE)
  Relative segment, address: B8EC - B911 (0x26 bytes), align: 1
  Segment part 40.            Intra module refs:   A7139_Cal
                                                   A7139_Config
                                                   A7139_GetRSSI
                                                   A7139_ReadPageA
           LOCAL                   ADDRESS         
           =====                   =======         
           A7139_ReadReg           B8EC 
               calls direct
    -------------------------------------------------------------------------
<CODE> 1 (was CODE)
  Relative segment, address: B72A - B755 (0x2c bytes), align: 1
  Segment part 39.            Intra module refs:   A7139_Cal
                                                   A7139_Config
                                                   A7139_SetPackLen
           LOCAL                   ADDRESS         
           =====                   =======         
           A7139_WritePageA        B72A 
               calls direct
    -------------------------------------------------------------------------
<CODE> 1 (was CODE)
  Relative segment, address: B61C - B649 (0x2e bytes), align: 1
  Segment part 38.            Intra module refs:   A7139_Config
                                                   A7139_SetFreq
           LOCAL                   ADDRESS         
           =====                   =======         
           A7139_WritePageB        B61C 
               calls direct
    -------------------------------------------------------------------------
<CODE> 1 (was CODE)
  Relative segment, address: B7D8 - B7FF (0x28 bytes), align: 1
  Segment part 37.            Intra module refs:   A7139_Cal
           LOCAL                   ADDRESS         
           =====                   =======         
           A7139_ReadPageA         B7D8 
               calls direct
    -------------------------------------------------------------------------
DATA16_Z
  Relative segment, address: 1106 - 1107 (0x2 bytes), align: 1
  Segment part 6.             Intra module refs:   A7139_Config
           ENTRY                   ADDRESS         REF BY
           =====                   =======         ======
           look                    1106 
    -------------------------------------------------------------------------
<CODE> 1 (was CODE)
  Relative segment, address: A76A - A7F5 (0x8c bytes), align: 1
  Segment part 36.            Intra module refs:   A7139_Init
           LOCAL                   ADDRESS         
           =====                   =======         
           A7139_Config            A76A 
               calls direct
    -------------------------------------------------------------------------
<CODE> 1 (was CODE)
  Relative segment, address: B6FE - B729 (0x2c bytes), align: 1
  Segment part 35.            Intra module refs:   A7139_Cal
                                                   A7139_Config
           ENTRY                   ADDRESS         REF BY
           =====                   =======         ======
           Err_State               B6FE 
               calls direct
    -------------------------------------------------------------------------
<CODE> 1 (was CODE)
  Relative segment, address: 9A2E - 9B1D (0xf0 bytes), align: 1
  Segment part 34.            Intra module refs:   A7139_Init
           ENTRY                   ADDRESS         REF BY
           =====                   =======         ======
           A7139_Cal               9A2E            ChannelSelection (join)
                                                   ChannelSelectionOnce (join)
                                                   CmdSendHandler (detect)
                                                   Scan_Channel (join)
               calls direct
    -------------------------------------------------------------------------
<CODE> 1 (was CODE)
  Relative segment, address: 9C0E - 9CE7 (0xda bytes), align: 1
  Segment part 33.            Intra module refs:   A7139_Init
           ENTRY                   ADDRESS         REF BY
           =====                   =======         ======
           A7139_SetFreq           9C0E            ChannelSelection (join)
                                                   ChannelSelectionOnce (join)
                                                   CmdSendHandler (detect)
                                                   Scan_Channel (join)
               calls direct
    -------------------------------------------------------------------------
<CODE> 1 (was CODE)
  Relative segment, address: BB7A - BB87 (0xe bytes), align: 1
  Segment part 31.            Intra module refs:   A7139_DeepSleep
                                                   A7139_Deep_Wake
                                                   A7139_GetRSSI
                                                   A7139_Init
                                                   A7139_ReadFIFO
                                                   A7139_SetFreq
                                                   A7139_SetPackLen
                                                   A7139_Sleep
                                                   A7139_Wake
                                                   A7139_WriteFIFO
                                                   RXMode
                                                   SendPack
           ENTRY                   ADDRESS         REF BY
           =====                   =======         ======
           A7139_StrobeCmd         BB7A            CmdSendHandler (detect)
                                                   SortChannel (join)
                                                   TestSend (interrupt)
                                                   port1_ISR (interrupt)
               calls direct
    -------------------------------------------------------------------------
<CODE> 1 (was CODE)
  Relative segment, address: AA96 - AB13 (0x7e bytes), align: 1
  Segment part 30.            Intra module refs:   A7139_Deep_Wake
           ENTRY                   ADDRESS         REF BY
           =====                   =======         ======
           A7139_Init              AA96            CmdSendHandler (detect)
                                                   ReJoinHandler (join)
                                                   SortChannel (join)
                                                   main (main)
               calls direct
    -------------------------------------------------------------------------
<CODE> 1 (was CODE)
  Relative segment, address: AF82 - AFDB (0x5a bytes), align: 1
  Segment part 29.            Intra module refs:   A7139_Init
           ENTRY                   ADDRESS         REF BY
           =====                   =======         ======
           A7139_SetCID            AF82 
               calls direct
    -------------------------------------------------------------------------
<CODE> 1 (was CODE)
  Relative segment, address: B486 - B4BD (0x38 bytes), align: 1
  Segment part 26.            Intra module refs:   A7139_Config
           ENTRY                   ADDRESS         REF BY
           =====                   =======         ======
           A7139_SetPackLen        B486            CmdSendHandler (detect)
               calls direct
    -------------------------------------------------------------------------
<CODE> 1 (was CODE)
  Relative segment, address: AEC6 - AF23 (0x5e bytes), align: 1
  Segment part 24.            Intra module refs:   SendPack
           ENTRY                   ADDRESS         REF BY
           =====                   =======         ======
           A7139_WriteFIFO         AEC6            TestSend (interrupt)
               calls direct
    -------------------------------------------------------------------------
<CODE> 1 (was CODE)
  Relative segment, address: B294 - B2D9 (0x46 bytes), align: 1
  Segment part 23.
           ENTRY                   ADDRESS         REF BY
           =====                   =======         ======
           A7139_ReadFIFO          B294            RecvDataACK (tdma)
                                                   Scan_Channel (join)
                                                   port1_ISR (interrupt)
               calls direct
    -------------------------------------------------------------------------
<CODE> 1 (was CODE)
  Relative segment, address: A352 - A3EF (0x9e bytes), align: 1
  Segment part 21.
           ENTRY                   ADDRESS         REF BY
           =====                   =======         ======
           A7139_GetRSSI           A352            Scan_Channel (join)
                                                   SendByCSMA (mac)
               calls direct
    -------------------------------------------------------------------------
<CODE> 1 (was CODE)
  Relative segment, address: BC42 - BC43 (0x2 bytes), align: 1
  Segment part 17.            Intra module refs:   A7139_Init
           ENTRY                   ADDRESS         REF BY
           =====                   =======         ======
           Correct_State           BC42 
    -------------------------------------------------------------------------
<CODE> 1 (was CODE)
  Relative segment, address: B6D2 - B6FD (0x2c bytes), align: 1
  Segment part 14.            Intra module refs:   A7139_Deep_Wake
                                                   A7139_WakeToRecv
           ENTRY                   ADDRESS         REF BY
           =====                   =======         ======
           RXMode                  B6D2            ChannelSelection (join)
                                                   ChannelSelectionOnce (join)
                                                   DataSend (tdma)
                                                   Interrupt_Init (interrupt)
                                                   RecvDataACK (tdma)
                                                   Scan_Channel (join)
                                                   SendByCSMA (mac)
                                                   SortChannel (join)
               calls direct
    -------------------------------------------------------------------------
<CODE> 1 (was CODE)
  Relative segment, address: AC66 - ACCF (0x6a bytes), align: 1
  Segment part 13.
           ENTRY                   ADDRESS         REF BY
           =====                   =======         ======
           SendPack                AC66            DataSend (tdma)
                                                   SendByCSMA (mac)
               calls direct
    -------------------------------------------------------------------------
<CODE> 1 (was CODE)
  Relative segment, address: BC06 - BC0D (0x8 bytes), align: 1
  Segment part 12.
           ENTRY                   ADDRESS         REF BY
           =====                   =======         ======
           A7139_Sleep             BC06            BeaconHandler (mac)
                                                   CSMADataResend (tdma)
                                                   DataSend (tdma)
               calls direct
    -------------------------------------------------------------------------
<CODE> 1 (was CODE)
  Relative segment, address: BBFE - BC05 (0x8 bytes), align: 1
  Segment part 11.
           ENTRY                   ADDRESS         REF BY
           =====                   =======         ======
           A7139_DeepSleep         BBFE            DataSend (tdma)
                                                   SortChannel (join)
               calls direct
    -------------------------------------------------------------------------
<CODE> 1 (was CODE)
  Relative segment, address: B8C6 - B8EB (0x26 bytes), align: 1
  Segment part 10.            Intra module refs:   A7139_WakeToRecv
           ENTRY                   ADDRESS         REF BY
           =====                   =======         ======
           A7139_Wake              B8C6            DataSend (tdma)
               calls direct
    -------------------------------------------------------------------------
<CODE> 1 (was CODE)
  Relative segment, address: BC0E - BC15 (0x8 bytes), align: 1
  Segment part 9.
           ENTRY                   ADDRESS         REF BY
           =====                   =======         ======
           A7139_WakeToRecv        BC0E            Process_Event (ProcessEvent)
               calls direct
    -------------------------------------------------------------------------
<CODE> 1 (was CODE)
  Relative segment, address: A48A - A521 (0x98 bytes), align: 1
  Segment part 8.             Intra module refs:   A7139_Reset
           ENTRY                   ADDRESS         REF BY
           =====                   =======         ======
           A7139_Deep_Wake         A48A            IdentifyCar (detect)
                                                   KeepAliveSend (tdma)
               calls direct
    -------------------------------------------------------------------------
<CODE> 1 (was CODE)
  Relative segment, address: BC2E - BC31 (0x4 bytes), align: 1
  Segment part 7.
           ENTRY                   ADDRESS         REF BY
           =====                   =======         ======
           A7139_Reset             BC2E            Process_Event (ProcessEvent)
               calls direct

    *************************************************************************

  FILE NAME : F:\Graduate\Git_program\MSP430F247-v5.0.0\Net\Debug\Obj\A7139_CONFIG.r43
  PROGRAM MODULE, NAME : A7139_CONFIG

  SEGMENTS IN THE MODULE
  ======================
DATA16_C
  Relative segment, address: 8000 - 801F (0x20 bytes), align: 1
  Segment part 2.
           ENTRY                   ADDRESS         REF BY
           =====                   =======         ======
           A7139Config             8000            A7139_Cal (A7139)
                                                   A7139_Config (A7139)
                                                   A7139_GetRSSI (A7139)
                                                   A7139_ReadPageA (A7139)
                                                   A7139_SetFreq (A7139)
                                                   A7139_WritePageA (A7139)
                                                   A7139_WritePageB (A7139)
    -------------------------------------------------------------------------
DATA16_C
  Relative segment, address: 8020 - 803F (0x20 bytes), align: 1
  Segment part 3.
           ENTRY                   ADDRESS         REF BY
           =====                   =======         ======
           A7139Config_PageA       8020            A7139_Cal (A7139)
                                                   A7139_Config (A7139)
                                                   A7139_SetPackLen (A7139)
    -------------------------------------------------------------------------
DATA16_C
  Relative segment, address: 8040 - 8049 (0xa bytes), align: 1
  Segment part 4.
           ENTRY                   ADDRESS         REF BY
           =====                   =======         ======
           A7139Config_PageB       8040            A7139_Config (A7139)

    *************************************************************************

  FILE NAME : F:\Graduate\Git_program\MSP430F247-v5.0.0\Net\Debug\Obj\adc.r43
  PROGRAM MODULE, NAME : adc

  SEGMENTS IN THE MODULE
  ======================
DATA16_AN
  Relative segment, address: 01A0 - 01A1 (0x2 bytes), align: 0
  Segment part 1. ROOT        Intra module refs:   AD_Init
                                                   SampleChannel
                                                   SampleVoltage
           ENTRY                   ADDRESS         REF BY
           =====                   =======         ======
           ADC12CTL0               01A0 
    -------------------------------------------------------------------------
DATA16_AN
  Relative segment, address: 01A2 - 01A3 (0x2 bytes), align: 0
  Segment part 2. ROOT        Intra module refs:   AD_Init
                                                   SampleChannel
                                                   SampleVoltage
           ENTRY                   ADDRESS         REF BY
           =====                   =======         ======
           ADC12CTL1               01A2 
    -------------------------------------------------------------------------
DATA16_AN
  Relative segment, address: 0140 - 0141 (0x2 bytes), align: 0
  Segment part 3. ROOT        Intra module refs:   SampleChannel
                                                   SampleVoltage
           ENTRY                   ADDRESS         REF BY
           =====                   =======         ======
           ADC12MEM0               0140 
    -------------------------------------------------------------------------
DATA16_AN
  Relative segment, address: 0080 - 0080 (0x1 bytes), align: 0
  Segment part 4. ROOT        Intra module refs:   SampleChannel
                                                   SampleVoltage
           ENTRY                   ADDRESS         REF BY
           =====                   =======         ======
           ADC12MCTL0              0080 
    -------------------------------------------------------------------------
DATA16_AN
  Relative segment, address: 0035 - 0035 (0x1 bytes), align: 0
  Segment part 5. ROOT        Intra module refs:   SampleChannel
                                                   halDigioConfig (digio)
           ENTRY                   ADDRESS         REF BY
           =====                   =======         ======
           P6OUT                   0035 
    -------------------------------------------------------------------------
DATA16_AN
  Relative segment, address: 0036 - 0036 (0x1 bytes), align: 0
  Segment part 6. ROOT        Intra module refs:   AD_Init
                                                   halDigioConfig (digio)
           ENTRY                   ADDRESS         REF BY
           =====                   =======         ======
           P6DIR                   0036 
    -------------------------------------------------------------------------
DATA16_AN
  Relative segment, address: 0037 - 0037 (0x1 bytes), align: 0
  Segment part 7. ROOT        Intra module refs:   AD_Init
                                                   halDigioConfig (digio)
           ENTRY                   ADDRESS         REF BY
           =====                   =======         ======
           P6SEL                   0037 
    -------------------------------------------------------------------------
<CODE> 1 (was CODE)
  Relative segment, address: B9C2 - B9E1 (0x20 bytes), align: 1
  Segment part 14.
           ENTRY                   ADDRESS         REF BY
           =====                   =======         ======
           AD_Init                 B9C2            halBoardInit (board)
               calls direct
    -------------------------------------------------------------------------
<CODE> 1 (was CODE)
  Relative segment, address: BB88 - BB95 (0xe bytes), align: 1
  Segment part 13.            Intra module refs:   AD_cal
           ENTRY                   ADDRESS         REF BY
           =====                   =======         ======
           SampleChannel           BB88            CmdCalibration (detect)
                                                   NoCarCalibration (detect)
                                                   ReCal (detect)
    -------------------------------------------------------------------------
<CODE> 1 (was CODE)
  Relative segment, address: B2DA - B31D (0x44 bytes), align: 1
  Segment part 12.
           ENTRY                   ADDRESS         REF BY
           =====                   =======         ======
           SampleVoltage           B2DA            GetVoltage (detect)
    -------------------------------------------------------------------------
<CODE> 1 (was CODE)
  Relative segment, address: BBE6 - BBED (0x8 bytes), align: 1
  Segment part 11.            Intra module refs:   ADC12_ISR::??INTVEC 42
           ENTRY                   ADDRESS         REF BY
           =====                   =======         ======
           ADC12_ISR               BBE6 
               interrupt function
    -------------------------------------------------------------------------
<CODE> 1 (was CODE)
  Relative segment, address: 862A - 88A7 (0x27e bytes), align: 1
  Segment part 10.
           ENTRY                   ADDRESS         REF BY
           =====                   =======         ======
           AD_cal                  862A            halBoardInit (board)
               calls direct
    -------------------------------------------------------------------------
INTVEC
  Common segment, address: FFC0 - FFEB (0x2c bytes), align: 1
  Segment part 8. ROOT 
           ENTRY                   ADDRESS         REF BY
           =====                   =======         ======
           ADC12_ISR::??INTVEC 42
                                   FFEA 

    *************************************************************************

  FILE NAME : F:\Graduate\Git_program\MSP430F247-v5.0.0\Net\Debug\Obj\board.r43
  PROGRAM MODULE, NAME : board

  SEGMENTS IN THE MODULE
  ======================
<CODE> 1 (was CODE)
  Relative segment, address: B4BE - B4F3 (0x36 bytes), align: 1
  Segment part 3.
           ENTRY                   ADDRESS         REF BY
           =====                   =======         ======
           halBoardInit            B4BE            main (main)
               calls direct

    *************************************************************************

  FILE NAME : F:\Graduate\Git_program\MSP430F247-v5.0.0\Net\Debug\Obj\delay.r43
  PROGRAM MODULE, NAME : delay

  SEGMENTS IN THE MODULE
  ======================
<CODE> 1 (was CODE)
  Relative segment, address: BA4C - BA63 (0x18 bytes), align: 1
  Segment part 15.
           ENTRY                   ADDRESS         REF BY
           =====                   =======         ======
           delayus                 BA4C            CSMABackOff (mac)
    -------------------------------------------------------------------------
<CODE> 1 (was CODE)
  Relative segment, address: BB5A - BB69 (0x10 bytes), align: 1
  Segment part 12.            Intra module refs:   delay_10us
           ENTRY                   ADDRESS         REF BY
           =====                   =======         ======
           delay_1us               BB5A            SPIx_ReadByte (spi)
                                                   SPIx_ReadWord (spi)
                                                   SPIx_WriteByte (spi)
                                                   SPIx_WriteWord (spi)
    -------------------------------------------------------------------------
<CODE> 1 (was CODE)
  Relative segment, address: B558 - B589 (0x32 bytes), align: 1
  Segment part 11.            Intra module refs:   delay_100us
           ENTRY                   ADDRESS         REF BY
           =====                   =======         ======
           delay_10us              B558            A7139_ReadReg (A7139)
                                                   A7139_WriteReg (A7139)
               calls direct
    -------------------------------------------------------------------------
<CODE> 1 (was CODE)
  Relative segment, address: B800 - B827 (0x28 bytes), align: 1
  Segment part 9.             Intra module refs:   delay_1ms
           ENTRY                   ADDRESS         REF BY
           =====                   =======         ======
           delay_100us             B800            DataSend (tdma)
                                                   RecvDataACK (tdma)
                                                   SendByCSMA (mac)
               calls direct
    -------------------------------------------------------------------------
<CODE> 1 (was CODE)
  Relative segment, address: B828 - B84F (0x28 bytes), align: 1
  Segment part 7.
           ENTRY                   ADDRESS         REF BY
           =====                   =======         ======
           delay_1ms               B828            AD_Init (adc)
                                                   Multi_Read_HMC (HMC5983)
                                                   Scan_Channel (join)
                                                   SendPack (A7139)
               calls direct
    -------------------------------------------------------------------------
<CODE> 1 (was CODE)
  Relative segment, address: BBD2 - BBDB (0xa bytes), align: 1
  Segment part 4.
           ENTRY                   ADDRESS         REF BY
           =====                   =======         ======
           delay_5us               BBD2            HMC_ReceiveACK (HMC5983)
                                                   HMC_ReceiveByte (HMC5983)
                                                   HMC_SendACK (HMC5983)
                                                   HMC_SendByte (HMC5983)
                                                   HMC_Start (HMC5983)
                                                   HMC_Stop (HMC5983)

    *************************************************************************

  FILE NAME : F:\Graduate\Git_program\MSP430F247-v5.0.0\Net\Debug\Obj\detect.r43
  PROGRAM MODULE, NAME : detect

  SEGMENTS IN THE MODULE
  ======================
DATA16_AN
  Relative segment, address: 0025 - 0025 (0x1 bytes), align: 0
  Segment part 1. ROOT        Intra module refs:   DataSend (tdma)
                                                   IdentifyCar
                                                   Interrupt_Init (interrupt)
                                                   KeepAliveSend (tdma)
                                                   Timer_A (interrupt)
                                                   main (main)
           ENTRY                   ADDRESS         REF BY
           =====                   =======         ======
           P1IE                    0025 
    -------------------------------------------------------------------------
DATA16_AN
  Relative segment, address: 0120 - 0121 (0x2 bytes), align: 0
  Segment part 3. ROOT        Intra module refs:   IdentifyCar
                                                   halMcuInit (mcu)
                                                   time_init (timer)
           ENTRY                   ADDRESS         REF BY
           =====                   =======         ======
           WDTCTL                  0120 
    -------------------------------------------------------------------------
DATA16_Z
  Relative segment, address: 12D6 - 12D6 (0x1 bytes), align: 0
  Segment part 5.             Intra module refs:   VarianceMultiState
           ENTRY                   ADDRESS         REF BY
           =====                   =======         ======
           VState1_Count           12D6            ReJoinHandler (join)
    -------------------------------------------------------------------------
DATA16_Z
  Relative segment, address: 12D7 - 12D7 (0x1 bytes), align: 0
  Segment part 6.             Intra module refs:   VarianceMultiState
           ENTRY                   ADDRESS         REF BY
           =====                   =======         ======
           VState2_Count           12D7            ReJoinHandler (join)
    -------------------------------------------------------------------------
DATA16_Z
  Relative segment, address: 12D8 - 12D8 (0x1 bytes), align: 0
  Segment part 7.             Intra module refs:   VarianceMultiState
           ENTRY                   ADDRESS         REF BY
           =====                   =======         ======
           VState3_Count           12D8            ReJoinHandler (join)
    -------------------------------------------------------------------------
DATA16_Z
  Relative segment, address: 12D9 - 12D9 (0x1 bytes), align: 0
  Segment part 8.             Intra module refs:   ExtremumMultiState
           ENTRY                   ADDRESS         REF BY
           =====                   =======         ======
           EState1_Count           12D9            ReJoinHandler (join)
    -------------------------------------------------------------------------
DATA16_Z
  Relative segment, address: 12DA - 12DA (0x1 bytes), align: 0
  Segment part 9.             Intra module refs:   ExtremumMultiState
           ENTRY                   ADDRESS         REF BY
           =====                   =======         ======
           EState2_Count           12DA            ReJoinHandler (join)
    -------------------------------------------------------------------------
DATA16_Z
  Relative segment, address: 12DB - 12DB (0x1 bytes), align: 0
  Segment part 10.            Intra module refs:   ExtremumMultiState
           ENTRY                   ADDRESS         REF BY
           =====                   =======         ======
           EState3_Count           12DB            ReJoinHandler (join)
    -------------------------------------------------------------------------
DATA16_Z
  Relative segment, address: 12DC - 12DC (0x1 bytes), align: 0
  Segment part 11.            Intra module refs:   IntensityMultiState
           ENTRY                   ADDRESS         REF BY
           =====                   =======         ======
           IState1_Count           12DC            ReJoinHandler (join)
    -------------------------------------------------------------------------
DATA16_Z
  Relative segment, address: 12DD - 12DD (0x1 bytes), align: 0
  Segment part 12.            Intra module refs:   IntensityMultiState
           ENTRY                   ADDRESS         REF BY
           =====                   =======         ======
           IState2_Count           12DD            ReJoinHandler (join)
    -------------------------------------------------------------------------
DATA16_Z
  Relative segment, address: 12DE - 12DE (0x1 bytes), align: 0
  Segment part 13.            Intra module refs:   IntensityMultiState
           ENTRY                   ADDRESS         REF BY
           =====                   =======         ======
           IState3_Count           12DE            ReJoinHandler (join)
    -------------------------------------------------------------------------
DATA16_Z
  Relative segment, address: 1108 - 114F (0x48 bytes), align: 1
  Segment part 14.            Intra module refs:   CmdCalibration
                                                   ExtremumMultiState
                                                   GetExtremum
                                                   GetIntensity
                                                   GetSlop
                                                   GetVariance
                                                   IdentifyCar
                                                   IntensityMultiState
                                                   NoCarCalibration
                                                   ReCal
                                                   TotalJudge
                                                   VarianceMultiState
                                                   isEnviroment
           ENTRY                   ADDRESS         REF BY
           =====                   =======         ======
           MagneticUnit            1108            AD_cal (adc)
                                                   ReJoinHandler (join)
                                                   TestSend (interrupt)
    -------------------------------------------------------------------------
DATA16_Z
  Relative segment, address: 12DF - 12DF (0x1 bytes), align: 0
  Segment part 15.            Intra module refs:   CmdCalibration
                                                   NoCarCalibration
           ENTRY                   ADDRESS         REF BY
           =====                   =======         ======
           Sensor_Drift            12DF 
    -------------------------------------------------------------------------
DATA16_Z
  Relative segment, address: 1150 - 11C7 (0x78 bytes), align: 1
  Segment part 17.
           ENTRY                   ADDRESS         REF BY
           =====                   =======         ======
           FilterData              1150            AD_cal (adc)
    -------------------------------------------------------------------------
DATA16_Z
  Relative segment, address: 12E0 - 12E0 (0x1 bytes), align: 0
  Segment part 19.
           ENTRY                   ADDRESS         REF BY
           =====                   =======         ======
           XValue_Parking          12E0            TestSend (interrupt)
    -------------------------------------------------------------------------
DATA16_Z
  Relative segment, address: 12E1 - 12E1 (0x1 bytes), align: 0
  Segment part 20.
           ENTRY                   ADDRESS         REF BY
           =====                   =======         ======
           YValue_Parking          12E1            TestSend (interrupt)
    -------------------------------------------------------------------------
DATA16_Z
  Relative segment, address: 11C8 - 11C9 (0x2 bytes), align: 1
  Segment part 21.            Intra module refs:   TotalJudge
           ENTRY                   ADDRESS         REF BY
           =====                   =======         ======
           CarStableCount          11C8 
    -------------------------------------------------------------------------
DATA16_Z
  Relative segment, address: 11CA - 11CB (0x2 bytes), align: 1
  Segment part 22.            Intra module refs:   TotalJudge
           ENTRY                   ADDRESS         REF BY
           =====                   =======         ======
           NoCarStableCount        11CA 
    -------------------------------------------------------------------------
DATA16_Z
  Relative segment, address: 12E2 - 12E2 (0x1 bytes), align: 0
  Segment part 29.            Intra module refs:   CmdCalibration
                                                   NoCarCalibration
           ENTRY                   ADDRESS         REF BY
           =====                   =======         ======
           CarCaliFlag             12E2            ReJoinHandler (join)
    -------------------------------------------------------------------------
DATA16_Z
  Relative segment, address: 11CC - 11CD (0x2 bytes), align: 1
  Segment part 30.            Intra module refs:   GetSlop
           ENTRY                   ADDRESS         REF BY
           =====                   =======         ======
           Collect_Period          11CC            Timer_A0 (interrupt)
    -------------------------------------------------------------------------
DATA16_Z
  Relative segment, address: 12E3 - 12E3 (0x1 bytes), align: 0
  Segment part 31.            Intra module refs:   GetSlop
                                                   IdentifyCar
                                                   ReCal
                                                   TotalJudge
           ENTRY                   ADDRESS         REF BY
           =====                   =======         ======
           Quick_Collect           12E3            Timer_A0 (interrupt)
    -------------------------------------------------------------------------
DATA16_Z
  Relative segment, address: 12E4 - 12E4 (0x1 bytes), align: 0
  Segment part 32.            Intra module refs:   GetSlop
                                                   ReCal
                                                   TotalJudge
           ENTRY                   ADDRESS         REF BY
           =====                   =======         ======
           Quick_CollectM          12E4 
    -------------------------------------------------------------------------
DATA16_Z
  Relative segment, address: 11CE - 11DF (0x12 bytes), align: 1
  Segment part 33.            Intra module refs:   GetSlop
           ENTRY                   ADDRESS         REF BY
           =====                   =======         ======
           SlopData                11CE            AD_cal (adc)
    -------------------------------------------------------------------------
DATA16_Z
  Relative segment, address: 12E5 - 12E5 (0x1 bytes), align: 0
  Segment part 34.            Intra module refs:   GetSlop
           ENTRY                   ADDRESS         REF BY
           =====                   =======         ======
           Slop_Count              12E5 
    -------------------------------------------------------------------------
DATA16_Z
  Relative segment, address: 12E6 - 12E6 (0x1 bytes), align: 0
  Segment part 35.            Intra module refs:   ReCal
           ENTRY                   ADDRESS         REF BY
           =====                   =======         ======
           ReCal_Count             12E6 
    -------------------------------------------------------------------------
DATA16_Z
  Relative segment, address: 11E0 - 11E1 (0x2 bytes), align: 1
  Segment part 36.            Intra module refs:   ReCal
           ENTRY                   ADDRESS         REF BY
           =====                   =======         ======
           XReCal                  11E0 
    -------------------------------------------------------------------------
DATA16_Z
  Relative segment, address: 11E2 - 11E3 (0x2 bytes), align: 1
  Segment part 37.            Intra module refs:   ReCal
           ENTRY                   ADDRESS         REF BY
           =====                   =======         ======
           YReCal                  11E2 
    -------------------------------------------------------------------------
DATA16_Z
  Relative segment, address: 11E4 - 11E5 (0x2 bytes), align: 1
  Segment part 38.            Intra module refs:   ReCal
           ENTRY                   ADDRESS         REF BY
           =====                   =======         ======
           ZReCal                  11E4 
    -------------------------------------------------------------------------
DATA16_Z
  Relative segment, address: 11E6 - 11E7 (0x2 bytes), align: 1
  Segment part 39.            Intra module refs:   ReCal
           ENTRY                   ADDRESS         REF BY
           =====                   =======         ======
           GMI_XReCal              11E6 
    -------------------------------------------------------------------------
DATA16_Z
  Relative segment, address: 11E8 - 11E9 (0x2 bytes), align: 1
  Segment part 40.            Intra module refs:   ReCal
           ENTRY                   ADDRESS         REF BY
           =====                   =======         ======
           GMI_YReCal              11E8 
    -------------------------------------------------------------------------
DATA16_Z
  Relative segment, address: 12E7 - 12E7 (0x1 bytes), align: 0
  Segment part 41.            Intra module refs:   IdentifyCar
                                                   TotalJudge
           ENTRY                   ADDRESS         REF BY
           =====                   =======         ======
           HMC_Identify_Fail       12E7 
    -------------------------------------------------------------------------
DATA16_Z
  Relative segment, address: 11EA - 11EB (0x2 bytes), align: 1
  Segment part 42.            Intra module refs:   IdentifyCar
           ENTRY                   ADDRESS         REF BY
           =====                   =======         ======
           OpenGMI_Count           11EA 
    -------------------------------------------------------------------------
DATA16_Z
  Relative segment, address: 12E8 - 12E8 (0x1 bytes), align: 0
  Segment part 43.            Intra module refs:   ReCal
                                                   TotalJudge
           ENTRY                   ADDRESS         REF BY
           =====                   =======         ======
           HMC_Changed             12E8 
    -------------------------------------------------------------------------
DATA16_Z
  Relative segment, address: 11EC - 11ED (0x2 bytes), align: 1
  Segment part 44.            Intra module refs:   ExtremumMultiState
                                                   NoCarCalibration
           ENTRY                   ADDRESS         REF BY
           =====                   =======         ======
           Ext_Threshold           11EC            AD_cal (adc)
    -------------------------------------------------------------------------
DATA16_Z
  Relative segment, address: 11EE - 11EF (0x2 bytes), align: 1
  Segment part 45.            Intra module refs:   IntensityMultiState
                                                   NoCarCalibration
           ENTRY                   ADDRESS         REF BY
           =====                   =======         ======
           Int_Threshold           11EE            AD_cal (adc)
    -------------------------------------------------------------------------
DATA16_Z
  Relative segment, address: 11F0 - 11F1 (0x2 bytes), align: 1
  Segment part 46.            Intra module refs:   NoCarCalibration
                                                   VarianceMultiState
           ENTRY                   ADDRESS         REF BY
           =====                   =======         ======
           Var_Threshold           11F0            AD_cal (adc)
    -------------------------------------------------------------------------
DATA16_Z
  Relative segment, address: 12E9 - 12E9 (0x1 bytes), align: 0
  Segment part 47.            Intra module refs:   IdentifyCar
           ENTRY                   ADDRESS         REF BY
           =====                   =======         ======
           Exit_Sleep              12E9            DataSend (tdma)
                                                   PostTask (ProcessEvent)
                                                   SendByCSMA (mac)
                                                   Timer_A0 (interrupt)
    -------------------------------------------------------------------------
DATA16_Z
  Relative segment, address: 12EA - 12EA (0x1 bytes), align: 0
  Segment part 48.            Intra module refs:   CmdSendHandler
                                                   IdentifyCar
                                                   TotalJudge
           ENTRY                   ADDRESS         REF BY
           =====                   =======         ======
           On_Test                 12EA 
    -------------------------------------------------------------------------
DATA16_Z
  Relative segment, address: 12EB - 12EB (0x1 bytes), align: 0
  Segment part 49.            Intra module refs:   CmdCarCalibration
                                                   IdentifyCar
                                                   TotalJudge
           ENTRY                   ADDRESS         REF BY
           =====                   =======         ======
           Cmd_CarCal_Flag         12EB 
    -------------------------------------------------------------------------
<CODE> 1 (was CODE)
  Relative segment, address: A522 - A5B9 (0x98 bytes), align: 1
  Segment part 74.            Intra module refs:   CmdCalibration
                                                   GetIntensity
                                                   GetVariance
                                                   NoCarCalibration
                                                   isEnviroment
           ENTRY                   ADDRESS         REF BY
           =====                   =======         ======
           sqrt_16                 A522            AD_cal (adc)
               calls direct
    -------------------------------------------------------------------------
<CODE> 1 (was CODE)
  Relative segment, address: B5EC - B61B (0x30 bytes), align: 1
  Segment part 73.            Intra module refs:   getVariance
           ENTRY                   ADDRESS         REF BY
           =====                   =======         ======
           getAverage              B5EC 
               calls direct
    -------------------------------------------------------------------------
<CODE> 1 (was CODE)
  Relative segment, address: AE66 - AEC5 (0x60 bytes), align: 1
  Segment part 72.            Intra module refs:   NoCarCalibration
           ENTRY                   ADDRESS         REF BY
           =====                   =======         ======
           getVariance             AE66 
               calls direct
    -------------------------------------------------------------------------
<CODE> 1 (was CODE)
  Relative segment, address: BC44 - BC45 (0x2 bytes), align: 1
  Segment part 71.
           ENTRY                   ADDRESS         REF BY
           =====                   =======         ======
           CollectData             BC44            Process_Event (ProcessEvent)
    -------------------------------------------------------------------------
<CODE> 1 (was CODE)
  Relative segment, address: A98E - AA13 (0x86 bytes), align: 1
  Segment part 69.            Intra module refs:   IdentifyCar
           ENTRY                   ADDRESS         REF BY
           =====                   =======         ======
           VarianceMultiState      A98E 
    -------------------------------------------------------------------------
<CODE> 1 (was CODE)
  Relative segment, address: AB8A - ABFB (0x72 bytes), align: 1
  Segment part 68.            Intra module refs:   IdentifyCar
           ENTRY                   ADDRESS         REF BY
           =====                   =======         ======
           ExtremumMultiState      AB8A 
    -------------------------------------------------------------------------
<CODE> 1 (was CODE)
  Relative segment, address: A64C - A6DB (0x90 bytes), align: 1
  Segment part 67.            Intra module refs:   IdentifyCar
           ENTRY                   ADDRESS         REF BY
           =====                   =======         ======
           IntensityMultiState     A64C 
               calls direct
    -------------------------------------------------------------------------
<CODE> 1 (was CODE)
  Relative segment, address: 9504 - 961B (0x118 bytes), align: 1
  Segment part 65.            Intra module refs:   IdentifyCar
           ENTRY                   ADDRESS         REF BY
           =====                   =======         ======
           GetSlop                 9504 
               calls direct
    -------------------------------------------------------------------------
<CODE> 1 (was CODE)
  Relative segment, address: 903E - 9183 (0x146 bytes), align: 1
  Segment part 64.            Intra module refs:   IdentifyCar
           ENTRY                   ADDRESS         REF BY
           =====                   =======         ======
           ReCal                   903E 
               calls direct
    -------------------------------------------------------------------------
<CODE> 1 (was CODE)
  Relative segment, address: 9F32 - 9FED (0xbc bytes), align: 1
  Segment part 62.            Intra module refs:   TotalJudge
           ENTRY                   ADDRESS         REF BY
           =====                   =======         ======
           isEnviroment            9F32 
               calls direct
    -------------------------------------------------------------------------
<CODE> 1 (was CODE)
  Relative segment, address: B526 - B557 (0x32 bytes), align: 1
  Segment part 61.            Intra module refs:   IdentifyCar
           ENTRY                   ADDRESS         REF BY
           =====                   =======         ======
           GetVoltage              B526 
               calls direct
    -------------------------------------------------------------------------
<CODE> 1 (was CODE)
  Relative segment, address: 9932 - 9A2D (0xfc bytes), align: 1
  Segment part 60.            Intra module refs:   CmdSendHandler
           ENTRY                   ADDRESS         REF BY
           =====                   =======         ======
           IdentifyCar             9932            Process_Event (ProcessEvent)
                                                   Timer_A0 (interrupt)
               calls direct
    -------------------------------------------------------------------------
<CODE> 1 (was CODE)
  Relative segment, address: 93EA - 9503 (0x11a bytes), align: 1
  Segment part 59.            Intra module refs:   IdentifyCar
           ENTRY                   ADDRESS         REF BY
           =====                   =======         ======
           TotalJudge              93EA 
               calls direct
    -------------------------------------------------------------------------
<CODE> 1 (was CODE)
  Relative segment, address: 8112 - 8629 (0x518 bytes), align: 1
  Segment part 57.            Intra module refs:   TotalJudge
           ENTRY                   ADDRESS         REF BY
           =====                   =======         ======
           NoCarCalibration        8112            Process_Event (ProcessEvent)
               calls direct
    -------------------------------------------------------------------------
<CODE> 1 (was CODE)
  Relative segment, address: 88A8 - 8A97 (0x1f0 bytes), align: 1
  Segment part 56.            Intra module refs:   CmdCarCalibration
                                                   CmdHandler
           ENTRY                   ADDRESS         REF BY
           =====                   =======         ======
           CmdCalibration          88A8 
               calls direct
    -------------------------------------------------------------------------
<CODE> 1 (was CODE)
  Relative segment, address: B0D2 - B121 (0x50 bytes), align: 1
  Segment part 55.            Intra module refs:   IdentifyCar
           ENTRY                   ADDRESS         REF BY
           =====                   =======         ======
           GetVariance             B0D2            Process_Event (ProcessEvent)
               calls direct
    -------------------------------------------------------------------------
<CODE> 1 (was CODE)
  Relative segment, address: B938 - B95B (0x24 bytes), align: 1
  Segment part 54.            Intra module refs:   IdentifyCar
           ENTRY                   ADDRESS         REF BY
           =====                   =======         ======
           GetExtremum             B938 
               calls direct
    -------------------------------------------------------------------------
<CODE> 1 (was CODE)
  Relative segment, address: AD38 - AD9D (0x66 bytes), align: 1
  Segment part 53.            Intra module refs:   IdentifyCar
           ENTRY                   ADDRESS         REF BY
           =====                   =======         ======
           GetIntensity            AD38 
               calls direct
    -------------------------------------------------------------------------
<CODE> 1 (was CODE)
  Relative segment, address: A2AC - A351 (0xa6 bytes), align: 1
  Segment part 52.            Intra module refs:   CmdHandler
           ENTRY                   ADDRESS         REF BY
           =====                   =======         ======
           CmdSendHandler          A2AC 
               calls direct
    -------------------------------------------------------------------------
<CODE> 1 (was CODE)
  Relative segment, address: BBF6 - BBFD (0x8 bytes), align: 1
  Segment part 51.            Intra module refs:   CmdHandler
           ENTRY                   ADDRESS         REF BY
           =====                   =======         ======
           CmdCarCalibration       BBF6 
               calls direct
    -------------------------------------------------------------------------
<CODE> 1 (was CODE)
  Relative segment, address: B878 - B89F (0x28 bytes), align: 1
  Segment part 50.
           ENTRY                   ADDRESS         REF BY
           =====                   =======         ======
           CmdHandler              B878            Process_Event (ProcessEvent)
               calls direct

    *************************************************************************

  FILE NAME : F:\Graduate\Git_program\MSP430F247-v5.0.0\Net\Debug\Obj\digio.r43
  PROGRAM MODULE, NAME : digio

  SEGMENTS IN THE MODULE
  ======================
DATA16_AN
  Relative segment, address: 0022 - 0022 (0x1 bytes), align: 0
  Segment part 3. ROOT        Intra module refs:   Interrupt_Init (interrupt)
                                                   MOSI_IN (spi)
                                                   MOSI_OUT (spi)
                                                   halDigioConfig
           ENTRY                   ADDRESS         REF BY
           =====                   =======         ======
           P1DIR                   0022 
    -------------------------------------------------------------------------
DATA16_AN
  Relative segment, address: 0023 - 0023 (0x1 bytes), align: 0
  Segment part 4. ROOT        Intra module refs:   Interrupt_Init (interrupt)
                                                   port1_ISR (interrupt)
           ENTRY                   ADDRESS         REF BY
           =====                   =======         ======
           P1IFG                   0023 
    -------------------------------------------------------------------------
DATA16_AN
  Relative segment, address: 0024 - 0024 (0x1 bytes), align: 0
  Segment part 5. ROOT        Intra module refs:   Interrupt_Init (interrupt)
           ENTRY                   ADDRESS         REF BY
           =====                   =======         ======
           P1IES                   0024 
    -------------------------------------------------------------------------
DATA16_AN
  Relative segment, address: 0026 - 0026 (0x1 bytes), align: 0
  Segment part 7. ROOT        Intra module refs:   halDigioConfig
           ENTRY                   ADDRESS         REF BY
           =====                   =======         ======
           P1SEL                   0026 
    -------------------------------------------------------------------------
DATA16_AN
  Relative segment, address: 0028 - 0028 (0x1 bytes), align: 0
  Segment part 8. ROOT 
           ENTRY                   ADDRESS         REF BY
           =====                   =======         ======
           P2IN                    0028 
    -------------------------------------------------------------------------
DATA16_AN
  Relative segment, address: 0029 - 0029 (0x1 bytes), align: 0
  Segment part 9. ROOT        Intra module refs:   GPIO_Init
                                                   halDigioConfig
           ENTRY                   ADDRESS         REF BY
           =====                   =======         ======
           P2OUT                   0029 
    -------------------------------------------------------------------------
DATA16_AN
  Relative segment, address: 002A - 002A (0x1 bytes), align: 0
  Segment part 10. ROOT       Intra module refs:   halDigioConfig
           ENTRY                   ADDRESS         REF BY
           =====                   =======         ======
           P2DIR                   002A 
    -------------------------------------------------------------------------
DATA16_AN
  Relative segment, address: 002B - 002B (0x1 bytes), align: 0
  Segment part 11. ROOT 
           ENTRY                   ADDRESS         REF BY
           =====                   =======         ======
           P2IFG                   002B 
    -------------------------------------------------------------------------
DATA16_AN
  Relative segment, address: 002C - 002C (0x1 bytes), align: 0
  Segment part 12. ROOT 
           ENTRY                   ADDRESS         REF BY
           =====                   =======         ======
           P2IES                   002C 
    -------------------------------------------------------------------------
DATA16_AN
  Relative segment, address: 002D - 002D (0x1 bytes), align: 0
  Segment part 13. ROOT 
           ENTRY                   ADDRESS         REF BY
           =====                   =======         ======
           P2IE                    002D 
    -------------------------------------------------------------------------
DATA16_AN
  Relative segment, address: 002E - 002E (0x1 bytes), align: 0
  Segment part 14. ROOT       Intra module refs:   halDigioConfig
           ENTRY                   ADDRESS         REF BY
           =====                   =======         ======
           P2SEL                   002E 
    -------------------------------------------------------------------------
DATA16_AN
  Relative segment, address: 0018 - 0018 (0x1 bytes), align: 0
  Segment part 15. ROOT       Intra module refs:   HMC_ReceiveACK (HMC5983)
                                                   HMC_ReceiveByte (HMC5983)
           ENTRY                   ADDRESS         REF BY
           =====                   =======         ======
           P3IN                    0018 
    -------------------------------------------------------------------------
DATA16_AN
  Relative segment, address: 0019 - 0019 (0x1 bytes), align: 0
  Segment part 16. ROOT       Intra module refs:   BeaconHandler (mac)
                                                   CSMADataResend (tdma)
                                                   DataSend (tdma)
                                                   GPIO_Init
                                                   HMC_ReceiveACK (HMC5983)
                                                   HMC_ReceiveByte (HMC5983)
                                                   HMC_SendACK (HMC5983)
                                                   HMC_SendByte (HMC5983)
                                                   HMC_Start (HMC5983)
                                                   HMC_Stop (HMC5983)
                                                   halDigioConfig
           ENTRY                   ADDRESS         REF BY
           =====                   =======         ======
           P3OUT                   0019 
    -------------------------------------------------------------------------
DATA16_AN
  Relative segment, address: 001A - 001A (0x1 bytes), align: 0
  Segment part 17. ROOT       Intra module refs:   HMC_ReceiveACK (HMC5983)
                                                   HMC_ReceiveByte (HMC5983)
                                                   halDigioConfig
           ENTRY                   ADDRESS         REF BY
           =====                   =======         ======
           P3DIR                   001A 
    -------------------------------------------------------------------------
DATA16_AN
  Relative segment, address: 001B - 001B (0x1 bytes), align: 0
  Segment part 18. ROOT       Intra module refs:   halDigioConfig
           ENTRY                   ADDRESS         REF BY
           =====                   =======         ======
           P3SEL                   001B 
    -------------------------------------------------------------------------
DATA16_AN
  Relative segment, address: 001C - 001C (0x1 bytes), align: 0
  Segment part 19. ROOT 
           ENTRY                   ADDRESS         REF BY
           =====                   =======         ======
           P4IN                    001C 
    -------------------------------------------------------------------------
DATA16_AN
  Relative segment, address: 001D - 001D (0x1 bytes), align: 0
  Segment part 20. ROOT       Intra module refs:   halDigioConfig
           ENTRY                   ADDRESS         REF BY
           =====                   =======         ======
           P4OUT                   001D 
    -------------------------------------------------------------------------
DATA16_AN
  Relative segment, address: 001E - 001E (0x1 bytes), align: 0
  Segment part 21. ROOT       Intra module refs:   halDigioConfig
           ENTRY                   ADDRESS         REF BY
           =====                   =======         ======
           P4DIR                   001E 
    -------------------------------------------------------------------------
DATA16_AN
  Relative segment, address: 001F - 001F (0x1 bytes), align: 0
  Segment part 22. ROOT       Intra module refs:   halDigioConfig
           ENTRY                   ADDRESS         REF BY
           =====                   =======         ======
           P4SEL                   001F 
    -------------------------------------------------------------------------
DATA16_AN
  Relative segment, address: 0030 - 0030 (0x1 bytes), align: 0
  Segment part 23. ROOT 
           ENTRY                   ADDRESS         REF BY
           =====                   =======         ======
           P5IN                    0030 
    -------------------------------------------------------------------------
DATA16_AN
  Relative segment, address: 0031 - 0031 (0x1 bytes), align: 0
  Segment part 24. ROOT       Intra module refs:   SortChannel (join)
                                                   halDigioConfig
                                                   halLedClear (led)
                                                   halLedClearAll (led)
                                                   halLedFlow (led)
                                                   halLedSet (led)
                                                   halLedSetAll (led)
                                                   halLedToggle (led)
                                                   halLedToggleAll (led)
           ENTRY                   ADDRESS         REF BY
           =====                   =======         ======
           P5OUT                   0031 
    -------------------------------------------------------------------------
DATA16_AN
  Relative segment, address: 0032 - 0032 (0x1 bytes), align: 0
  Segment part 25. ROOT       Intra module refs:   halDigioConfig
                                                   halLedSet (led)
           ENTRY                   ADDRESS         REF BY
           =====                   =======         ======
           P5DIR                   0032 
    -------------------------------------------------------------------------
DATA16_AN
  Relative segment, address: 0033 - 0033 (0x1 bytes), align: 0
  Segment part 26. ROOT       Intra module refs:   halDigioConfig
           ENTRY                   ADDRESS         REF BY
           =====                   =======         ======
           P5SEL                   0033 
    -------------------------------------------------------------------------
DATA16_AN
  Relative segment, address: 0034 - 0034 (0x1 bytes), align: 0
  Segment part 27. ROOT 
           ENTRY                   ADDRESS         REF BY
           =====                   =======         ======
           P6IN                    0034 
    -------------------------------------------------------------------------
<CODE> 1 (was CODE)
  Relative segment, address: 9FEE - A0A7 (0xba bytes), align: 1
  Segment part 55.            Intra module refs:   GPIO_Init
           ENTRY                   ADDRESS         REF BY
           =====                   =======         ======
           halDigioConfig          9FEE            SPI3_Init (spi)
               calls direct
    -------------------------------------------------------------------------
DATA16_C
  Relative segment, address: 808E - 8092 (0x5 bytes), align: 0
  Segment part 32.            Intra module refs:   GPIO_Init
           ENTRY                   ADDRESS         REF BY
           =====                   =======         ======
           pinLed1                 808E 
    -------------------------------------------------------------------------
DATA16_C
  Relative segment, address: 8093 - 8097 (0x5 bytes), align: 0
  Segment part 33.            Intra module refs:   GPIO_Init
           ENTRY                   ADDRESS         REF BY
           =====                   =======         ======
           pinLed2                 8093 
    -------------------------------------------------------------------------
DATA16_C
  Relative segment, address: 8098 - 809C (0x5 bytes), align: 0
  Segment part 34.            Intra module refs:   GPIO_Init
           ENTRY                   ADDRESS         REF BY
           =====                   =======         ======
           pinLed3                 8098 
    -------------------------------------------------------------------------
DATA16_C
  Relative segment, address: 809D - 80A1 (0x5 bytes), align: 0
  Segment part 35.            Intra module refs:   GPIO_Init
           ENTRY                   ADDRESS         REF BY
           =====                   =======         ======
           pinLed4                 809D 
[...]
<CODE> 1 (was CODE)
  Relative segment, address: BB3A - BB3B (0x2 bytes), align: 1
  Segment part 2.             Intra module refs:   ?Epilogue7
           ENTRY                   ADDRESS         REF BY
           =====                   =======         ======
           ?Epilogue6              BB3A            getVariance (detect)
    -------------------------------------------------------------------------
<CODE> 1 (was CODE)
  Relative segment, address: BB3C - BB3D (0x2 bytes), align: 1
  Segment part 3.             Intra module refs:   ?Epilogue6
           ENTRY                   ADDRESS         REF BY
           =====                   =======         ======
           ?Epilogue5              BB3C            A7139_SetFreq (A7139)
                                                   DataSend (tdma)
                                                   GetSlop (detect)
    -------------------------------------------------------------------------
<CODE> 1 (was CODE)
  Relative segment, address: BB3E - BB3F (0x2 bytes), align: 1
  Segment part 4.             Intra module refs:   ?Epilogue5
           ENTRY                   ADDRESS         REF BY
           =====                   =======         ======
           ?Epilogue4              BB3E            IntensityMultiState (detect)
                                                   sqrt_16 (detect)
    -------------------------------------------------------------------------
<CODE> 1 (was CODE)
  Relative segment, address: BB40 - BB47 (0x8 bytes), align: 1
  Segment part 5.             Intra module refs:   ?Epilogue4
           ENTRY                   ADDRESS         REF BY
           =====                   =======         ======
           ?Epilogue3              BB40            CmdCalibration (detect)
                                                   JoinRequestACKHandler (join)
                                                   Scan_Channel (join)
                                                   bubble (join)
                                                   getAverage (detect)

    -------------------------------------------------------------------------
  LIBRARY MODULE, NAME : ?exit

  SEGMENTS IN THE MODULE
  ======================
<CODE> 1 (was CODE)
  Relative segment, address: BC32 - BC35 (0x4 bytes), align: 1
  Segment part 2.
           ENTRY                   ADDRESS         REF BY
           =====                   =======         ======
           exit                    BC32            Segment part 18 (?cstart)
               calls direct

    -------------------------------------------------------------------------
  LIBRARY MODULE, NAME : ?Mul32fHw

  SEGMENTS IN THE MODULE
  ======================
<CODE> 1 (was CODE)
  Relative segment, address: 9184 - 92B9 (0x136 bytes), align: 1
  Segment part 0.
           ENTRY                   ADDRESS         REF BY
           =====                   =======         ======
           ?Mul32fHw               9184            A7139_SetFreq (A7139)
                                                   NoCarCalibration (detect)

    -------------------------------------------------------------------------
  LIBRARY MODULE, NAME : ?Cast32f32i

  SEGMENTS IN THE MODULE
  ======================
<CODE> 1 (was CODE)
  Relative segment, address: A5BA - A5CD (0x14 bytes), align: 1
  Segment part 0.
           ENTRY                   ADDRESS         REF BY
           =====                   =======         ======
           _Cast32sto32f           A5BA            NoCarCalibration (detect)
    -------------------------------------------------------------------------
<CODE> 1 (was CODE)
  Relative segment, address: A5CE - A64B (0x7e bytes), align: 1
  Segment part 1.             Intra module refs:   _Cast32sto32f
           ENTRY                   ADDRESS         REF BY
           =====                   =======         ======
           _Cast32uto32f           A5CE            A7139_SetFreq (A7139)

    -------------------------------------------------------------------------
  LIBRARY MODULE, NAME : _Cast32fto32u

  SEGMENTS IN THE MODULE
  ======================
<CODE> 1 (was CODE)
  Relative segment, address: BBBC - BBC7 (0xc bytes), align: 1
  Segment part 0.
           ENTRY                   ADDRESS         REF BY
           =====                   =======         ======
           _Cast32fto32u           BBBC            A7139_SetFreq (A7139)

    -------------------------------------------------------------------------
  LIBRARY MODULE, NAME : _Cast32fto32s

  SEGMENTS IN THE MODULE
  ======================
<CODE> 1 (was CODE)
  Relative segment, address: B4F4 - B525 (0x32 bytes), align: 1
  Segment part 0.
           ENTRY                   ADDRESS         REF BY
           =====                   =======         ======
           _Cast32fto32s           B4F4            NoCarCalibration (detect)

    -------------------------------------------------------------------------
  LIBRARY MODULE, NAME : ?FLT_Extract

  SEGMENTS IN THE MODULE
  ======================
<CODE> 1 (was CODE)
  Relative segment, address: B16E - B1B9 (0x4c bytes), align: 1
  Segment part 0.
           ENTRY                   ADDRESS         REF BY
           =====                   =======         ======
           ?FLT_Extract            B16E            _Cast32fto32s (_Cast32fto32s)
                                                   _Cast32fto32u (_Cast32fto32u)

    -------------------------------------------------------------------------
  LIBRARY MODULE, NAME : ?FLT_LT

  SEGMENTS IN THE MODULE
  ======================
<CODE> 1 (was CODE)
  Relative segment, address: B030 - B081 (0x52 bytes), align: 1
  Segment part 0.
           ENTRY                   ADDRESS         REF BY
           =====                   =======         ======
           ?FLT_LT                 B030            _CmpLt32f (_CmpLt32f)

    -------------------------------------------------------------------------
  LIBRARY MODULE, NAME : _CmpLt32f

  SEGMENTS IN THE MODULE
  ======================
<CODE> 1 (was CODE)
  Relative segment, address: BBDC - BBE5 (0xa bytes), align: 1
  Segment part 0.
           ENTRY                   ADDRESS         REF BY
           =====                   =======         ======
           _CmpLt32f               BBDC            A7139_SetFreq (A7139)

    -------------------------------------------------------------------------
  LIBRARY MODULE, NAME : _Div32f

  SEGMENTS IN THE MODULE
  ======================
<CODE> 1 (was CODE)
  Relative segment, address: 92BA - 93E9 (0x130 bytes), align: 1
  Segment part 0.
           ENTRY                   ADDRESS         REF BY
           =====                   =======         ======
           _Div32f                 92BA            A7139_SetFreq (A7139)

    -------------------------------------------------------------------------
  LIBRARY MODULE, NAME : _Add32f

  SEGMENTS IN THE MODULE
  ======================
<CODE> 1 (was CODE)
  Relative segment, address: 8D8E - 8D91 (0x4 bytes), align: 1
  Segment part 0.
           ENTRY                   ADDRESS         REF BY
           =====                   =======         ======
           _Sub32f                 8D8E            A7139_SetFreq (A7139)
    -------------------------------------------------------------------------
<CODE> 1 (was CODE)
  Relative segment, address: 8D92 - 8EEF (0x15e bytes), align: 1
  Segment part 1.             Intra module refs:   _Sub32f
           ENTRY                   ADDRESS         REF BY
           =====                   =======         ======
           _Add32f                 8D92 

    -------------------------------------------------------------------------
  LIBRARY MODULE, NAME : ?DivMod816u

  SEGMENTS IN THE MODULE
  ======================
<CODE> 1 (was CODE)
  Relative segment, address: BA7C - BA93 (0x18 bytes), align: 1
  Segment part 1.
           ENTRY                   ADDRESS         REF BY
           =====                   =======         ======
           ?DivMod16u              BA7C            ?DivMod16s (?DivMod816s)
                                                   CSMABackOff (mac)
                                                   NoCarCalibration (detect)
                                                   Pop_T (ProcessEvent)
                                                   PostTask (ProcessEvent)
                                                   ReCal (detect)

    -------------------------------------------------------------------------
  LIBRARY MODULE, NAME : ?DivMod816s

  SEGMENTS IN THE MODULE
  ======================
<CODE> 1 (was CODE)
  Relative segment, address: B5BC - B5EB (0x30 bytes), align: 1
  Segment part 1.
           ENTRY                   ADDRESS         REF BY
           =====                   =======         ======
           ?DivMod16s              B5BC            BeaconHandler (mac)
                                                   GetSlop (detect)
                                                   SendByCSMA (mac)

    -------------------------------------------------------------------------
  LIBRARY MODULE, NAME : ?DivMod32u

  SEGMENTS IN THE MODULE
  ======================
<CODE> 1 (was CODE)
  Relative segment, address: B416 - B44D (0x38 bytes), align: 1
  Segment part 0.
           ENTRY                   ADDRESS         REF BY
           =====                   =======         ======
           ?DivMod32u              B416            DataSend (tdma)
                                                   SendByCSMA (mac)
                                                   getAverage (detect)
                                                   getVariance (detect)

    -------------------------------------------------------------------------
  LIBRARY MODULE, NAME : ?ShiftLeft16

  SEGMENTS IN THE MODULE
  ======================
<CODE> 1 (was CODE)
  Relative segment, address: BBB0 - BBBB (0xc bytes), align: 1
  Segment part 0.
           ENTRY                   ADDRESS         REF BY
           =====                   =======         ======
           ?ShiftLeft16            BBB0            NoCarCalibration (detect)
                                                   halDigioConfig (digio)

    -------------------------------------------------------------------------
  LIBRARY MODULE, NAME : ?ShiftRight16s_n

  SEGMENTS IN THE MODULE
  ======================
<CODE> 1 (was CODE)
  Relative segment, address: BB96 - BB97 (0x2 bytes), align: 1
  Segment part 1.
           ENTRY                   ADDRESS         REF BY
           =====                   =======         ======
           ?ShiftRight16s_6        BB96            sqrt_16 (detect)
    -------------------------------------------------------------------------
<CODE> 1 (was CODE)
  Relative segment, address: BB98 - BB99 (0x2 bytes), align: 1
  Segment part 2.             Intra module refs:   ?ShiftRight16s_6
           ENTRY                   ADDRESS         REF BY
           =====                   =======         ======
           ?ShiftRight16s_5        BB98 
    -------------------------------------------------------------------------
<CODE> 1 (was CODE)
  Relative segment, address: BB9A - BB9B (0x2 bytes), align: 1
  Segment part 3.             Intra module refs:   ?ShiftRight16s_5
           ENTRY                   ADDRESS         REF BY
           =====                   =======         ======
           ?ShiftRight16s_4        BB9A 
    -------------------------------------------------------------------------
<CODE> 1 (was CODE)
  Relative segment, address: BB9C - BBA3 (0x8 bytes), align: 1
  Segment part 4.             Intra module refs:   ?ShiftRight16s_4
           ENTRY                   ADDRESS         REF BY
           =====                   =======         ======
           ?ShiftRight16s_3        BB9C 

    -------------------------------------------------------------------------
  LIBRARY MODULE, NAME : ?memcpy

  SEGMENTS IN THE MODULE
  ======================
<CODE> 1 (was CODE)
  Relative segment, address: BB48 - BB59 (0x12 bytes), align: 1
  Segment part 2.
           ENTRY                   ADDRESS         REF BY
           =====                   =======         ======
           memcpy                  BB48            __data16_memcpy (?memzero)

    -------------------------------------------------------------------------
  LIBRARY MODULE, NAME : ?memzero

  SEGMENTS IN THE MODULE
  ======================
<CODE> 1 (was CODE)
  Relative segment, address: BB24 - BB35 (0x12 bytes), align: 1
  Segment part 4.
           ENTRY                   ADDRESS         REF BY
           =====                   =======         ======
           __data16_memzero        BB24            ?cstart_init_zero (?cstart)
    -------------------------------------------------------------------------
<CODE> 1 (was CODE)
  Relative segment, address: BC2A - BC2D (0x4 bytes), align: 1
  Segment part 3.
           ENTRY                   ADDRESS         REF BY
           =====                   =======         ======
           __data16_memcpy         BC2A            ?cstart_init_copy (?cstart)
               calls direct

    -------------------------------------------------------------------------
  LIBRARY MODULE, NAME : ?Mul32Hw

  SEGMENTS IN THE MODULE
  ======================
<CODE> 1 (was CODE)
  Relative segment, address: B64A - B677 (0x2e bytes), align: 1
  Segment part 0.
           ENTRY                   ADDRESS         REF BY
           =====                   =======         ======
           ?Mul32Hw                B64A            Segment part 13 (?rand)

    -------------------------------------------------------------------------
  LIBRARY MODULE, NAME : ?rand

  SEGMENTS IN THE MODULE
  ======================
DATA16_Z
  Relative segment, address: 139E - 139E (0x1 bytes), align: 0
  Segment part 2.             Intra module refs:   rand
           ENTRY                   ADDRESS         REF BY
           =====                   =======         ======
           _Randinit               139E 
    -------------------------------------------------------------------------
DATA16_Z
  Relative segment, address: 124A - 124B (0x2 bytes), align: 1
  Segment part 3.             Intra module refs:   rand
           ENTRY                   ADDRESS         REF BY
           =====                   =======         ======
           __iar_Tls_setup__Randinit
                                   124A 
    -------------------------------------------------------------------------
DATA16_I
  Relative segment, address: 1100 - 1103 (0x4 bytes), align: 1
  Segment part 4.             Intra module refs:   Segment part 12
                                                   rand
           ENTRY                   ADDRESS         REF BY
           =====                   =======         ======
           _Randseed               1100 
    -------------------------------------------------------------------------
DATA16_Z
  Relative segment, address: 124C - 124D (0x2 bytes), align: 1
  Segment part 6.             Intra module refs:   rand
           ENTRY                   ADDRESS         REF BY
           =====                   =======         ======
           __iar_Tls_setup__Randseed
                                   124C 
    -------------------------------------------------------------------------
DATA16_Z
  Relative segment, address: 124E - 1251 (0x4 bytes), align: 1
  Segment part 7.             Intra module refs:   rand
    -------------------------------------------------------------------------
DATA16_Z
  Relative segment, address: 1252 - 1253 (0x2 bytes), align: 1
  Segment part 8.             Intra module refs:   rand
    -------------------------------------------------------------------------
DATA16_Z
  Relative segment, address: 1254 - 12D3 (0x80 bytes), align: 1
  Segment part 9.             Intra module refs:   rand
    -------------------------------------------------------------------------
DATA16_Z
  Relative segment, address: 12D4 - 12D5 (0x2 bytes), align: 1
  Segment part 10.            Intra module refs:   rand
    -------------------------------------------------------------------------
<CODE> 1 (was CODE)
  Relative segment, address: A204 - A2AB (0xa8 bytes), align: 1
  Segment part 11.
           ENTRY                   ADDRESS         REF BY
           =====                   =======         ======
           rand                    A204            CSMABackOff (mac)
               calls direct and indirect
    -------------------------------------------------------------------------
<CODE> 1 (was CODE)
  Relative segment, address: BA94 - BAA9 (0x16 bytes), align: 1
  Segment part 12.            Intra module refs:   rand
    -------------------------------------------------------------------------
<CODE> 1 (was CODE)
  Relative segment, address: BAAA - BABF (0x16 bytes), align: 1
  Segment part 13.            Intra module refs:   Segment part 12
                                                   rand
    -------------------------------------------------------------------------
DATA16_ID
  Relative segment, address: 80E6 - 80E9 (0x4 bytes), align: 1
  Segment part 5.             Intra module refs:   _Randseed




                ****************************************
                *                                      *
                *      SEGMENTS IN ADDRESS ORDER       *
                *                                      *
                ****************************************


SEGMENT              SPACE    START ADDRESS   END ADDRESS     SIZE  TYPE  ALIGN
=======              =====    =============   ===========     ====  ====  =====
DATA16_AN                              0003 - 0003               1   rel    0
                                       0018 - 002E              17 
                                       0030 - 0037               8 
                                       0056 - 0057               2 
                                       0061 - 0064               4 
                                       0067 - 0067               1 
                                       0080 - 0080               1 
                                       0120 - 0121               2 
                                       0128 - 012D               6 
                                       0140 - 0141               2 
                                       0160 - 0163               4 
                                       0170 - 0173               4 
                                       0180 - 0183               4 
                                       0192 - 0193               2 
                                       01A0 - 01A3               4 
                                       10F8 - 10F9               2 
DATA16_I                               1100 - 1103               4   rel    1
DATA16_Z                               1104 - 139E             29B   rel    1
CSTACK                                 20B0 - 20FF              50   rel    1
DATA16_C                               8000 - 80E5              E6   rel    1
DATA16_ID                              80E6 - 80E9               4   rel    1
CSTART                                 80EA - 8111              28   rel    1
<CODE> 1                               8112 - BC45            3B34   rel    1
INTVEC                                 FFC0 - FFFB              3C   com    1
RESET                                  FFFE - FFFF               2   rel    1

                ****************************************
                *                                      *
                *        END OF CROSS REFERENCE        *
                *                                      *
                ****************************************

 15 258 bytes of CODE  memory
    751 bytes of DATA  memory (+ 70 absolute )
    234 bytes of CONST memory

Errors: none
Warnings: none

