<html>
<body>
<pre>
<h1>µVision Build Log</h1>
<h2>Project:</h2>
F:\Graduate\Git_program\STM32Qos\user\SPI.uvproj
Project File Date:  08/11/2015

<h2>Output:</h2>
Build target 'Target 1'
compiling tdma.c...
..\HARDWARE\A7139\A7139.h(93): warning:  #1295-D: Deprecated declaration A7139_GetRSSI - give arg types
  extern u8 A7139_GetRSSI();
..\Schdule\tdma.c(78): warning:  #177-D: variable "inner_num" was declared but never referenced
                uint8 inner_num = 0;
..\Schdule\tdma.c(79): warning:  #177-D: variable "ab_slot_num" was declared but never referenced
                uint8 ab_slot_num = 0;
..\Schdule\tdma.c(80): warning:  #177-D: variable "src_cluster_id" was declared but never referenced
                uint8 src_cluster_id = 0;
..\Schdule\tdma.c(81): warning:  #177-D: variable "src_cluster_innernum" was declared but never referenced
          uint8 src_cluster_innernum = 0;
..\Schdule\tdma.c(82): warning:  #177-D: variable "rejoin" was declared but never referenced
                uint8 rejoin = 0;
..\Schdule\tdma.c: 6 warnings, 0 errors
linking...
Program Size: Code=18466 RO-data=410 RW-data=152 ZI-data=4648  
FromELF: creating hex file...
After Build - User command #1: fromelf.exe --bin -o ../obj/SPI.bin ../obj/SPI.axf
"..\OBJ\SPI.axf" - 0 Error(s), 6 Warning(s).
</pre>
</body>
</html>
rrupt.c...
..\HARDWARE\A7139\A7139.h(93): warning:  #1295-D: Deprecated declaration A7139_GetRSSI - give arg types
  extern u8 A7139_GetRSSI();
..\hardware\interrupt\interrupt.c: 1 warning, 0 errors
compiling flash.c...
..\HARDWARE\A7139\A7139.h(93): warning:  #1295-D: Deprecated declaration A7139_GetRSSI - give arg types
  extern u8 A7139_GetRSSI();
..\hardware\Flash\flash.c: 1 warning, 0 errors
compiling sys.c...
..\HARDWARE\A7139\A7139.h(93): warning:  #1295-D: Deprecated declaration A7139_GetRSSI - give arg types
  extern u8 A7139_GetRSSI();
..\SYSTEM\sys\sys.c: 1 warning, 0 errors
compiling usart.c...
..\HARDWARE\A7139\A7139.h(93): warning:  #1295-D: Deprecated declaration A7139_GetRSSI - give arg types
  extern u8 A7139_GetRSSI();
..\SYSTEM\usart\usart.c(46): warning:  #177-D: variable "NVIC_InitStructure" was declared but never referenced
    NVIC_InitTypeDef    NVIC_InitStructure;
..\SYSTEM\usart\usart.c(109): warning:  #520-D: initialization with "{...}" expected for aggregate object
  uint8 Usart_Data[4] = 0;
..\SYSTEM\usart\usart.c(151): warning:  #177-D: variable "i" was declared but never referenced
                uint16 i=0;
..\SYSTEM\usart\usart.c: 4 warnings, 0 errors
compiling main.c...
..\HARDWARE\A7139\A7139.h(93): warning:  #1295-D: Deprecated declaration A7139_GetRSSI - give arg types
  extern u8 A7139_GetRSSI();
main.c(5): warning:  #177-D: variable "test" was declared but never referenced
          uint8 test[64],i;
main.c(5): warning:  #177-D: variable "i" was declared but never referenced
          uint8 test[64],i;
main.c: 3 warnings, 0 errors
compiling beacon.c...
..\HARDWARE\A7139\A7139.h(93): warning:  #1295-D: Deprecated declaration A7139_GetRSSI - give arg types
  extern u8 A7139_GetRSSI();
..\Schdule\beacon.c: 1 warning, 0 errors
compiling ProcessEvent.c...
..\HARDWARE\A7139\A7139.h(93): warning:  #1295-D: Deprecated declaration A7139_GetRSSI - give arg types
  extern u8 A7139_GetRSSI();
..\Schdule\ProcessEvent.c: 1 warning, 0 errors
compiling join.c...
..\HARDWARE\A7139\A7139.h(93): warning:  #1295-D: Deprecated declaration A7139_GetRSSI - give arg types
  extern u8 A7139_GetRSSI();
..\Schdule\join.c: 1 warning, 0 errors
compiling device.c...
..\HARDWARE\A7139\A7139.h(93): warning:  #1295-D: Deprecated declaration A7139_GetRSSI - give arg types
  extern u8 A7139_GetRSSI();
..\Schdule\device.c: 1 warning, 0 errors
compiling tdma.c...
..\HARDWARE\A7139\A7139.h(93): warning:  #1295-D: Deprecated declaration A7139_GetRSSI - give arg types
  extern u8 A7139_GetRSSI();
..\Schdule\tdma.c(78): warning:  #177-D: variable "inner_num" was declared but never referenced
                uint8 inner_num = 0;
..\Schdule\tdma.c(79): warning:  #177-D: variable "ab_slot_num" was declared but never referenced
                uint8 ab_slot_num = 0;
..\Schdule\tdma.c(80): warning:  #177-D: variable "src_cluster_id" was declared but never referenced
                uint8 src_cluster_id = 0;
..\Schdule\tdma.c(81): warning:  #177-D: variable "src_cluster_innernum" was declared but never referenced
          uint8 src_cluster_innernum = 0;
..\Schdule\tdma.c(82): warning:  #177-D: variable "rejoin" was declared but never referenced
                uint8 rejoin = 0;
..\Schdule\tdma.c: 6 warnings, 0 errors
compiling upload.c...
..\HARDWARE\A7139\A7139.h(93): warning:  #1295-D: Deprecated declaration A7139_GetRSSI - give arg types
  extern u8 A7139_GetRSSI();
..\Schdule\upload.c: 1 warning, 0 errors
linking...
Program Size: Code=18466 RO-data=410 RW-data=152 ZI-data=4648  
FromELF: creating hex file...
After Build - User command #1: fromelf.exe --bin -o ../obj/SPI.bin ../obj/SPI.axf
"..\OBJ\SPI.axf" - 0 Error(s), 27 Warning(s).
