################################################################################
#                                                                              #
#      IAR Universal Linker V6.3.2.73                                          #
#                                                                              #
#           Link time     =  19/Mar/2016  19:57:16                             #
#           Target CPU    =  MSP430                                            #
#           List file     =  F:\Graduate\Git_program\MSP430F247-v6.2.0\Net\Deb #
#                            ug\List\net.map                                   #
#           Output file 1 =  F:\Graduate\Git_program\MSP430F247-v6.2.0\Net\Deb #
#                            ug\Exe\net.d43                                    #
#                            Format: ubrof10                                   #
#                            UBROF version 10.0.6                              #
#                            Using library modules for C-SPY (-rt)             #
#           Command line  =  F:\Graduate\Git_program\MSP430F247-v6.2.0\Net\Deb #
#                            ug\Obj\A7139.r43                                  #
#                            F:\Graduate\Git_program\MSP430F247-v6.2.0\Net\Deb #
#                            ug\Obj\A7139_CONFIG.r43                           #
#                            F:\Graduate\Git_program\MSP430F247-v6.2.0\Net\Deb #
#                            ug\Obj\adc.r43                                    #
#                            F:\Graduate\Git_program\MSP430F247-v6.2.0\Net\Deb #
#                            ug\Obj\board.r43                                  #
#                            F:\Graduate\Git_program\MSP430F247-v6.2.0\Net\Deb #
#                            ug\Obj\criteria.r43                               #
#                            F:\Graduate\Git_program\MSP430F247-v6.2.0\Net\Deb #
#                            ug\Obj\delay.r43                                  #
#                            F:\Graduate\Git_program\MSP430F247-v6.2.0\Net\Deb #
#                            ug\Obj\detect.r43                                 #
#                            F:\Graduate\Git_program\MSP430F247-v6.2.0\Net\Deb #
#                            ug\Obj\digio.r43                                  #
#                            F:\Graduate\Git_program\MSP430F247-v6.2.0\Net\Deb #
#                            ug\Obj\filter.r43                                 #
#                            F:\Graduate\Git_program\MSP430F247-v6.2.0\Net\Deb #
#                            ug\Obj\flash.r43                                  #
#                            F:\Graduate\Git_program\MSP430F247-v6.2.0\Net\Deb #
#                            ug\Obj\int.r43                                    #
#                            F:\Graduate\Git_program\MSP430F247-v6.2.0\Net\Deb #
#                            ug\Obj\interrupt.r43                              #
#                            F:\Graduate\Git_program\MSP430F247-v6.2.0\Net\Deb #
#                            ug\Obj\join.r43                                   #
#                            F:\Graduate\Git_program\MSP430F247-v6.2.0\Net\Deb #
#                            ug\Obj\led.r43                                    #
#                            F:\Graduate\Git_program\MSP430F247-v6.2.0\Net\Deb #
#                            ug\Obj\mac.r43                                    #
#                            F:\Graduate\Git_program\MSP430F247-v6.2.0\Net\Deb #
#                            ug\Obj\main.r43                                   #
#                            F:\Graduate\Git_program\MSP430F247-v6.2.0\Net\Deb #
#                            ug\Obj\math.r43                                   #
#                            F:\Graduate\Git_program\MSP430F247-v6.2.0\Net\Deb #
#                            ug\Obj\mcu.r43                                    #
#                            F:\Graduate\Git_program\MSP430F247-v6.2.0\Net\Deb #
#                            ug\Obj\PNI.r43                                    #
#                            F:\Graduate\Git_program\MSP430F247-v6.2.0\Net\Deb #
#                            ug\Obj\ProcessEvent.r43                           #
#                            F:\Graduate\Git_program\MSP430F247-v6.2.0\Net\Deb #
#                            ug\Obj\spi.r43                                    #
#                            F:\Graduate\Git_program\MSP430F247-v6.2.0\Net\Deb #
#                            ug\Obj\sys.r43                                    #
#                            F:\Graduate\Git_program\MSP430F247-v6.2.0\Net\Deb #
#                            ug\Obj\tdma.r43                                   #
#                            F:\Graduate\Git_program\MSP430F247-v6.2.0\Net\Deb #
#                            ug\Obj\timer.r43                                  #
#                            F:\Graduate\Git_program\MSP430F247-v6.2.0\Net\Deb #
#                            ug\Obj\uart.r43                                   #
#                            -o                                                #
#                            F:\Graduate\Git_program\MSP430F247-v6.2.0\Net\Deb #
#                            ug\Exe\net.d43                                    #
#                            -l                                                #
#                            F:\Graduate\Git_program\MSP430F247-v6.2.0\Net\Deb #
#                            ug\List\net.map                                   #
#                            -xms "-ID:\IAR Systems\MSP430\430\LIB\" -f        #
#                            "D:\IAR Systems\MSP430\430\config\linker\lnk430f2 #
#                            47.xcl"                                           #
#                            (-cmsp430 -QCODE_I=CODE_ID -QTLS16_I=TLS16_ID     #
#                            -D__iar_HWMUL=130 -Z(CONST)INFO=1000-10FF         #
#                            -Z(CONST)INFOA=10C0-10FF                          #
#                            -Z(CONST)INFOB=1080-10BF                          #
#                            -Z(CONST)INFOC=1040-107F                          #
#                            -Z(CONST)INFOD=1000-103F                          #
#                            -Z(DATA)DATA16_I,DATA16_Z,DATA16_N,TLS16_I=1100-2 #
#                            0FF                                               #
#                            -Z(DATA)DATA16_HEAP+_DATA16_HEAP_SIZE             #
#                            -Z(DATA)CODE_I -Z(DATA)CSTACK+_STACK_SIZE#        #
#                            -Z(CONST)DATA16_C,DATA16_ID,TLS16_ID,DIFUNCT,CHEC #
#                            KSUM=8000-FFBF                                    #
#                            -Z(CODE)CSTART,ISR_CODE,CODE_ID=8000-FFBF         #
#                            -P(CODE)CODE=8000-FFBF -Z(CODE)INTVEC=FFC0-FFFF   #
#                            -Z(CODE)RESET=FFFE-FFFF) -f                       #
#                            "D:\IAR Systems\MSP430\430\config\linker\multipli #
#                            er.xcl"                                           #
#                            (-e?Mul8Hw=?Mul8 -e?Mul16Hw=?Mul16                #
#                            -e?Mul16to32uHw=?Mul16to32u                       #
#                            -e?Mul16to32sHw=?Mul16to32s -e?Mul32Hw=?Mul32     #
#                            -e_Mul64iHw=_Mul64i                               #
#                            -e_Mul32u32uto64iHw=_Mul32u32uto64i               #
#                            -e?Mul32fHw=_Mul32f -e_Mul64fHwPtr=_Mul64fPtr)    #
#                            -D_STACK_SIZE=50 -rt                              #
#                            "D:\IAR Systems\MSP430\430\lib\dlib\dl430fn.r43"  #
#                            -D_DATA16_HEAP_SIZE=50 -s __program_start         #
#                            -D_DATA20_HEAP_SIZE=50                            #
#                                                                              #
#                           Copyright (C) 1987-2015 IAR Systems AB.            #
################################################################################





                ****************************************
                *                                      *
                *           CROSS REFERENCE            *
                *                                      *
                ****************************************

       Program entry at :           80EA  Relocatable, from module : ?cstart




                ****************************************
                *                                      *
                *            RUNTIME MODEL             *
                *                                      *
                ****************************************

  __Heap_Handler             = Basic
  __SystemLibrary            = DLib
  __core                     = 430
  __dlib_file_descriptor     = 0
  __dlib_full_locale_support = 0
  __double_size              = 32
  __pic                      = no
  __reg_r4                   = free
  __reg_r5                   = free
  __rt_version               = 3

                ****************************************
                *                                      *
                *    AUTOMATIC SYMBOL REDIRECTIONS     *
                *                                      *
                ****************************************

                  There are no automatic symbol redirections.



                ****************************************
                *                                      *
                *              MODULE MAP              *
                *                                      *
                ****************************************


  DEFINED ABSOLUTE ENTRIES
    *************************************************************************

  DEFINED ABSOLUTE ENTRIES
  PROGRAM MODULE, NAME : ?ABS_ENTRY_MOD

Absolute parts
           ENTRY                   ADDRESS         REF BY
           =====                   =======         ======
           _DATA20_HEAP_SIZE       0050 
           _DATA16_HEAP_SIZE       0050 
           _STACK_SIZE             0050 
           __iar_HWMUL             0130            ?Mul32Hw (?Mul32Hw)
                                                   ?Mul32fHw (?Mul32fHw)
                                                   AD_cal (adc)
                                                   CSMABackOff (mac)
                                                   DataSend (tdma)
                                                   SendByCSMA (mac)
                                                   calibrateOnce (detect)
                                                   getAbsoluteValue (criteria)
                                                   getVariance (math)
                                                   quickCalibrate (detect)
    *************************************************************************

  FILE NAME : F:\Graduate\Git_program\MSP430F247-v6.2.0\Net\Debug\Obj\A7139.r43
  PROGRAM MODULE, NAME : A7139

  SEGMENTS IN THE MODULE
  ======================
DATA16_AN
  Relative segment, address: 0020 - 0020 (0x1 bytes), align: 0
  Segment part 1. ROOT        Intra module refs:   RecvDataACK (tdma)
                                                   SPIx_ReadByte (spi)
                                                   SPIx_ReadWord (spi)
                                                   Scan_Channel (join)
                                                   SendPack
                                                   TestSend (interrupt)
           ENTRY                   ADDRESS         REF BY
           =====                   =======         ======
           P1IN                    0020 
    -------------------------------------------------------------------------
DATA16_AN
  Relative segment, address: 0021 - 0021 (0x1 bytes), align: 0
  Segment part 2. ROOT        Intra module refs:   A7139_Init
                                                   A7139_ReadFIFO
                                                   A7139_ReadReg
                                                   A7139_SetCID
                                                   A7139_StrobeCmd
                                                   A7139_WriteFIFO
                                                   A7139_WriteReg
                                                   SPI3_Init (spi)
                                                   SPIx_ReadByte (spi)
                                                   SPIx_ReadWord (spi)
                                                   SPIx_WriteByte (spi)
                                                   SPIx_WriteWord (spi)
                                                   halDigioConfig (digio)
           ENTRY                   ADDRESS         REF BY
           =====                   =======         ======
           P1OUT                   0021 
    -------------------------------------------------------------------------
DATA16_AN
  Relative segment, address: 0162 - 0163 (0x2 bytes), align: 0
  Segment part 3. ROOT        Intra module refs:   A7139_Deep_Wake
                                                   CmdCalibration (detect)
                                                   CmdSendHandler (detect)
                                                   Timer_A0 (interrupt)
                                                   main (main)
                                                   time_init (timer)
           ENTRY                   ADDRESS         REF BY
           =====                   =======         ======
           TACCTL0                 0162 
    -------------------------------------------------------------------------
DATA16_Z
  Relative segment, address: 1106 - 1107 (0x2 bytes), align: 1
  Segment part 5.             Intra module refs:   Err_State
           ENTRY                   ADDRESS         REF BY
           =====                   =======         ======
           A7139_init_err_count    1106 
    -------------------------------------------------------------------------
<CODE> 1 (was CODE)
  Relative segment, address: B80A - B82B (0x22 bytes), align: 1
  Segment part 41.            Intra module refs:   A7139_Cal
                                                   A7139_Config
                                                   A7139_GetRSSI
                                                   A7139_ReadPageA
                                                   A7139_SetFreq
                                                   A7139_WritePageA
                                                   A7139_WritePageB
           LOCAL                   ADDRESS         
           =====                   =======         
           A7139_WriteReg          B80A 
               calls direct
    -------------------------------------------------------------------------
<CODE> 1 (was CODE)
  Relative segment, address: B778 - B79D (0x26 bytes), align: 1
  Segment part 40.            Intra module refs:   A7139_Cal
                                                   A7139_Config
                                                   A7139_GetRSSI
                                                   A7139_ReadPageA
           LOCAL                   ADDRESS         
           =====                   =======         
           A7139_ReadReg           B778 
               calls direct
    -------------------------------------------------------------------------
<CODE> 1 (was CODE)
  Relative segment, address: B606 - B631 (0x2c bytes), align: 1
  Segment part 39.            Intra module refs:   A7139_Cal
                                                   A7139_Config
                                                   A7139_SetPackLen
           LOCAL                   ADDRESS         
           =====                   =======         
           A7139_WritePageA        B606 
               calls direct
    -------------------------------------------------------------------------
<CODE> 1 (was CODE)
  Relative segment, address: B5AA - B5D7 (0x2e bytes), align: 1
  Segment part 38.            Intra module refs:   A7139_Config
                                                   A7139_SetFreq
           LOCAL                   ADDRESS         
           =====                   =======         
           A7139_WritePageB        B5AA 
               calls direct
    -------------------------------------------------------------------------
<CODE> 1 (was CODE)
  Relative segment, address: B704 - B72B (0x28 bytes), align: 1
  Segment part 37.            Intra module refs:   A7139_Cal
           LOCAL                   ADDRESS         
           =====                   =======         
           A7139_ReadPageA         B704 
               calls direct
    -------------------------------------------------------------------------
DATA16_Z
  Relative segment, address: 1108 - 1109 (0x2 bytes), align: 1
  Segment part 6.             Intra module refs:   A7139_Config
           ENTRY                   ADDRESS         REF BY
           =====                   =======         ======
           look                    1108 
    -------------------------------------------------------------------------
<CODE> 1 (was CODE)
  Relative segment, address: A3E6 - A471 (0x8c bytes), align: 1
  Segment part 36.            Intra module refs:   A7139_Init
           LOCAL                   ADDRESS         
           =====                   =======         
           A7139_Config            A3E6 
               calls direct
    -------------------------------------------------------------------------
<CODE> 1 (was CODE)
  Relative segment, address: B632 - B65D (0x2c bytes), align: 1
  Segment part 35.            Intra module refs:   A7139_Cal
                                                   A7139_Config
           ENTRY                   ADDRESS         REF BY
           =====                   =======         ======
           Err_State               B632 
               calls direct
    -------------------------------------------------------------------------
<CODE> 1 (was CODE)
  Relative segment, address: 9564 - 9653 (0xf0 bytes), align: 1
  Segment part 34.            Intra module refs:   A7139_Init
           ENTRY                   ADDRESS         REF BY
           =====                   =======         ======
           A7139_Cal               9564            ChannelSelection (join)
                                                   ChannelSelectionOnce (join)
                                                   Scan_Channel (join)
               calls direct
    -------------------------------------------------------------------------
<CODE> 1 (was CODE)
  Relative segment, address: 9654 - 972D (0xda bytes), align: 1
  Segment part 33.            Intra module refs:   A7139_Init
           ENTRY                   ADDRESS         REF BY
           =====                   =======         ======
           A7139_SetFreq           9654            ChannelSelection (join)
                                                   ChannelSelectionOnce (join)
                                                   Scan_Channel (join)
               calls direct
    -------------------------------------------------------------------------
<CODE> 1 (was CODE)
  Relative segment, address: B9E0 - B9ED (0xe bytes), align: 1
  Segment part 31.            Intra module refs:   A7139_DeepSleep
                                                   A7139_Deep_Wake
                                                   A7139_GetRSSI
                                                   A7139_Init
                                                   A7139_ReadFIFO
                                                   A7139_SetFreq
                                                   A7139_SetPackLen
                                                   A7139_Sleep
                                                   A7139_Wake
                                                   A7139_WriteFIFO
                                                   RXMode
                                                   SendPack
           ENTRY                   ADDRESS         REF BY
           =====                   =======         ======
           A7139_StrobeCmd         B9E0            CmdSendHandler (detect)
                                                   SortChannel (join)
                                                   TestSend (interrupt)
                                                   port1_ISR (interrupt)
               calls direct
    -------------------------------------------------------------------------
<CODE> 1 (was CODE)
  Relative segment, address: A70E - A78B (0x7e bytes), align: 1
  Segment part 30.            Intra module refs:   A7139_Deep_Wake
           ENTRY                   ADDRESS         REF BY
           =====                   =======         ======
           A7139_Init              A70E            CmdSendHandler (detect)
                                                   ReJoinHandler (join)
                                                   SortChannel (join)
                                                   main (main)
               calls direct
    -------------------------------------------------------------------------
<CODE> 1 (was CODE)
  Relative segment, address: AF8C - AFE5 (0x5a bytes), align: 1
  Segment part 29.            Intra module refs:   A7139_Init
           ENTRY                   ADDRESS         REF BY
           =====                   =======         ======
           A7139_SetCID            AF8C 
               calls direct
    -------------------------------------------------------------------------
<CODE> 1 (was CODE)
  Relative segment, address: B40C - B443 (0x38 bytes), align: 1
  Segment part 26.            Intra module refs:   A7139_Config
           ENTRY                   ADDRESS         REF BY
           =====                   =======         ======
           A7139_SetPackLen        B40C            CmdSendHandler (detect)
               calls direct
    -------------------------------------------------------------------------
<CODE> 1 (was CODE)
  Relative segment, address: AE76 - AED3 (0x5e bytes), align: 1
  Segment part 24.            Intra module refs:   SendPack
           ENTRY                   ADDRESS         REF BY
           =====                   =======         ======
           A7139_WriteFIFO         AE76            TestSend (interrupt)
               calls direct
    -------------------------------------------------------------------------
<CODE> 1 (was CODE)
  Relative segment, address: B250 - B295 (0x46 bytes), align: 1
  Segment part 23.
           ENTRY                   ADDRESS         REF BY
           =====                   =======         ======
           A7139_ReadFIFO          B250            RecvDataACK (tdma)
                                                   Scan_Channel (join)
                                                   port1_ISR (interrupt)
               calls direct
    -------------------------------------------------------------------------
<CODE> 1 (was CODE)
  Relative segment, address: 9FD0 - A06D (0x9e bytes), align: 1
  Segment part 21.
           ENTRY                   ADDRESS         REF BY
           =====                   =======         ======
           A7139_GetRSSI           9FD0            Scan_Channel (join)
                                                   SendByCSMA (mac)
               calls direct
    -------------------------------------------------------------------------
<CODE> 1 (was CODE)
  Relative segment, address: BAA2 - BAA3 (0x2 bytes), align: 1
  Segment part 17.            Intra module refs:   A7139_Init
           ENTRY                   ADDRESS         REF BY
           =====                   =======         ======
           Correct_State           BAA2 
    -------------------------------------------------------------------------
<CODE> 1 (was CODE)
  Relative segment, address: B65E - B689 (0x2c bytes), align: 1
  Segment part 14.            Intra module refs:   A7139_Deep_Wake
                                                   A7139_WakeToRecv
           ENTRY                   ADDRESS         REF BY
           =====                   =======         ======
           RXMode                  B65E            ChannelSelection (join)
                                                   ChannelSelectionOnce (join)
                                                   CmdSendHandler (detect)
                                                   DataSend (tdma)
                                                   Interrupt_Init (interrupt)
                                                   RecvDataACK (tdma)
                                                   Scan_Channel (join)
                                                   SendByCSMA (mac)
                                                   SortChannel (join)
               calls direct
    -------------------------------------------------------------------------
<CODE> 1 (was CODE)
  Relative segment, address: AA3C - AAA5 (0x6a bytes), align: 1
  Segment part 13.
           ENTRY                   ADDRESS         REF BY
           =====                   =======         ======
           SendPack                AA3C            DataSend (tdma)
                                                   SendByCSMA (mac)
               calls direct
    -------------------------------------------------------------------------
<CODE> 1 (was CODE)
  Relative segment, address: BA40 - BA47 (0x8 bytes), align: 1
  Segment part 12.
           ENTRY                   ADDRESS         REF BY
           =====                   =======         ======
           A7139_Sleep             BA40            BeaconHandler (mac)
                                                   DataSend (tdma)
               calls direct
    -------------------------------------------------------------------------
<CODE> 1 (was CODE)
  Relative segment, address: BA48 - BA4F (0x8 bytes), align: 1
  Segment part 11.
           ENTRY                   ADDRESS         REF BY
           =====                   =======         ======
           A7139_DeepSleep         BA48            DataSend (tdma)
                                                   SortChannel (join)
               calls direct
    -------------------------------------------------------------------------
<CODE> 1 (was CODE)
  Relative segment, address: B72C - B751 (0x26 bytes), align: 1
  Segment part 10.            Intra module refs:   A7139_WakeToRecv
           ENTRY                   ADDRESS         REF BY
           =====                   =======         ======
           A7139_Wake              B72C            DataSend (tdma)
               calls direct
    -------------------------------------------------------------------------
<CODE> 1 (was CODE)
  Relative segment, address: BA50 - BA57 (0x8 bytes), align: 1
  Segment part 9.
           ENTRY                   ADDRESS         REF BY
           =====                   =======         ======
           A7139_WakeToRecv        BA50            Process_Event (ProcessEvent)
               calls direct
    -------------------------------------------------------------------------
<CODE> 1 (was CODE)
  Relative segment, address: A35A - A3E5 (0x8c bytes), align: 1
  Segment part 8.             Intra module refs:   A7139_Reset
           ENTRY                   ADDRESS         REF BY
           =====                   =======         ======
           A7139_Deep_Wake         A35A            IdentifyCar (detect)
                                                   KeepAliveSend (tdma)
               calls direct
    -------------------------------------------------------------------------
<CODE> 1 (was CODE)
  Relative segment, address: BA84 - BA87 (0x4 bytes), align: 1
  Segment part 7.
           ENTRY                   ADDRESS         REF BY
           =====                   =======         ======
           A7139_Reset             BA84            Process_Event (ProcessEvent)
               calls direct

    *************************************************************************

  FILE NAME : F:\Graduate\Git_program\MSP430F247-v6.2.0\Net\Debug\Obj\A7139_CONFIG.r43
  PROGRAM MODULE, NAME : A7139_CONFIG

  SEGMENTS IN THE MODULE
  ======================
DATA16_C
  Relative segment, address: 8000 - 801F (0x20 bytes), align: 1
  Segment part 2.
           ENTRY                   ADDRESS         REF BY
           =====                   =======         ======
           A7139Config             8000            A7139_Cal (A7139)
                                                   A7139_Config (A7139)
                                                   A7139_GetRSSI (A7139)
                                                   A7139_ReadPageA (A7139)
                                                   A7139_SetFreq (A7139)
                                                   A7139_WritePageA (A7139)
                                                   A7139_WritePageB (A7139)
    -------------------------------------------------------------------------
DATA16_C
  Relative segment, address: 8020 - 803F (0x20 bytes), align: 1
  Segment part 3.
           ENTRY                   ADDRESS         REF BY
           =====                   =======         ======
           A7139Config_PageA       8020            A7139_Cal (A7139)
                                                   A7139_Config (A7139)
                                                   A7139_SetPackLen (A7139)
    -------------------------------------------------------------------------
DATA16_C
  Relative segment, address: 8040 - 8049 (0xa bytes), align: 1
  Segment part 4.
           ENTRY                   ADDRESS         REF BY
           =====                   =======         ======
           A7139Config_PageB       8040            A7139_Config (A7139)

    *************************************************************************

  FILE NAME : F:\Graduate\Git_program\MSP430F247-v6.2.0\Net\Debug\Obj\adc.r43
  PROGRAM MODULE, NAME : adc

  SEGMENTS IN THE MODULE
  ======================
DATA16_AN
  Relative segment, address: 01A0 - 01A1 (0x2 bytes), align: 0
  Segment part 1. ROOT        Intra module refs:   AD_Init
           ENTRY                   ADDRESS         REF BY
           =====                   =======         ======
           ADC12CTL0               01A0 
    -------------------------------------------------------------------------
DATA16_AN
  Relative segment, address: 01A2 - 01A3 (0x2 bytes), align: 0
  Segment part 2. ROOT        Intra module refs:   AD_Init
           ENTRY                   ADDRESS         REF BY
           =====                   =======         ======
           ADC12CTL1               01A2 
    -------------------------------------------------------------------------
DATA16_AN
  Relative segment, address: 0140 - 0141 (0x2 bytes), align: 0
  Segment part 3. ROOT 
           ENTRY                   ADDRESS         REF BY
           =====                   =======         ======
           ADC12MEM0               0140 
    -------------------------------------------------------------------------
DATA16_AN
  Relative segment, address: 0080 - 0080 (0x1 bytes), align: 0
  Segment part 4. ROOT 
           ENTRY                   ADDRESS         REF BY
           =====                   =======         ======
           ADC12MCTL0              0080 
    -------------------------------------------------------------------------
DATA16_AN
  Relative segment, address: 0035 - 0035 (0x1 bytes), align: 0
  Segment part 5. ROOT        Intra module refs:   halDigioConfig (digio)
           ENTRY                   ADDRESS         REF BY
           =====                   =======         ======
           P6OUT                   0035 
    -------------------------------------------------------------------------
DATA16_AN
  Relative segment, address: 0036 - 0036 (0x1 bytes), align: 0
  Segment part 6. ROOT        Intra module refs:   AD_Init
                                                   halDigioConfig (digio)
           ENTRY                   ADDRESS         REF BY
           =====                   =======         ======
           P6DIR                   0036 
    -------------------------------------------------------------------------
DATA16_AN
  Relative segment, address: 0037 - 0037 (0x1 bytes), align: 0
  Segment part 7. ROOT        Intra module refs:   AD_Init
                                                   halDigioConfig (digio)
           ENTRY                   ADDRESS         REF BY
           =====                   =======         ======
           P6SEL                   0037 
    -------------------------------------------------------------------------
<CODE> 1 (was CODE)
  Relative segment, address: B890 - B8AF (0x20 bytes), align: 1
  Segment part 15.
           ENTRY                   ADDRESS         REF BY
           =====                   =======         ======
           AD_Init                 B890            halBoardInit (board)
               calls direct
    -------------------------------------------------------------------------
<CODE> 1 (was CODE)
  Relative segment, address: BA60 - BA67 (0x8 bytes), align: 1
  Segment part 12.            Intra module refs:   ADC12_ISR::??INTVEC 42
           ENTRY                   ADDRESS         REF BY
           =====                   =======         ======
           ADC12_ISR               BA60 
               interrupt function
    -------------------------------------------------------------------------
<CODE> 1 (was CODE)
  Relative segment, address: 8396 - 85B1 (0x21c bytes), align: 1
  Segment part 11.
           ENTRY                   ADDRESS         REF BY
           =====                   =======         ======
           AD_cal                  8396            halBoardInit (board)
               calls direct
    -------------------------------------------------------------------------
INTVEC
  Common segment, address: FFC0 - FFEB (0x2c bytes), align: 1
  Segment part 8. ROOT 
           ENTRY                   ADDRESS         REF BY
           =====                   =======         ======
           ADC12_ISR::??INTVEC 42
                                   FFEA 

    *************************************************************************

  FILE NAME : F:\Graduate\Git_program\MSP430F247-v6.2.0\Net\Debug\Obj\board.r43
  PROGRAM MODULE, NAME : board

  SEGMENTS IN THE MODULE
  ======================
<CODE> 1 (was CODE)
  Relative segment, address: B398 - B3D1 (0x3a bytes), align: 1
  Segment part 3.
           ENTRY                   ADDRESS         REF BY
           =====                   =======         ======
           halBoardInit            B398            main (main)
               calls direct

    *************************************************************************

  FILE NAME : F:\Graduate\Git_program\MSP430F247-v6.2.0\Net\Debug\Obj\criteria.r43
  PROGRAM MODULE, NAME : criteria

  SEGMENTS IN THE MODULE
  ======================
DATA16_Z
  Relative segment, address: 110A - 110B (0x2 bytes), align: 1
  Segment part 2.             Intra module refs:   getMaxDiameter
           ENTRY                   ADDRESS         REF BY
           =====                   =======         ======
           diameterbuf             110A            IdentifyCar (detect)
                                                   compactnessStable (detect)
    -------------------------------------------------------------------------
DATA16_Z
  Relative segment, address: 110C - 110D (0x2 bytes), align: 1
  Segment part 3.             Intra module refs:   getMaxDiameter
           ENTRY                   ADDRESS         REF BY
           =====                   =======         ======
           max_x                   110C            IdentifyCar (detect)
    -------------------------------------------------------------------------
DATA16_Z
  Relative segment, address: 110E - 110F (0x2 bytes), align: 1
  Segment part 4.             Intra module refs:   getMaxDiameter
           ENTRY                   ADDRESS         REF BY
           =====                   =======         ======
           max_y                   110E            IdentifyCar (detect)
    -------------------------------------------------------------------------
DATA16_Z
  Relative segment, address: 1110 - 1111 (0x2 bytes), align: 1
  Segment part 5.             Intra module refs:   getPerimeter
           ENTRY                   ADDRESS         REF BY
           =====                   =======         ======
           perimeterbuf            1110            IdentifyCar (detect)
                                                   compactnessStable (detect)
    -------------------------------------------------------------------------
<CODE> 1 (was CODE)
  Relative segment, address: B47C - B4B3 (0x38 bytes), align: 1
  Segment part 12.
           ENTRY                   ADDRESS         REF BY
           =====                   =======         ======
           getAbsoluteValue        B47C            IdentifyCar (detect)
               calls direct
    -------------------------------------------------------------------------
<CODE> 1 (was CODE)
  Relative segment, address: B870 - B88F (0x20 bytes), align: 1
  Segment part 11.
           ENTRY                   ADDRESS         REF BY
           =====                   =======         ======
           getExtremum             B870            IdentifyCar (detect)
               calls direct
    -------------------------------------------------------------------------
<CODE> 1 (was CODE)
  Relative segment, address: AC3A - AC9B (0x62 bytes), align: 1
  Segment part 9.
           ENTRY                   ADDRESS         REF BY
           =====                   =======         ======
           getEuclideanMetric      AC3A            IdentifyCar (detect)
                                                   leaveRecognition (detect)
                                                   parkingStableSet (detect)
                                                   saveMiddle (detect)
               calls direct
    -------------------------------------------------------------------------
<CODE> 1 (was CODE)
  Relative segment, address: A2CA - A359 (0x90 bytes), align: 1
  Segment part 8.             Intra module refs:   getCompatness
           ENTRY                   ADDRESS         REF BY
           =====                   =======         ======
           getMaxDiameter          A2CA 
               calls direct
    -------------------------------------------------------------------------
<CODE> 1 (was CODE)
  Relative segment, address: B20A - B24F (0x46 bytes), align: 1
  Segment part 7.             Intra module refs:   getCompatness
           ENTRY                   ADDRESS         REF BY
           =====                   =======         ======
           getPerimeter            B20A 
               calls direct
    -------------------------------------------------------------------------
<CODE> 1 (was CODE)
  Relative segment, address: ACFE - AD5B (0x5e bytes), align: 1
  Segment part 6.
           ENTRY                   ADDRESS         REF BY
           =====                   =======         ======
           getCompatness           ACFE            IdentifyCar (detect)
               calls direct

    *************************************************************************

  FILE NAME : F:\Graduate\Git_program\MSP430F247-v6.2.0\Net\Debug\Obj\delay.r43
  PROGRAM MODULE, NAME : delay

  SEGMENTS IN THE MODULE
  ======================
<CODE> 1 (was CODE)
  Relative segment, address: B902 - B919 (0x18 bytes), align: 1
  Segment part 15.
           ENTRY                   ADDRESS         REF BY
           =====                   =======         ======
           delayus                 B902            CSMABackOff (mac)
    -------------------------------------------------------------------------
<CODE> 1 (was CODE)
  Relative segment, address: B9C2 - B9D1 (0x10 bytes), align: 1
  Segment part 12.            Intra module refs:   delay_10us
           ENTRY                   ADDRESS         REF BY
           =====                   =======         ======
           delay_1us               B9C2            SPI_read_write (PNI)
                                                   SPIx_ReadByte (spi)
                                                   SPIx_ReadWord (spi)
                                                   SPIx_WriteByte (spi)
                                                   SPIx_WriteWord (spi)
    -------------------------------------------------------------------------
<CODE> 1 (was CODE)
  Relative segment, address: B4E8 - B519 (0x32 bytes), align: 1
  Segment part 11.            Intra module refs:   delay_100us
           ENTRY                   ADDRESS         REF BY
           =====                   =======         ======
           delay_10us              B4E8            A7139_ReadReg (A7139)
                                                   A7139_WriteReg (A7139)
               calls direct
    -------------------------------------------------------------------------
<CODE> 1 (was CODE)
  Relative segment, address: B6DC - B703 (0x28 bytes), align: 1
  Segment part 9.             Intra module refs:   delay_1ms
           ENTRY                   ADDRESS         REF BY
           =====                   =======         ======
           delay_100us             B6DC            DataSend (tdma)
                                                   RecvDataACK (tdma)
                                                   SendByCSMA (mac)
               calls direct
    -------------------------------------------------------------------------
<CODE> 1 (was CODE)
  Relative segment, address: B6B4 - B6DB (0x28 bytes), align: 1
  Segment part 7.
           ENTRY                   ADDRESS         REF BY
           =====                   =======         ======
           delay_1ms               B6B4            AD_Init (adc)
                                                   Scan_Channel (join)
                                                   SendPack (A7139)
               calls direct

    *************************************************************************

  FILE NAME : F:\Graduate\Git_program\MSP430F247-v6.2.0\Net\Debug\Obj\detect.r43
  PROGRAM MODULE, NAME : detect

  SEGMENTS IN THE MODULE
  ======================
DATA16_AN
  Relative segment, address: 0025 - 0025 (0x1 bytes), align: 0
  Segment part 1. ROOT        Intra module refs:   DataSend (tdma)
                                                   IdentifyCar
                                                   Interrupt_Init (interrupt)
                                                   KeepAliveSend (tdma)
                                                   main (main)
           ENTRY                   ADDRESS         REF BY
           =====                   =======         ======
           P1IE                    0025 
    -------------------------------------------------------------------------
DATA16_AN
  Relative segment, address: 0120 - 0121 (0x2 bytes), align: 0
  Segment part 3. ROOT        Intra module refs:   CmdHandler
                                                   halMcuInit (mcu)
                                                   time_init (timer)
           ENTRY                   ADDRESS         REF BY
           =====                   =======         ======
           WDTCTL                  0120 
    -------------------------------------------------------------------------
DATA16_Z
  Relative segment, address: 128C - 128C (0x1 bytes), align: 0
  Segment part 5.             Intra module refs:   VarianceMultiState
           ENTRY                   ADDRESS         REF BY
           =====                   =======         ======
           VState1_Count           128C 
    -------------------------------------------------------------------------
DATA16_Z
  Relative segment, address: 128D - 128D (0x1 bytes), align: 0
  Segment part 6.             Intra module refs:   VarianceMultiState
           ENTRY                   ADDRESS         REF BY
           =====                   =======         ======
           VState2_Count           128D 
    -------------------------------------------------------------------------
DATA16_Z
  Relative segment, address: 128E - 128E (0x1 bytes), align: 0
  Segment part 7.             Intra module refs:   VarianceMultiState
           ENTRY                   ADDRESS         REF BY
           =====                   =======         ======
           VState3_Count           128E 
    -------------------------------------------------------------------------
DATA16_Z
  Relative segment, address: 128F - 128F (0x1 bytes), align: 0
  Segment part 8.             Intra module refs:   ExtremumMultiState
           ENTRY                   ADDRESS         REF BY
           =====                   =======         ======
           EState1_Count           128F 
    -------------------------------------------------------------------------
DATA16_Z
  Relative segment, address: 1290 - 1290 (0x1 bytes), align: 0
  Segment part 9.             Intra module refs:   ExtremumMultiState
           ENTRY                   ADDRESS         REF BY
           =====                   =======         ======
           EState2_Count           1290 
    -------------------------------------------------------------------------
DATA16_Z
  Relative segment, address: 1291 - 1291 (0x1 bytes), align: 0
  Segment part 10.            Intra module refs:   ExtremumMultiState
           ENTRY                   ADDRESS         REF BY
           =====                   =======         ======
           EState3_Count           1291 
    -------------------------------------------------------------------------
DATA16_Z
  Relative segment, address: 1292 - 1292 (0x1 bytes), align: 0
  Segment part 11.            Intra module refs:   DistanceMultiState
           ENTRY                   ADDRESS         REF BY
           =====                   =======         ======
           IState1_Count           1292 
    -------------------------------------------------------------------------
DATA16_Z
  Relative segment, address: 1293 - 1293 (0x1 bytes), align: 0
  Segment part 12.            Intra module refs:   DistanceMultiState
           ENTRY                   ADDRESS         REF BY
           =====                   =======         ======
           IState2_Count           1293 
    -------------------------------------------------------------------------
DATA16_Z
  Relative segment, address: 1294 - 1294 (0x1 bytes), align: 0
  Segment part 13.            Intra module refs:   DistanceMultiState
           ENTRY                   ADDRESS         REF BY
           =====                   =======         ======
           IState3_Count           1294 
    -------------------------------------------------------------------------
DATA16_Z
  Relative segment, address: 1112 - 1159 (0x48 bytes), align: 1
  Segment part 14.            Intra module refs:   DistanceMultiState
                                                   ExtremumMultiState
                                                   IdentifyCar
                                                   TotalJudge
                                                   VarianceMultiState
                                                   calibrateOnce
                                                   compactnessStable
                                                   leaveRecognition
                                                   parkingStableSet
                                                   quickCalibrate
                                                   saveMiddle
           ENTRY                   ADDRESS         REF BY
           =====                   =======         ======
           MagneticUnit            1112            AD_cal (adc)
                                                   ReJoinHandler (join)
                                                   TestSend (interrupt)
                                                   getAbsoluteValue (criteria)
                                                   getCompatness (criteria)
                                                   getExtremum (criteria)
    -------------------------------------------------------------------------
DATA16_Z
  Relative segment, address: 115A - 115B (0x2 bytes), align: 1
  Segment part 17.            Intra module refs:   TotalJudge
           ENTRY                   ADDRESS         REF BY
           =====                   =======         ======
           CarStableCount          115A 
    -------------------------------------------------------------------------
DATA16_Z
  Relative segment, address: 115C - 115D (0x2 bytes), align: 1
  Segment part 18.            Intra module refs:   NoCarCalibration
                                                   TotalJudge
           ENTRY                   ADDRESS         REF BY
           =====                   =======         ======
           no_car_stable_count     115C 
    -------------------------------------------------------------------------
DATA16_Z
  Relative segment, address: 1295 - 1295 (0x1 bytes), align: 0
  Segment part 27.            Intra module refs:   ReCal
           ENTRY                   ADDRESS         REF BY
           =====                   =======         ======
           ReCal_Count             1295 
    -------------------------------------------------------------------------
DATA16_Z
  Relative segment, address: 115E - 115F (0x2 bytes), align: 1
  Segment part 31.            Intra module refs:   ExtremumMultiState
           ENTRY                   ADDRESS         REF BY
           =====                   =======         ======
           Ext_Threshold           115E            AD_cal (adc)
    -------------------------------------------------------------------------
DATA16_Z
  Relative segment, address: 1160 - 1161 (0x2 bytes), align: 1
  Segment part 32.
           ENTRY                   ADDRESS         REF BY
           =====                   =======         ======
           Int_Threshold           1160            AD_cal (adc)
    -------------------------------------------------------------------------
DATA16_Z
  Relative segment, address: 1162 - 1163 (0x2 bytes), align: 1
  Segment part 33.            Intra module refs:   VarianceMultiState
           ENTRY                   ADDRESS         REF BY
           =====                   =======         ======
           Var_Threshold           1162            AD_cal (adc)
    -------------------------------------------------------------------------
DATA16_Z
  Relative segment, address: 1164 - 1165 (0x2 bytes), align: 1
  Segment part 34.            Intra module refs:   DistanceMultiState
           ENTRY                   ADDRESS         REF BY
           =====                   =======         ======
           Dis_Threshold           1164            AD_cal (adc)
    -------------------------------------------------------------------------
DATA16_Z
  Relative segment, address: 1296 - 1296 (0x1 bytes), align: 0
  Segment part 35.            Intra module refs:   IdentifyCar
           ENTRY                   ADDRESS         REF BY
           =====                   =======         ======
           Exit_Sleep              1296            DataSend (tdma)
                                                   PostTask (ProcessEvent)
                                                   SendByCSMA (mac)
                                                   Timer_A0 (interrupt)
    -------------------------------------------------------------------------
DATA16_Z
  Relative segment, address: 1297 - 1297 (0x1 bytes), align: 0
  Segment part 36.            Intra module refs:   CmdSendHandler
                                                   IdentifyCar
                                                   TotalJudge
           ENTRY                   ADDRESS         REF BY
           =====                   =======         ======
           On_Test                 1297 
    -------------------------------------------------------------------------
DATA16_Z
  Relative segment, address: 1166 - 1169 (0x4 bytes), align: 1
  Segment part 37.            Intra module refs:   compactnessStable
           ENTRY                   ADDRESS         REF BY
           =====                   =======         ======
           compatness_memory       1166 
    -------------------------------------------------------------------------
DATA16_Z
  Relative segment, address: 116A - 116B (0x2 bytes), align: 1
  Segment part 38.            Intra module refs:   compactnessStable
           ENTRY                   ADDRESS         REF BY
           =====                   =======         ======
           compatness_stable_count
                                   116A 
    -------------------------------------------------------------------------
DATA16_Z
  Relative segment, address: 116C - 116D (0x2 bytes), align: 1
  Segment part 39.            Intra module refs:   IdentifyCar
           ENTRY                   ADDRESS         REF BY
           =====                   =======         ======
           xvalue_memory           116C 
    -------------------------------------------------------------------------
DATA16_Z
  Relative segment, address: 116E - 116F (0x2 bytes), align: 1
  Segment part 40.            Intra module refs:   IdentifyCar
           ENTRY                   ADDRESS         REF BY
           =====                   =======         ======
           zvalue_memory           116E 
    -------------------------------------------------------------------------
DATA16_Z
  Relative segment, address: 1170 - 1179 (0xa bytes), align: 1
  Segment part 41.            Intra module refs:   IdentifyCar
                                                   TotalJudge
                                                   leaveRecognition
                                                   parkingStableSet
                                                   saveMiddle
                                                   vsEnvironment
           ENTRY                   ADDRESS         REF BY
           =====                   =======         ======
           x_middle_quene          1170            AD_cal (adc)
                                                   TestSend (interrupt)
    -------------------------------------------------------------------------
DATA16_Z
  Relative segment, address: 117A - 1183 (0xa bytes), align: 1
  Segment part 42.            Intra module refs:   leaveRecognition
                                                   parkingStableSet
                                                   saveMiddle
                                                   vsEnvironment
           ENTRY                   ADDRESS         REF BY
           =====                   =======         ======
           y_middle_quene          117A            AD_cal (adc)
                                                   TestSend (interrupt)
    -------------------------------------------------------------------------
DATA16_Z
  Relative segment, address: 1184 - 118D (0xa bytes), align: 1
  Segment part 43.            Intra module refs:   IdentifyCar
                                                   TotalJudge
                                                   leaveRecognition
                                                   parkingStableSet
                                                   saveMiddle
                                                   vsEnvironment
           ENTRY                   ADDRESS         REF BY
           =====                   =======         ======
           z_middle_quene          1184            AD_cal (adc)
                                                   TestSend (interrupt)
    -------------------------------------------------------------------------
DATA16_I
  Relative segment, address: 1104 - 1104 (0x1 bytes), align: 0
  Segment part 44.            Intra module refs:   saveMiddle
           ENTRY                   ADDRESS         REF BY
           =====                   =======         ======
           middle_quene_count      1104 
    -------------------------------------------------------------------------
DATA16_Z
  Relative segment, address: 118E - 118F (0x2 bytes), align: 1
  Segment part 46.            Intra module refs:   TotalJudge
                                                   calibrateOnce
                                                   parkingStableSet
           ENTRY                   ADDRESS         REF BY
           =====                   =======         ======
           parking_time            118E            Timer_A0 (interrupt)
    -------------------------------------------------------------------------
DATA16_Z
  Relative segment, address: 1298 - 1298 (0x1 bytes), align: 0
  Segment part 47.            Intra module refs:   CmdCalibration
                                                   NoCarCalibration
                                                   TotalJudge
                                                   calibrateOnce
                                                   parkingStableSet
                                                   saveMiddle
           ENTRY                   ADDRESS         REF BY
           =====                   =======         ======
           parking_stable_flag     1298 
    -------------------------------------------------------------------------
DATA16_Z
  Relative segment, address: 1190 - 1191 (0x2 bytes), align: 1
  Segment part 48.            Intra module refs:   saveMiddle
           ENTRY                   ADDRESS         REF BY
           =====                   =======         ======
           update_middle_times     1190            TestSend (interrupt)
    -------------------------------------------------------------------------
DATA16_Z
  Relative segment, address: 1299 - 1299 (0x1 bytes), align: 0
  Segment part 49.            Intra module refs:   TotalJudge
           ENTRY                   ADDRESS         REF BY
           =====                   =======         ======
           leave_recognition_count
                                   1299 
    -------------------------------------------------------------------------
DATA16_Z
  Relative segment, address: 129A - 129A (0x1 bytes), align: 0
  Segment part 50.            Intra module refs:   TotalJudge
                                                   leaveRecognition
           ENTRY                   ADDRESS         REF BY
           =====                   =======         ======
           toggle_reason           129A            TestSend (interrupt)
    -------------------------------------------------------------------------
DATA16_Z
  Relative segment, address: 1192 - 1193 (0x2 bytes), align: 1
  Segment part 51.            Intra module refs:   leaveRecognition
           ENTRY                   ADDRESS         REF BY
           =====                   =======         ======
           toggle_distance_test    1192            TestSend (interrupt)
    -------------------------------------------------------------------------
DATA16_Z
  Relative segment, address: 1194 - 1197 (0x4 bytes), align: 1
  Segment part 52.            Intra module refs:   compactnessStable
           ENTRY                   ADDRESS         REF BY
           =====                   =======         ======
           compactness_latest      1194            TestSend (interrupt)
    -------------------------------------------------------------------------
DATA16_Z
  Relative segment, address: 1198 - 1199 (0x2 bytes), align: 1
  Segment part 53.            Intra module refs:   compactnessStable
           ENTRY                   ADDRESS         REF BY
           =====                   =======         ======
           diameterbuf_latest      1198            TestSend (interrupt)
    -------------------------------------------------------------------------
DATA16_Z
  Relative segment, address: 119A - 119B (0x2 bytes), align: 1
  Segment part 54.            Intra module refs:   compactnessStable
           ENTRY                   ADDRESS         REF BY
           =====                   =======         ======
           perimeterbuf_latest     119A            TestSend (interrupt)
    -------------------------------------------------------------------------
DATA16_Z
  Relative segment, address: 119C - 119D (0x2 bytes), align: 1
  Segment part 56.            Intra module refs:   dataCheck
           ENTRY                   ADDRESS         REF BY
           =====                   =======         ======
           xcheck                  119C            AD_cal (adc)
    -------------------------------------------------------------------------
DATA16_Z
  Relative segment, address: 119E - 119F (0x2 bytes), align: 1
  Segment part 57.            Intra module refs:   dataCheck
           ENTRY                   ADDRESS         REF BY
           =====                   =======         ======
           ycheck                  119E            AD_cal (adc)
    -------------------------------------------------------------------------
DATA16_Z
  Relative segment, address: 11A0 - 11A1 (0x2 bytes), align: 1
  Segment part 58.            Intra module refs:   dataCheck
           ENTRY                   ADDRESS         REF BY
           =====                   =======         ======
           zcheck                  11A0            AD_cal (adc)
    -------------------------------------------------------------------------
DATA16_Z
  Relative segment, address: 129B - 129B (0x1 bytes), align: 0
  Segment part 59.            Intra module refs:   dataCheck
           ENTRY                   ADDRESS         REF BY
           =====                   =======         ======
           check_error             129B 
    -------------------------------------------------------------------------
DATA16_Z
  Relative segment, address: 129C - 129C (0x1 bytes), align: 0
  Segment part 60.            Intra module refs:   TotalJudge
           ENTRY                   ADDRESS         REF BY
           =====                   =======         ======
           environment_over_count
                                   129C 
    -------------------------------------------------------------------------
DATA16_Z
  Relative segment, address: 129D - 129D (0x1 bytes), align: 0
  Segment part 61.            Intra module refs:   IdentifyCar
                                                   TotalJudge
           ENTRY                   ADDRESS         REF BY
           =====                   =======         ======
           force_assign_once       129D 
    -------------------------------------------------------------------------
<CODE> 1 (was CODE)
  Relative segment, address: AB0E - AB73 (0x66 bytes), align: 1
  Segment part 83.            Intra module refs:   IdentifyCar
           ENTRY                   ADDRESS         REF BY
           =====                   =======         ======
           dataCheck               AB0E 
               calls direct
    -------------------------------------------------------------------------
<CODE> 1 (was CODE)
  Relative segment, address: A60A - A68F (0x86 bytes), align: 1
  Segment part 82.            Intra module refs:   IdentifyCar
           ENTRY                   ADDRESS         REF BY
           =====                   =======         ======
           VarianceMultiState      A60A 
    -------------------------------------------------------------------------
<CODE> 1 (was CODE)
  Relative segment, address: A8F0 - A961 (0x72 bytes), align: 1
  Segment part 81.            Intra module refs:   IdentifyCar
           ENTRY                   ADDRESS         REF BY
           =====                   =======         ======
           ExtremumMultiState      A8F0 
    -------------------------------------------------------------------------
<CODE> 1 (was CODE)
  Relative segment, address: A9D0 - AA3B (0x6c bytes), align: 1
  Segment part 79.            Intra module refs:   IdentifyCar
           ENTRY                   ADDRESS         REF BY
           =====                   =======         ======
           DistanceMultiState      A9D0 
    -------------------------------------------------------------------------
<CODE> 1 (was CODE)
  Relative segment, address: 8942 - 8AD7 (0x196 bytes), align: 1
  Segment part 77.            Intra module refs:   CmdCalibration
                                                   NoCarCalibration
                                                   TotalJudge
           ENTRY                   ADDRESS         REF BY
           =====                   =======         ======
           quickCalibrate          8942 
               calls direct
    -------------------------------------------------------------------------
<CODE> 1 (was CODE)
  Relative segment, address: A236 - A2C9 (0x94 bytes), align: 1
  Segment part 76.            Intra module refs:   TotalJudge
           ENTRY                   ADDRESS         REF BY
           =====                   =======         ======
           calibrateOnce           A236 
               calls direct
    -------------------------------------------------------------------------
<CODE> 1 (was CODE)
  Relative segment, address: B7C2 - B7E5 (0x24 bytes), align: 1
  Segment part 75.            Intra module refs:   IdentifyCar
           ENTRY                   ADDRESS         REF BY
           =====                   =======         ======
           ReCal                   B7C2 
    -------------------------------------------------------------------------
<CODE> 1 (was CODE)
  Relative segment, address: ADBA - AE17 (0x5e bytes), align: 1
  Segment part 73.            Intra module refs:   IdentifyCar
           ENTRY                   ADDRESS         REF BY
           =====                   =======         ======
           compactnessStable       ADBA 
    -------------------------------------------------------------------------
<CODE> 1 (was CODE)
  Relative segment, address: 9806 - 98D9 (0xd4 bytes), align: 1
  Segment part 72.            Intra module refs:   TotalJudge
           ENTRY                   ADDRESS         REF BY
           =====                   =======         ======
           leaveRecognition        9806 
               calls direct
    -------------------------------------------------------------------------
<CODE> 1 (was CODE)
  Relative segment, address: 85B2 - 87A9 (0x1f8 bytes), align: 1
  Segment part 70.            Intra module refs:   CmdSendHandler
           ENTRY                   ADDRESS         REF BY
           =====                   =======         ======
           IdentifyCar             85B2            Process_Event (ProcessEvent)
                                                   Timer_A0 (interrupt)
               calls direct
    -------------------------------------------------------------------------
<CODE> 1 (was CODE)
  Relative segment, address: 9250 - 935F (0x110 bytes), align: 1
  Segment part 69.            Intra module refs:   IdentifyCar
           ENTRY                   ADDRESS         REF BY
           =====                   =======         ======
           TotalJudge              9250 
               calls direct
    -------------------------------------------------------------------------
<CODE> 1 (was CODE)
  Relative segment, address: A584 - A609 (0x86 bytes), align: 1
  Segment part 68.            Intra module refs:   TotalJudge
                                                   leaveRecognition
           ENTRY                   ADDRESS         REF BY
           =====                   =======         ======
           vsEnvironment           A584 
               calls direct
    -------------------------------------------------------------------------
<CODE> 1 (was CODE)
  Relative segment, address: 9D38 - 9DE3 (0xac bytes), align: 1
  Segment part 67.            Intra module refs:   CmdCalibration
                                                   NoCarCalibration
           ENTRY                   ADDRESS         REF BY
           =====                   =======         ======
           saveMiddle              9D38 
               calls direct
    -------------------------------------------------------------------------
<CODE> 1 (was CODE)
  Relative segment, address: B79E - B7C1 (0x24 bytes), align: 1
  Segment part 66.            Intra module refs:   TotalJudge
           ENTRY                   ADDRESS         REF BY
           =====                   =======         ======
           NoCarCalibration        B79E            Process_Event (ProcessEvent)
               calls direct
    -------------------------------------------------------------------------
<CODE> 1 (was CODE)
  Relative segment, address: A06E - A109 (0x9c bytes), align: 1
  Segment part 65.            Intra module refs:   IdentifyCar
           ENTRY                   ADDRESS         REF BY
           =====                   =======         ======
           parkingStableSet        A06E 
               calls direct
    -------------------------------------------------------------------------
<CODE> 1 (was CODE)
  Relative segment, address: B7E6 - B809 (0x24 bytes), align: 1
  Segment part 64.            Intra module refs:   CmdHandler
           ENTRY                   ADDRESS         REF BY
           =====                   =======         ======
           CmdCalibration          B7E6 
               calls direct
    -------------------------------------------------------------------------
<CODE> 1 (was CODE)
  Relative segment, address: 9F32 - 9FCF (0x9e bytes), align: 1
  Segment part 63.            Intra module refs:   CmdHandler
           ENTRY                   ADDRESS         REF BY
           =====                   =======         ======
           CmdSendHandler          9F32 
               calls direct
    -------------------------------------------------------------------------
<CODE> 1 (was CODE)
  Relative segment, address: B2DC - B31B (0x40 bytes), align: 1
  Segment part 62.
           ENTRY                   ADDRESS         REF BY
           =====                   =======         ======
           CmdHandler              B2DC            Process_Event (ProcessEvent)
               calls direct
    -------------------------------------------------------------------------
DATA16_ID
  Relative segment, address: 80E8 - 80E8 (0x1 bytes), align: 0
  Segment part 45.            Intra module refs:   middle_quene_count

    *************************************************************************

  FILE NAME : F:\Graduate\Git_program\MSP430F247-v6.2.0\Net\Debug\Obj\digio.r43
  PROGRAM MODULE, NAME : digio

  SEGMENTS IN THE MODULE
  ======================
DATA16_AN
  Relative segment, address: 0022 - 0022 (0x1 bytes), align: 0
  Segment part 3. ROOT        Intra module refs:   Interrupt_Init (interrupt)
                                                   MOSI_IN (spi)
                                                   MOSI_OUT (spi)
                                                   halDigioConfig
           ENTRY                   ADDRESS         REF BY
           =====                   =======         ======
           P1DIR                   0022 
    -------------------------------------------------------------------------
DATA16_AN
  Relative segment, address: 0023 - 0023 (0x1 bytes), align: 0
  Segment part 4. ROOT        Intra module refs:   Interrupt_Init (interrupt)
                                                   port1_ISR (interrupt)
           ENTRY                   ADDRESS         REF BY
           =====                   =======         ======
           P1IFG                   0023 
    -------------------------------------------------------------------------
DATA16_AN
  Relative segment, address: 0024 - 0024 (0x1 bytes), align: 0
  Segment part 5. ROOT        Intra module refs:   Interrupt_Init (interrupt)
           ENTRY                   ADDRESS         REF BY
           =====                   =======         ======
           P1IES                   0024 
    -------------------------------------------------------------------------
DATA16_AN
  Relative segment, address: 0026 - 0026 (0x1 bytes), align: 0
  Segment part 7. ROOT        Intra module refs:   halDigioConfig
           ENTRY                   ADDRESS         REF BY
           =====                   =======         ======
           P1SEL                   0026 
    -------------------------------------------------------------------------
DATA16_AN
  Relative segment, address: 0028 - 0028 (0x1 bytes), align: 0
  Segment part 8. ROOT 
           ENTRY                   ADDRESS         REF BY
           =====                   =======         ======
           P2IN                    0028 
    -------------------------------------------------------------------------
DATA16_AN
  Relative segment, address: 0029 - 0029 (0x1 bytes), align: 0
  Segment part 9. ROOT        Intra module refs:   GPIO_Init
                                                   halDigioConfig
           ENTRY                   ADDRESS         REF BY
           =====                   =======         ======
           P2OUT                   0029 
    -------------------------------------------------------------------------
DATA16_AN
  Relative segment, address: 002A - 002A (0x1 bytes), align: 0
  Segment part 10. ROOT       Intra module refs:   halDigioConfig
           ENTRY                   ADDRESS         REF BY
           =====                   =======         ======
           P2DIR                   002A 
    -------------------------------------------------------------------------
DATA16_AN
  Relative segment, address: 002B - 002B (0x1 bytes), align: 0
  Segment part 11. ROOT 
           ENTRY                   ADDRESS         REF BY
           =====                   =======         ======
           P2IFG                   002B 
    -------------------------------------------------------------------------
DATA16_AN
  Relative segment, address: 002C - 002C (0x1 bytes), align: 0
  Segment part 12. ROOT 
           ENTRY                   ADDRESS         REF BY
           =====                   =======         ======
           P2IES                   002C 
    -------------------------------------------------------------------------
DATA16_AN
  Relative segment, address: 002D - 002D (0x1 bytes), align: 0
  Segment part 13. ROOT 
           ENTRY                   ADDRESS         REF BY
           =====                   =======         ======
           P2IE                    002D 
    -------------------------------------------------------------------------
DATA16_AN
  Relative segment, address: 002E - 002E (0x1 bytes), align: 0
  Segment part 14. ROOT       Intra module refs:   halDigioConfig
           ENTRY                   ADDRESS         REF BY
           =====                   =======         ======
           P2SEL                   002E 
    -------------------------------------------------------------------------
DATA16_AN
  Relative segment, address: 0018 - 0018 (0x1 bytes), align: 0
  Segment part 15. ROOT       Intra module refs:   DataReady (PNI)
                                                   SPI_read_write (PNI)
           ENTRY                   ADDRESS         REF BY
           =====                   =======         ======
           P3IN                    0018 
    -------------------------------------------------------------------------
DATA16_AN
  Relative segment, address: 0019 - 0019 (0x1 bytes), align: 0
  Segment part 16. ROOT       Intra module refs:   PNI_GPIO_Init (PNI)
                                                   PNI_read_circle (PNI)
                                                   PNI_read_data (PNI)
                                                   PNI_write_TMRC (PNI)
                                                   PNI_write_circle (PNI)
                                                   SPI_read_write (PNI)
                                                   getOffset (PNI)
                                                   halDigioConfig
           ENTRY                   ADDRESS         REF BY
           =====                   =======         ======
           P3OUT                   0019 
    -------------------------------------------------------------------------
DATA16_AN
  Relative segment, address: 001A - 001A (0x1 bytes), align: 0
  Segment part 17. ROOT       Intra module refs:   halDigioConfig
           ENTRY                   ADDRESS         REF BY
           =====                   =======         ======
           P3DIR                   001A 
    -------------------------------------------------------------------------
DATA16_AN
  Relative segment, address: 001B - 001B (0x1 bytes), align: 0
  Segment part 18. ROOT       Intra module refs:   halDigioConfig
           ENTRY                   ADDRESS         REF BY
           =====                   =======         ======
           P3SEL                   001B 
    -------------------------------------------------------------------------
DATA16_AN
  Relative segment, address: 001C - 001C (0x1 bytes), align: 0
  Segment part 19. ROOT 
           ENTRY                   ADDRESS         REF BY
           =====                   =======         ======
           P4IN                    001C 
    -------------------------------------------------------------------------
DATA16_AN
  Relative segment, address: 001D - 001D (0x1 bytes), align: 0
  Segment part 20. ROOT       Intra module refs:   halDigioConfig
           ENTRY                   ADDRESS         REF BY
           =====                   =======         ======
           P4OUT                   001D 
    -------------------------------------------------------------------------
DATA16_AN
  Relative segment, address: 001E - 001E (0x1 bytes), align: 0
  Segment part 21. ROOT       Intra module refs:   halDigioConfig
           ENTRY                   ADDRESS         REF BY
           =====                   =======         ======
           P4DIR                   001E 
    -------------------------------------------------------------------------
DATA16_AN
  Relative segment, address: 001F - 001F (0x1 bytes), align: 0
  Segment part 22. ROOT       Intra module refs:   halDigioConfig
           ENTRY                   ADDRESS         REF BY
           =====                   =======         ======
           P4SEL                   001F 
    -------------------------------------------------------------------------
DATA16_AN
  Relative segment, address: 0030 - 0030 (0x1 bytes), align: 0
  Segment part 23. ROOT 
           ENTRY                   ADDRESS         REF BY
           =====                   =======         ======
           P5IN                    0030 
    -------------------------------------------------------------------------
DATA16_AN
  Relative segment, address: 0031 - 0031 (0x1 bytes), align: 0
  Segment part 24. ROOT       Intra module refs:   GPIO_Init
                                                   SortChannel (join)
                                                   halDigioConfig
           ENTRY                   ADDRESS         REF BY
           =====                   =======         ======
           P5OUT                   0031 
    -------------------------------------------------------------------------
DATA16_AN
[...]
  Segment part 1.             Intra module refs:   ?Epilogue8
           ENTRY                   ADDRESS         REF BY
           =====                   =======         ======
           ?Epilogue7              B96E            AD_cal (adc)
                                                   getEuclideanMetric (criteria)
    -------------------------------------------------------------------------
<CODE> 1 (was CODE)
  Relative segment, address: B970 - B971 (0x2 bytes), align: 1
  Segment part 2.             Intra module refs:   ?Epilogue7
           ENTRY                   ADDRESS         REF BY
           =====                   =======         ======
           ?Epilogue6              B970            getCompatness (criteria)
                                                   getMaxDiameter (criteria)
    -------------------------------------------------------------------------
<CODE> 1 (was CODE)
  Relative segment, address: B972 - B973 (0x2 bytes), align: 1
  Segment part 3.             Intra module refs:   ?Epilogue6
           ENTRY                   ADDRESS         REF BY
           =====                   =======         ======
           ?Epilogue5              B972            A7139_SetFreq (A7139)
                                                   PNI_read_data (PNI)
                                                   getOffset (PNI)
                                                   getPerimeter (criteria)
                                                   pow (math)
    -------------------------------------------------------------------------
<CODE> 1 (was CODE)
  Relative segment, address: B974 - B975 (0x2 bytes), align: 1
  Segment part 4.             Intra module refs:   ?Epilogue5
           ENTRY                   ADDRESS         REF BY
           =====                   =======         ======
           ?Epilogue4              B974            DataSend (tdma)
                                                   getVariance (math)
                                                   sqrt_16 (math)
    -------------------------------------------------------------------------
<CODE> 1 (was CODE)
  Relative segment, address: B976 - B97D (0x8 bytes), align: 1
  Segment part 5.             Intra module refs:   ?Epilogue4
           ENTRY                   ADDRESS         REF BY
           =====                   =======         ======
           ?Epilogue3              B976            Scan_Channel (join)
                                                   bubble (join)
                                                   dataCheck (detect)
                                                   getAverage (math)

    -------------------------------------------------------------------------
  LIBRARY MODULE, NAME : ?exit

  SEGMENTS IN THE MODULE
  ======================
<CODE> 1 (was CODE)
  Relative segment, address: BA90 - BA93 (0x4 bytes), align: 1
  Segment part 2.
           ENTRY                   ADDRESS         REF BY
           =====                   =======         ======
           exit                    BA90            Segment part 18 (?cstart)
               calls direct

    -------------------------------------------------------------------------
  LIBRARY MODULE, NAME : ?Mul32fHw

  SEGMENTS IN THE MODULE
  ======================
<CODE> 1 (was CODE)
  Relative segment, address: 8ED8 - 900D (0x136 bytes), align: 1
  Segment part 0.
           ENTRY                   ADDRESS         REF BY
           =====                   =======         ======
           ?Mul32fHw               8ED8            A7139_SetFreq (A7139)

    -------------------------------------------------------------------------
  LIBRARY MODULE, NAME : ?Cast32f32i

  SEGMENTS IN THE MODULE
  ======================
<CODE> 1 (was CODE)
  Relative segment, address: A690 - A70D (0x7e bytes), align: 1
  Segment part 1.
           ENTRY                   ADDRESS         REF BY
           =====                   =======         ======
           _Cast32uto32f           A690            A7139_SetFreq (A7139)

    -------------------------------------------------------------------------
  LIBRARY MODULE, NAME : _Cast32fto32u

  SEGMENTS IN THE MODULE
  ======================
<CODE> 1 (was CODE)
  Relative segment, address: BA08 - BA13 (0xc bytes), align: 1
  Segment part 0.
           ENTRY                   ADDRESS         REF BY
           =====                   =======         ======
           _Cast32fto32u           BA08            A7139_SetFreq (A7139)

    -------------------------------------------------------------------------
  LIBRARY MODULE, NAME : ?FLT_Extract

  SEGMENTS IN THE MODULE
  ======================
<CODE> 1 (was CODE)
  Relative segment, address: B0E0 - B12B (0x4c bytes), align: 1
  Segment part 0.
           ENTRY                   ADDRESS         REF BY
           =====                   =======         ======
           ?FLT_Extract            B0E0            _Cast32fto32u (_Cast32fto32u)

    -------------------------------------------------------------------------
  LIBRARY MODULE, NAME : ?FLT_LT

  SEGMENTS IN THE MODULE
  ======================
<CODE> 1 (was CODE)
  Relative segment, address: B03E - B08F (0x52 bytes), align: 1
  Segment part 0.
           ENTRY                   ADDRESS         REF BY
           =====                   =======         ======
           ?FLT_LT                 B03E            _CmpLt32f (_CmpLt32f)

    -------------------------------------------------------------------------
  LIBRARY MODULE, NAME : _CmpLt32f

  SEGMENTS IN THE MODULE
  ======================
<CODE> 1 (was CODE)
  Relative segment, address: BA36 - BA3F (0xa bytes), align: 1
  Segment part 0.
           ENTRY                   ADDRESS         REF BY
           =====                   =======         ======
           _CmpLt32f               BA36            A7139_SetFreq (A7139)

    -------------------------------------------------------------------------
  LIBRARY MODULE, NAME : _Div32f

  SEGMENTS IN THE MODULE
  ======================
<CODE> 1 (was CODE)
  Relative segment, address: 900E - 913D (0x130 bytes), align: 1
  Segment part 0.
           ENTRY                   ADDRESS         REF BY
           =====                   =======         ======
           _Div32f                 900E            A7139_SetFreq (A7139)

    -------------------------------------------------------------------------
  LIBRARY MODULE, NAME : _Add32f

  SEGMENTS IN THE MODULE
  ======================
<CODE> 1 (was CODE)
  Relative segment, address: 8AD8 - 8ADB (0x4 bytes), align: 1
  Segment part 0.
           ENTRY                   ADDRESS         REF BY
           =====                   =======         ======
           _Sub32f                 8AD8            A7139_SetFreq (A7139)
    -------------------------------------------------------------------------
<CODE> 1 (was CODE)
  Relative segment, address: 8ADC - 8C39 (0x15e bytes), align: 1
  Segment part 1.             Intra module refs:   _Sub32f
           ENTRY                   ADDRESS         REF BY
           =====                   =======         ======
           _Add32f                 8ADC 

    -------------------------------------------------------------------------
  LIBRARY MODULE, NAME : ?DivMod816u

  SEGMENTS IN THE MODULE
  ======================
<CODE> 1 (was CODE)
  Relative segment, address: B8CC - B8CF (0x4 bytes), align: 1
  Segment part 0.
           ENTRY                   ADDRESS         REF BY
           =====                   =======         ======
           ?DivMod8u               B8CC            TestSend (interrupt)
    -------------------------------------------------------------------------
<CODE> 1 (was CODE)
  Relative segment, address: B8D0 - B8E7 (0x18 bytes), align: 1
  Segment part 1.             Intra module refs:   ?DivMod8u
           ENTRY                   ADDRESS         REF BY
           =====                   =======         ======
           ?DivMod16u              B8D0            ?DivMod16s (?DivMod816s)
                                                   CSMABackOff (mac)
                                                   Pop_T (ProcessEvent)
                                                   PostTask (ProcessEvent)
                                                   leaveRecognition (detect)

    -------------------------------------------------------------------------
  LIBRARY MODULE, NAME : ?DivMod816s

  SEGMENTS IN THE MODULE
  ======================
<CODE> 1 (was CODE)
  Relative segment, address: B54A - B579 (0x30 bytes), align: 1
  Segment part 1.
           ENTRY                   ADDRESS         REF BY
           =====                   =======         ======
           ?DivMod16s              B54A            BeaconHandler (mac)
                                                   SendByCSMA (mac)

    -------------------------------------------------------------------------
  LIBRARY MODULE, NAME : ?DivMod32u

  SEGMENTS IN THE MODULE
  ======================
<CODE> 1 (was CODE)
  Relative segment, address: B444 - B47B (0x38 bytes), align: 1
  Segment part 0.
           ENTRY                   ADDRESS         REF BY
           =====                   =======         ======
           ?DivMod32u              B444            DataSend (tdma)
                                                   SendByCSMA (mac)
                                                   getAverage (math)
                                                   getCompatness (criteria)
                                                   getVariance (math)
                                                   parkingStableSet (detect)

    -------------------------------------------------------------------------
  LIBRARY MODULE, NAME : ?ShiftLeft16

  SEGMENTS IN THE MODULE
  ======================
<CODE> 1 (was CODE)
  Relative segment, address: BA14 - BA1F (0xc bytes), align: 1
  Segment part 0.
           ENTRY                   ADDRESS         REF BY
           =====                   =======         ======
           ?ShiftLeft16            BA14            halDigioConfig (digio)

    -------------------------------------------------------------------------
  LIBRARY MODULE, NAME : ?ShiftRight16s_n

  SEGMENTS IN THE MODULE
  ======================
<CODE> 1 (was CODE)
  Relative segment, address: B9EE - B9EF (0x2 bytes), align: 1
  Segment part 1.
           ENTRY                   ADDRESS         REF BY
           =====                   =======         ======
           ?ShiftRight16s_6        B9EE            sqrt_16 (math)
    -------------------------------------------------------------------------
<CODE> 1 (was CODE)
  Relative segment, address: B9F0 - B9F1 (0x2 bytes), align: 1
  Segment part 2.             Intra module refs:   ?ShiftRight16s_6
           ENTRY                   ADDRESS         REF BY
           =====                   =======         ======
           ?ShiftRight16s_5        B9F0 
    -------------------------------------------------------------------------
<CODE> 1 (was CODE)
  Relative segment, address: B9F2 - B9F3 (0x2 bytes), align: 1
  Segment part 3.             Intra module refs:   ?ShiftRight16s_5
           ENTRY                   ADDRESS         REF BY
           =====                   =======         ======
           ?ShiftRight16s_4        B9F2 
    -------------------------------------------------------------------------
<CODE> 1 (was CODE)
  Relative segment, address: B9F4 - B9FB (0x8 bytes), align: 1
  Segment part 4.             Intra module refs:   ?ShiftRight16s_4
           ENTRY                   ADDRESS         REF BY
           =====                   =======         ======
           ?ShiftRight16s_3        B9F4 

    -------------------------------------------------------------------------
  LIBRARY MODULE, NAME : ?memcpy

  SEGMENTS IN THE MODULE
  ======================
<CODE> 1 (was CODE)
  Relative segment, address: B97E - B98F (0x12 bytes), align: 1
  Segment part 2.
           ENTRY                   ADDRESS         REF BY
           =====                   =======         ======
           memcpy                  B97E            __data16_memcpy (?memzero)

    -------------------------------------------------------------------------
  LIBRARY MODULE, NAME : ?CopyMemoryBytes

  SEGMENTS IN THE MODULE
  ======================
<CODE> 1 (was CODE)
  Relative segment, address: B9A2 - B9B1 (0x10 bytes), align: 1
  Segment part 0.
           ENTRY                   ADDRESS         REF BY
           =====                   =======         ======
           ?CopyMemoryBytes        B9A2            Pop_T (ProcessEvent)

    -------------------------------------------------------------------------
  LIBRARY MODULE, NAME : ?memzero

  SEGMENTS IN THE MODULE
  ======================
<CODE> 1 (was CODE)
  Relative segment, address: B990 - B9A1 (0x12 bytes), align: 1
  Segment part 4.
           ENTRY                   ADDRESS         REF BY
           =====                   =======         ======
           __data16_memzero        B990            ?cstart_init_zero (?cstart)
    -------------------------------------------------------------------------
<CODE> 1 (was CODE)
  Relative segment, address: BA8C - BA8F (0x4 bytes), align: 1
  Segment part 3.
           ENTRY                   ADDRESS         REF BY
           =====                   =======         ======
           __data16_memcpy         BA8C            ?cstart_init_copy (?cstart)
               calls direct

    -------------------------------------------------------------------------
  LIBRARY MODULE, NAME : ?Mul32Hw

  SEGMENTS IN THE MODULE
  ======================
<CODE> 1 (was CODE)
  Relative segment, address: B5D8 - B605 (0x2e bytes), align: 1
  Segment part 0.
           ENTRY                   ADDRESS         REF BY
           =====                   =======         ======
           ?Mul32Hw                B5D8            Segment part 13 (?rand)
                                                   pow (math)

    -------------------------------------------------------------------------
  LIBRARY MODULE, NAME : ?rand

  SEGMENTS IN THE MODULE
  ======================
DATA16_Z
  Relative segment, address: 1438 - 1438 (0x1 bytes), align: 0
  Segment part 2.             Intra module refs:   rand
           ENTRY                   ADDRESS         REF BY
           =====                   =======         ======
           _Randinit               1438 
    -------------------------------------------------------------------------
DATA16_Z
  Relative segment, address: 1204 - 1205 (0x2 bytes), align: 1
  Segment part 3.             Intra module refs:   rand
           ENTRY                   ADDRESS         REF BY
           =====                   =======         ======
           __iar_Tls_setup__Randinit
                                   1204 
    -------------------------------------------------------------------------
DATA16_I
  Relative segment, address: 1100 - 1103 (0x4 bytes), align: 1
  Segment part 4.             Intra module refs:   Segment part 12
                                                   rand
           ENTRY                   ADDRESS         REF BY
           =====                   =======         ======
           _Randseed               1100 
    -------------------------------------------------------------------------
DATA16_Z
  Relative segment, address: 1206 - 1207 (0x2 bytes), align: 1
  Segment part 6.             Intra module refs:   rand
           ENTRY                   ADDRESS         REF BY
           =====                   =======         ======
           __iar_Tls_setup__Randseed
                                   1206 
    -------------------------------------------------------------------------
DATA16_Z
  Relative segment, address: 1208 - 120B (0x4 bytes), align: 1
  Segment part 7.             Intra module refs:   rand
    -------------------------------------------------------------------------
DATA16_Z
  Relative segment, address: 120C - 128B (0x80 bytes), align: 1
  Segment part 9.             Intra module refs:   rand
    -------------------------------------------------------------------------
<CODE> 1 (was CODE)
  Relative segment, address: A1A2 - A235 (0x94 bytes), align: 1
  Segment part 11.
           ENTRY                   ADDRESS         REF BY
           =====                   =======         ======
           rand                    A1A2            CSMABackOff (mac)
               calls direct and indirect
    -------------------------------------------------------------------------
<CODE> 1 (was CODE)
  Relative segment, address: B930 - B945 (0x16 bytes), align: 1
  Segment part 12.            Intra module refs:   rand
    -------------------------------------------------------------------------
<CODE> 1 (was CODE)
  Relative segment, address: B91A - B92F (0x16 bytes), align: 1
  Segment part 13.            Intra module refs:   Segment part 12
                                                   rand
    -------------------------------------------------------------------------
DATA16_ID
  Relative segment, address: 80E4 - 80E7 (0x4 bytes), align: 1
  Segment part 5.             Intra module refs:   _Randseed




                ****************************************
                *                                      *
                *      SEGMENTS IN ADDRESS ORDER       *
                *                                      *
                ****************************************


SEGMENT              SPACE    START ADDRESS   END ADDRESS     SIZE  TYPE  ALIGN
=======              =====    =============   ===========     ====  ====  =====
DATA16_AN                              0003 - 0003               1   rel    0
                                       0018 - 002E              17 
                                       0030 - 0037               8 
                                       0056 - 0057               2 
                                       0061 - 0064               4 
                                       0067 - 0067               1 
                                       0080 - 0080               1 
                                       0120 - 0121               2 
                                       0128 - 012D               6 
                                       0140 - 0141               2 
                                       0160 - 0163               4 
                                       0170 - 0173               4 
                                       0180 - 0183               4 
                                       0192 - 0193               2 
                                       01A0 - 01A3               4 
                                       10F8 - 10F9               2 
DATA16_I                               1100 - 1104               5   rel    1
DATA16_Z                               1106 - 1438             333   rel    1
CSTACK                                 20B0 - 20FF              50   rel    1
DATA16_C                               8000 - 80E2              E3   rel    1
DATA16_ID                              80E4 - 80E8               5   rel    1
CSTART                                 80EA - 8111              28   rel    1
<CODE> 1                               8112 - BAA9            3998   rel    1
INTVEC                                 FFC0 - FFFB              3C   com    1
RESET                                  FFFE - FFFF               2   rel    1

                ****************************************
                *                                      *
                *        END OF CROSS REFERENCE        *
                *                                      *
                ****************************************

 14 846 bytes of CODE  memory
    904 bytes of DATA  memory (+ 70 absolute )
    232 bytes of CONST memory

Errors: none
Warnings: none

