<html>
<body>
<pre>
<h1>µVision Build Log</h1>
<h2>Project:</h2>
F:\Graduate\Git_program\LiveWatch\user\SPI.uvproj
Project File Date:  08/17/2015

<h2>Output:</h2>
Build target 'Target 1'
compiling led.c...
compiling key.c...
compiling spi.c...
compiling A7139.c...
..\hardware\A7139\A7139.c(98): warning:  #177-D: variable "i" was declared but never referenced
        int i=0;        
..\hardware\A7139\A7139.c: 1 warning, 0 errors
compiling A7139_CONFIG.c...
compiling interrupt.c...
..\hardware\interrupt\interrupt.c(87): warning:  #177-D: variable "rssi" was declared but never referenced
                uint8 rssi = 0;  
..\hardware\interrupt\interrupt.c: 1 warning, 0 errors
compiling sys.c...
compiling main.c...
main.c(6): warning:  #177-D: variable "test" was declared but never referenced
          uint8 test[64],i;
main.c(6): warning:  #177-D: variable "i" was declared but never referenced
          uint8 test[64],i;
main.c: 2 warnings, 0 errors
compiling beacon.c...
compiling ProcessEvent.c...
compiling join.c...
linking...
Program Size: Code=16158 RO-data=410 RW-data=92 ZI-data=1772  
FromELF: creating hex file...
"..\OBJ\SPI.axf" - 0 Error(s), 4 Warning(s).
</pre>
</body>
</html>
