<html>
<body>
<pre>
<h1>µVision Build Log</h1>
<h2>Project:</h2>
F:\Graduate\Git_program\STM32sniffer-v2.1\user\SPI.uvproj
Project File Date:  08/17/2015

<h2>Output:</h2>
Build target 'Target 1'
compiling stm32f10x_it.c...
compiling system_stm32f10x.c...
compiling timer.c...
compiling led.c...
compiling key.c...
compiling spi.c...
compiling A7139.c...
..\hardware\A7139\A7139.c(98): warning:  #177-D: variable "i" was declared but never referenced
        int i=0;        
..\hardware\A7139\A7139.c: 1 warning, 0 errors
compiling A7139_CONFIG.c...
compiling interrupt.c...
..\hardware\interrupt\interrupt.c(91): warning:  #223-D: function "A7139_GetRSSI" declared implicitly
                rssi = A7139_GetRSSI();
..\hardware\interrupt\interrupt.c: 1 warning, 0 errors
compiling delay.c...
compiling sys.c...
compiling usart.c...
compiling stm32f10x_exti.c...
compiling core_cm3.c...
assembling startup_stm32f10x_hd.s...
compiling misc.c...
compiling stm32f10x_fsmc.c...
compiling stm32f10x_gpio.c...
compiling stm32f10x_rcc.c...
compiling stm32f10x_tim.c...
compiling stm32f10x_usart.c...
compiling stm32f10x_spi.c...
compiling main.c...
main.c(6): warning:  #177-D: variable "test" was declared but never referenced
          uint8 test[64],i;
main.c(6): warning:  #177-D: variable "i" was declared but never referenced
          uint8 test[64],i;
main.c: 2 warnings, 0 errors
compiling beacon.c...
compiling ProcessEvent.c...
compiling join.c...
linking...
Program Size: Code=15786 RO-data=410 RW-data=92 ZI-data=1668  
FromELF: creating hex file...
"..\OBJ\SPI.axf" - 0 Error(s), 4 Warning(s).
Load "..\\OBJ\\SPI.axf" 
Set JLink Project File to "F:\Graduate\Git_program\STM32sniffer-v2.1\user\JLinkSettings.ini"
* JLink Info: Device "STM32F103VC" selected (256 KB flash, 48 KB RAM).
 
JLink info:
------------
DLL: V4.80g, compiled Feb 13 2014 20:50:02
Firmware: J-Link ARM V8 compiled Nov 25 2013 19:20:08
Hardware: V8.00
S/N : 286370559 
Feature(s) : RDI,FlashDL,FlashBP,JFlash 
 
* JLink Info: Found SWD-DP with ID 0x1BA01477
* JLink Info: Found SWD-DP with ID 0x1BA01477
* JLink Info: Found Cortex-M3 r1p1, Little endian.
* JLink Info: FPUnit: 6 code (BP) slots and 2 literal slots
* JLink Info: TPIU fitted.
* JLink Info: ETM fitted.
ROMTableAddr = 0xE00FF003
 
Target info:
------------
Device: STM32F103VC
VTarget = 3.293V
State of Pins: 
TCK: 0, TDI: 1, TDO: 1, TMS: 1, TRES: 1, TRST: 1
Hardware-Breakpoints: 6
Software-Breakpoints: 8192
Watchpoints:          4
JTAG speed: 4000 kHz
 
Full Chip Erase Done.
Programming Done.
Verify OK.
Application running ...
</pre>
</body>
</html>
