<html>
<body>
<pre>
<h1>µVision Build Log</h1>
<h2>Project:</h2>
F:\Graduate\Git_program\STM32-v4.0.0\user\SPI.uvproj
Project File Date:  11/14/2015

<h2>Output:</h2>
Build target 'Target 1'
compiling led.c...
compiling key.c...
compiling spi.c...
compiling A7139.c...
compiling A7139_CONFIG.c...
compiling interrupt.c...
compiling flash.c...
compiling sys.c...
compiling usart.c...
compiling main.c...
compiling beacon.c...
compiling ProcessEvent.c...
compiling join.c...
compiling device.c...
compiling tdma.c...
..\Schdule\tdma.c(54): warning:  #177-D: variable "i" was declared but never referenced
                uint8 i = 0;
..\Schdule\tdma.c(55): warning:  #177-D: variable "acklost_count" was declared but never referenced
                uint16 acklost_count = 0;
..\Schdule\tdma.c: 2 warnings, 0 errors
compiling upload.c...
linking...
Program Size: Code=20178 RO-data=410 RW-data=148 ZI-data=6244  
FromELF: creating hex file...
After Build - User command #1: fromelf.exe --bin -o ../obj/SPI.bin ../obj/SPI.axf
"..\OBJ\SPI.axf" - 0 Error(s), 2 Warning(s).
Load "..\\OBJ\\SPI.axf" 
Set JLink Project File to "F:\Graduate\Git_program\STM32-v4.0.0\user\JLinkSettings.ini"
* JLink Info: Device "STM32F103VC" selected (256 KB flash, 48 KB RAM).
 
JLink info:
------------
DLL: V4.80g, compiled Feb 13 2014 20:50:02
Firmware: J-Link ARM-OB STM32 compiled Aug 22 2012 19:52:04
Hardware: V7.00
S/N : 20150616 
Feature(s) : RDI,FlashDL,FlashBP,JFlash,GDBFull 
 
* JLink Info: Found SWD-DP with ID 0x1BA01477
* JLink Info: Found SWD-DP with ID 0x1BA01477
* JLink Info: Found Cortex-M3 r1p1, Little endian.
* JLink Info: FPUnit: 6 code (BP) slots and 2 literal slots
* JLink Info: TPIU fitted.
ROMTableAddr = 0xE00FF003
 
Target info:
------------
Device: STM32F103VC
VTarget = 3.300V
State of Pins: 
TCK: 0, TDI: 0, TDO: 1, TMS: 0, TRES: 1, TRST: 1
Hardware-Breakpoints: 6
Software-Breakpoints: 8192
Watchpoints:          4
JTAG speed: 4000 kHz
 
Full Chip Erase Done.
Programming Done.
Verify OK.
Application running ...
</pre>
</body>
</html>
ashDL,FlashBP,JFlash,GDBFull 
 
* JLink Info: Found SWD-DP with ID 0x1BA01477
* JLink Info: Found SWD-DP with ID 0x1BA01477
* JLink Info: Found Cortex-M3 r1p1, Little endian.
* JLink Info: FPUnit: 6 code (BP) slots and 2 literal slots
* JLink Info: TPIU fitted.
ROMTableAddr = 0xE00FF003
 
Target info:
------------
Device: STM32F103VC
VTarget = 3.300V
State of Pins: 
TCK: 0, TDI: 0, TDO: 1, TMS: 0, TRES: 1, TRST: 1
Hardware-Breakpoints: 6
Software-Breakpoints: 8192
Watchpoints:          4
JTAG speed: 4000 kHz
 
Full Chip Erase Done.
Programming Done.
Verify OK.
Application running ...
