################################################################################
#                                                                              #
#      IAR Universal Linker V6.2.0.62                                          #
#                                                                              #
#           Link time     =  17/Aug/2015  16:20:03                             #
#           Target CPU    =  MSP430                                            #
#           List file     =  F:\Graduate\Git_program\MSP430F247-v2.0\Net\Debug #
#                            \List\net.map                                     #
#           Output file 1 =  F:\Graduate\Git_program\MSP430F247-v2.0\Net\Debug #
#                            \Exe\net.d43                                      #
#                            Format: ubrof10                                   #
#                            UBROF version 10.0.6                              #
#                            Using library modules for C-SPY (-rt)             #
#           Command line  =  F:\Graduate\Git_program\MSP430F247-v2.0\Net\Debug #
#                            \Obj\A7139.r43                                    #
#                            F:\Graduate\Git_program\MSP430F247-v2.0\Net\Debug #
#                            \Obj\A7139_CONFIG.r43                             #
#                            F:\Graduate\Git_program\MSP430F247-v2.0\Net\Debug #
#                            \Obj\adc.r43                                      #
#                            F:\Graduate\Git_program\MSP430F247-v2.0\Net\Debug #
#                            \Obj\board.r43                                    #
#                            F:\Graduate\Git_program\MSP430F247-v2.0\Net\Debug #
#                            \Obj\delay.r43                                    #
#                            F:\Graduate\Git_program\MSP430F247-v2.0\Net\Debug #
#                            \Obj\detect.r43                                   #
#                            F:\Graduate\Git_program\MSP430F247-v2.0\Net\Debug #
#                            \Obj\digio.r43                                    #
#                            F:\Graduate\Git_program\MSP430F247-v2.0\Net\Debug #
#                            \Obj\flash.r43                                    #
#                            F:\Graduate\Git_program\MSP430F247-v2.0\Net\Debug #
#                            \Obj\int.r43                                      #
#                            F:\Graduate\Git_program\MSP430F247-v2.0\Net\Debug #
#                            \Obj\interrupt.r43                                #
#                            F:\Graduate\Git_program\MSP430F247-v2.0\Net\Debug #
#                            \Obj\join.r43                                     #
#                            F:\Graduate\Git_program\MSP430F247-v2.0\Net\Debug #
#                            \Obj\led.r43                                      #
#                            F:\Graduate\Git_program\MSP430F247-v2.0\Net\Debug #
#                            \Obj\mac.r43                                      #
#                            F:\Graduate\Git_program\MSP430F247-v2.0\Net\Debug #
#                            \Obj\main.r43                                     #
#                            F:\Graduate\Git_program\MSP430F247-v2.0\Net\Debug #
#                            \Obj\mcu.r43                                      #
#                            F:\Graduate\Git_program\MSP430F247-v2.0\Net\Debug #
#                            \Obj\ProcessEvent.r43                             #
#                            F:\Graduate\Git_program\MSP430F247-v2.0\Net\Debug #
#                            \Obj\spi.r43                                      #
#                            F:\Graduate\Git_program\MSP430F247-v2.0\Net\Debug #
#                            \Obj\sys.r43                                      #
#                            F:\Graduate\Git_program\MSP430F247-v2.0\Net\Debug #
#                            \Obj\tdma.r43                                     #
#                            F:\Graduate\Git_program\MSP430F247-v2.0\Net\Debug #
#                            \Obj\timer.r43                                    #
#                            F:\Graduate\Git_program\MSP430F247-v2.0\Net\Debug #
#                            \Obj\uart.r43                                     #
#                            -o                                                #
#                            F:\Graduate\Git_program\MSP430F247-v2.0\Net\Debug #
#                            \Exe\net.d43                                      #
#                            -l                                                #
#                            F:\Graduate\Git_program\MSP430F247-v2.0\Net\Debug #
#                            \List\net.map                                     #
#                            -xms                                              #
#                            "-IE:\Program Files (x86)\IAR Systems\Embedded Wo #
#                            rkbench MSP430 7.2\430\LIB\"                      #
#                            -f                                                #
#                            "E:\Program Files (x86)\IAR Systems\Embedded Work #
#                            bench MSP430 7.2\430\config\linker\lnk430f247.xcl #
#                            "                                                 #
#                            (-cmsp430 -QCODE_I=CODE_ID -QTLS16_I=TLS16_ID     #
#                            -D__iar_HWMUL=130 -Z(CONST)INFO=1000-10FF         #
#                            -Z(CONST)INFOA=10C0-10FF                          #
#                            -Z(CONST)INFOB=1080-10BF                          #
#                            -Z(CONST)INFOC=1040-107F                          #
#                            -Z(CONST)INFOD=1000-103F                          #
#                            -Z(DATA)DATA16_I,DATA16_Z,DATA16_N,TLS16_I=1100-2 #
#                            0FF                                               #
#                            -Z(DATA)DATA16_HEAP+_DATA16_HEAP_SIZE             #
#                            -Z(DATA)CODE_I -Z(DATA)CSTACK+_STACK_SIZE#        #
#                            -Z(CONST)DATA16_C,DATA16_ID,TLS16_ID,DIFUNCT,CHEC #
#                            KSUM=8000-FFBF                                    #
#                            -Z(CODE)CSTART,ISR_CODE,CODE_ID=8000-FFBF         #
#                            -P(CODE)CODE=8000-FFBF -Z(CODE)INTVEC=FFC0-FFFF   #
#                            -Z(CODE)RESET=FFFE-FFFF) -f                       #
#                            "E:\Program Files (x86)\IAR Systems\Embedded Work #
#                            bench MSP430 7.2\430\config\linker\multiplier.xcl #
#                            "                                                 #
#                            (-e?Mul8Hw=?Mul8 -e?Mul16Hw=?Mul16                #
#                            -e?Mul16to32uHw=?Mul16to32u                       #
#                            -e?Mul16to32sHw=?Mul16to32s -e?Mul32Hw=?Mul32     #
#                            -e_Mul64iHw=_Mul64i                               #
#                            -e_Mul32u32uto64iHw=_Mul32u32uto64i               #
#                            -e?Mul32fHw=_Mul32f -e_Mul64fHwPtr=_Mul64fPtr)    #
#                            -D_STACK_SIZE=50 -rt                              #
#                            "E:\Program Files (x86)\IAR Systems\Embedded Work #
#                            bench MSP430 7.2\430\lib\dlib\dl430fn.r43"        #
#                            -D_DATA16_HEAP_SIZE=50 -s __program_start         #
#                            -D_DATA20_HEAP_SIZE=50                            #
#                                                                              #
#                           Copyright (C) 1987-2015 IAR Systems AB.            #
################################################################################





                ****************************************
                *                                      *
                *           CROSS REFERENCE            *
                *                                      *
                ****************************************

       Program entry at :           80D8  Relocatable, from module : ?cstart




                ****************************************
                *                                      *
                *            RUNTIME MODEL             *
                *                                      *
                ****************************************

  __Heap_Handler             = Basic
  __SystemLibrary            = DLib
  __core                     = 430
  __dlib_file_descriptor     = 0
  __dlib_full_locale_support = 0
  __double_size              = 32
  __pic                      = no
  __reg_r4                   = free
  __reg_r5                   = free
  __rt_version               = 3

                ****************************************
                *                                      *
                *    AUTOMATIC SYMBOL REDIRECTIONS     *
                *                                      *
                ****************************************

                  There are no automatic symbol redirections.



                ****************************************
                *                                      *
                *              MODULE MAP              *
                *                                      *
                ****************************************


  DEFINED ABSOLUTE ENTRIES
    *************************************************************************

  DEFINED ABSOLUTE ENTRIES
  PROGRAM MODULE, NAME : ?ABS_ENTRY_MOD

Absolute parts
           ENTRY                   ADDRESS         REF BY
           =====                   =======         ======
           _DATA20_HEAP_SIZE       0050 
           _DATA16_HEAP_SIZE       0050 
           _STACK_SIZE             0050 
           __iar_HWMUL             0130            ?Mul32Hw (?Mul32Hw)
                                                   ?Mul32fHw (?Mul32fHw)
                                                   CSMABackOff (mac)
                                                   DataSend (tdma)
                                                   SendByCSMA (mac)
    *************************************************************************

  FILE NAME : F:\Graduate\Git_program\MSP430F247-v2.0\Net\Debug\Obj\A7139.r43
  PROGRAM MODULE, NAME : A7139

  SEGMENTS IN THE MODULE
  ======================
DATA16_AN
  Relative segment, address: 0020 - 0020 (0x1 bytes), align: 0
  Segment part 1. ROOT        Intra module refs:   RecvDataACK (tdma)
                                                   SPIx_ReadByte (spi)
                                                   SPIx_ReadWord (spi)
                                                   Scan_Channel (join)
                                                   SendPack
           ENTRY                   ADDRESS         REF BY
           =====                   =======         ======
           P1IN                    0020 
    -------------------------------------------------------------------------
DATA16_AN
  Relative segment, address: 0021 - 0021 (0x1 bytes), align: 0
  Segment part 2. ROOT        Intra module refs:   A7139_Init
                                                   A7139_ReadFIFO
                                                   A7139_ReadReg
                                                   A7139_SetCID
                                                   A7139_StrobeCmd
                                                   A7139_WriteFIFO
                                                   A7139_WriteReg
                                                   SPI3_Init (spi)
                                                   SPIx_ReadByte (spi)
                                                   SPIx_ReadWord (spi)
                                                   SPIx_WriteByte (spi)
                                                   SPIx_WriteWord (spi)
                                                   halDigioConfig (digio)
           ENTRY                   ADDRESS         REF BY
           =====                   =======         ======
           P1OUT                   0021 
    -------------------------------------------------------------------------
DATA16_AN
  Relative segment, address: 0019 - 0019 (0x1 bytes), align: 0
  Segment part 3. ROOT        Intra module refs:   A7139_WakeToRecv
                                                   BeaconHandler (mac)
                                                   CSMADataResend (tdma)
                                                   DataSend (tdma)
                                                   Timer_A (interrupt)
                                                   halDigioConfig (digio)
           ENTRY                   ADDRESS         REF BY
           =====                   =======         ======
           P3OUT                   0019 
    -------------------------------------------------------------------------
DATA16_AN
  Relative segment, address: 0120 - 0121 (0x2 bytes), align: 0
  Segment part 4. ROOT        Intra module refs:   Err_State
                                                   Process_Event (ProcessEvent)
                                                   Timer_A (interrupt)
                                                   Timer_A0 (interrupt)
                                                   halMcuInit (mcu)
                                                   time_init (timer)
           ENTRY                   ADDRESS         REF BY
           =====                   =======         ======
           WDTCTL                  0120 
    -------------------------------------------------------------------------
DATA16_Z
  Relative segment, address: 1108 - 1109 (0x2 bytes), align: 1
  Segment part 6.             Intra module refs:   Err_State
           ENTRY                   ADDRESS         REF BY
           =====                   =======         ======
           A7139_init_err_count    1108 
    -------------------------------------------------------------------------
<CODE> 1 (was CODE)
  Relative segment, address: 9E90 - 9EB1 (0x22 bytes), align: 1
  Segment part 42.            Intra module refs:   A7139_Cal
                                                   A7139_Config
                                                   A7139_GetRSSI
                                                   A7139_ReadPageA
                                                   A7139_SetFreq
                                                   A7139_WritePageA
                                                   A7139_WritePageB
           LOCAL                   ADDRESS         
           =====                   =======         
           A7139_WriteReg          9E90 
               calls direct
    -------------------------------------------------------------------------
<CODE> 1 (was CODE)
  Relative segment, address: 9E00 - 9E25 (0x26 bytes), align: 1
  Segment part 41.            Intra module refs:   A7139_Cal
                                                   A7139_Config
                                                   A7139_GetRSSI
                                                   A7139_ReadPageA
           LOCAL                   ADDRESS         
           =====                   =======         
           A7139_ReadReg           9E00 
               calls direct
    -------------------------------------------------------------------------
<CODE> 1 (was CODE)
  Relative segment, address: 9C36 - 9C61 (0x2c bytes), align: 1
  Segment part 40.            Intra module refs:   A7139_Cal
                                                   A7139_Config
                                                   A7139_SetPackLen
           LOCAL                   ADDRESS         
           =====                   =======         
           A7139_WritePageA        9C36 
               calls direct
    -------------------------------------------------------------------------
<CODE> 1 (was CODE)
  Relative segment, address: 9BDA - 9C07 (0x2e bytes), align: 1
  Segment part 39.            Intra module refs:   A7139_Config
                                                   A7139_SetFreq
           LOCAL                   ADDRESS         
           =====                   =======         
           A7139_WritePageB        9BDA 
               calls direct
    -------------------------------------------------------------------------
<CODE> 1 (was CODE)
  Relative segment, address: 9D3C - 9D63 (0x28 bytes), align: 1
  Segment part 38.            Intra module refs:   A7139_Cal
           LOCAL                   ADDRESS         
           =====                   =======         
           A7139_ReadPageA         9D3C 
               calls direct
    -------------------------------------------------------------------------
DATA16_Z
  Relative segment, address: 110A - 110B (0x2 bytes), align: 1
  Segment part 7.             Intra module refs:   A7139_Config
           ENTRY                   ADDRESS         REF BY
           =====                   =======         ======
           look                    110A 
    -------------------------------------------------------------------------
<CODE> 1 (was CODE)
  Relative segment, address: 8F7A - 9005 (0x8c bytes), align: 1
  Segment part 37.            Intra module refs:   A7139_Init
           LOCAL                   ADDRESS         
           =====                   =======         
           A7139_Config            8F7A 
               calls direct
    -------------------------------------------------------------------------
<CODE> 1 (was CODE)
  Relative segment, address: 9DB4 - 9DD9 (0x26 bytes), align: 1
  Segment part 36.            Intra module refs:   A7139_Cal
                                                   A7139_Config
           ENTRY                   ADDRESS         REF BY
           =====                   =======         ======
           Err_State               9DB4 
               calls direct
    -------------------------------------------------------------------------
<CODE> 1 (was CODE)
  Relative segment, address: 85BC - 86AB (0xf0 bytes), align: 1
  Segment part 35.            Intra module refs:   A7139_Init
           ENTRY                   ADDRESS         REF BY
           =====                   =======         ======
           A7139_Cal               85BC            ChannelSelection (join)
                                                   Scan_Channel (join)
               calls direct
    -------------------------------------------------------------------------
<CODE> 1 (was CODE)
  Relative segment, address: 878C - 8865 (0xda bytes), align: 1
  Segment part 34.            Intra module refs:   A7139_Init
           ENTRY                   ADDRESS         REF BY
           =====                   =======         ======
           A7139_SetFreq           878C            ChannelSelection (join)
                                                   Scan_Channel (join)
               calls direct
    -------------------------------------------------------------------------
<CODE> 1 (was CODE)
  Relative segment, address: A00A - A017 (0xe bytes), align: 1
  Segment part 32.            Intra module refs:   A7139_DeepSleep
                                                   A7139_Deep_Wake
                                                   A7139_GetRSSI
                                                   A7139_Init
                                                   A7139_ReadFIFO
                                                   A7139_Reset
                                                   A7139_SetFreq
                                                   A7139_SetPackLen
                                                   A7139_Sleep
                                                   A7139_Wake
                                                   A7139_WriteFIFO
                                                   RXMode
                                                   SendPack
           ENTRY                   ADDRESS         REF BY
           =====                   =======         ======
           A7139_StrobeCmd         A00A            SortChannel (join)
                                                   port1_ISR (interrupt)
               calls direct
    -------------------------------------------------------------------------
<CODE> 1 (was CODE)
  Relative segment, address: 929E - 931B (0x7e bytes), align: 1
  Segment part 31.            Intra module refs:   A7139_Deep_Wake
           ENTRY                   ADDRESS         REF BY
           =====                   =======         ======
           A7139_Init              929E            SortChannel (join)
                                                   halBoardInit (board)
               calls direct
    -------------------------------------------------------------------------
<CODE> 1 (was CODE)
  Relative segment, address: 9624 - 967D (0x5a bytes), align: 1
  Segment part 30.            Intra module refs:   A7139_Init
           ENTRY                   ADDRESS         REF BY
           =====                   =======         ======
           A7139_SetCID            9624 
               calls direct
    -------------------------------------------------------------------------
<CODE> 1 (was CODE)
  Relative segment, address: 9A9E - 9AD5 (0x38 bytes), align: 1
  Segment part 27.            Intra module refs:   A7139_Config
           ENTRY                   ADDRESS         REF BY
           =====                   =======         ======
           A7139_SetPackLen        9A9E 
               calls direct
    -------------------------------------------------------------------------
<CODE> 1 (was CODE)
  Relative segment, address: 95C6 - 9623 (0x5e bytes), align: 1
  Segment part 25.            Intra module refs:   SendPack
           ENTRY                   ADDRESS         REF BY
           =====                   =======         ======
           A7139_WriteFIFO         95C6 
               calls direct
    -------------------------------------------------------------------------
<CODE> 1 (was CODE)
  Relative segment, address: 989A - 98DF (0x46 bytes), align: 1
  Segment part 24.
           ENTRY                   ADDRESS         REF BY
           =====                   =======         ======
           A7139_ReadFIFO          989A            RecvDataACK (tdma)
                                                   Scan_Channel (join)
                                                   port1_ISR (interrupt)
               calls direct
    -------------------------------------------------------------------------
<CODE> 1 (was CODE)
  Relative segment, address: 8DA8 - 8E45 (0x9e bytes), align: 1
  Segment part 22.
           ENTRY                   ADDRESS         REF BY
           =====                   =======         ======
           A7139_GetRSSI           8DA8            Scan_Channel (join)
                                                   SendByCSMA (mac)
               calls direct
    -------------------------------------------------------------------------
<CODE> 1 (was CODE)
  Relative segment, address: A0AE - A0AF (0x2 bytes), align: 1
  Segment part 18.            Intra module refs:   A7139_Init
           ENTRY                   ADDRESS         REF BY
           =====                   =======         ======
           Correct_State           A0AE 
    -------------------------------------------------------------------------
<CODE> 1 (was CODE)
  Relative segment, address: 9C8E - 9CB9 (0x2c bytes), align: 1
  Segment part 15.            Intra module refs:   A7139_Deep_Wake
                                                   A7139_WakeToRecv
           ENTRY                   ADDRESS         REF BY
           =====                   =======         ======
           RXMode                  9C8E            ChannelSelection (join)
                                                   DataSend (tdma)
                                                   Interrupt_Init (interrupt)
                                                   JoinRequestACKHandler (join)
                                                   RecvDataACK (tdma)
                                                   Scan_Channel (join)
                                                   SendByCSMA (mac)
                                                   SortChannel (join)
               calls direct
    -------------------------------------------------------------------------
<CODE> 1 (was CODE)
  Relative segment, address: 97BC - 9807 (0x4c bytes), align: 1
  Segment part 14.
           ENTRY                   ADDRESS         REF BY
           =====                   =======         ======
           SendPack                97BC            DataSend (tdma)
                                                   JoinRequestACKHandler (join)
                                                   SendByCSMA (mac)
               calls direct
    -------------------------------------------------------------------------
<CODE> 1 (was CODE)
  Relative segment, address: A070 - A077 (0x8 bytes), align: 1
  Segment part 13.
           ENTRY                   ADDRESS         REF BY
           =====                   =======         ======
           A7139_Sleep             A070            BeaconHandler (mac)
                                                   CSMADataResend (tdma)
                                                   DataSend (tdma)
               calls direct
    -------------------------------------------------------------------------
<CODE> 1 (was CODE)
  Relative segment, address: A088 - A08F (0x8 bytes), align: 1
  Segment part 12.
           ENTRY                   ADDRESS         REF BY
           =====                   =======         ======
           A7139_DeepSleep         A088            DataSend (tdma)
                                                   JoinRequestACKHandler (join)
                                                   SortChannel (join)
               calls direct
    -------------------------------------------------------------------------
<CODE> 1 (was CODE)
  Relative segment, address: 9DDA - 9DFF (0x26 bytes), align: 1
  Segment part 11.            Intra module refs:   A7139_WakeToRecv
           ENTRY                   ADDRESS         REF BY
           =====                   =======         ======
           A7139_Wake              9DDA            DataSend (tdma)
               calls direct
    -------------------------------------------------------------------------
<CODE> 1 (was CODE)
  Relative segment, address: 9FEA - 9FF9 (0x10 bytes), align: 1
  Segment part 10.
           ENTRY                   ADDRESS         REF BY
           =====                   =======         ======
           A7139_WakeToRecv        9FEA            Process_Event (ProcessEvent)
               calls direct
    -------------------------------------------------------------------------
<CODE> 1 (was CODE)
  Relative segment, address: 9E4C - 9E6D (0x22 bytes), align: 1
  Segment part 9.
           ENTRY                   ADDRESS         REF BY
           =====                   =======         ======
           A7139_Deep_Wake         9E4C            IdentifyCar (detect)
                                                   Timer_A0 (interrupt)
               calls direct
    -------------------------------------------------------------------------
<CODE> 1 (was CODE)
  Relative segment, address: 99EC - 9A29 (0x3e bytes), align: 1
  Segment part 8.
           ENTRY                   ADDRESS         REF BY
           =====                   =======         ======
           A7139_Reset             99EC            Process_Event (ProcessEvent)
                                                   Timer_A0 (interrupt)
               calls direct

    *************************************************************************

  FILE NAME : F:\Graduate\Git_program\MSP430F247-v2.0\Net\Debug\Obj\A7139_CONFIG.r43
  PROGRAM MODULE, NAME : A7139_CONFIG

  SEGMENTS IN THE MODULE
  ======================
DATA16_C
  Relative segment, address: 8000 - 801F (0x20 bytes), align: 1
  Segment part 2.
           ENTRY                   ADDRESS         REF BY
           =====                   =======         ======
           A7139Config             8000            A7139_Cal (A7139)
                                                   A7139_Config (A7139)
                                                   A7139_GetRSSI (A7139)
                                                   A7139_ReadPageA (A7139)
                                                   A7139_SetFreq (A7139)
                                                   A7139_WritePageA (A7139)
                                                   A7139_WritePageB (A7139)
    -------------------------------------------------------------------------
DATA16_C
  Relative segment, address: 8020 - 803F (0x20 bytes), align: 1
  Segment part 3.
           ENTRY                   ADDRESS         REF BY
           =====                   =======         ======
           A7139Config_PageA       8020            A7139_Cal (A7139)
                                                   A7139_Config (A7139)
                                                   A7139_SetPackLen (A7139)
    -------------------------------------------------------------------------
DATA16_C
  Relative segment, address: 8040 - 8049 (0xa bytes), align: 1
  Segment part 4.
           ENTRY                   ADDRESS         REF BY
           =====                   =======         ======
           A7139Config_PageB       8040            A7139_Config (A7139)

    *************************************************************************

  FILE NAME : F:\Graduate\Git_program\MSP430F247-v2.0\Net\Debug\Obj\adc.r43
  PROGRAM MODULE, NAME : adc

  SEGMENTS IN THE MODULE
  ======================
DATA16_AN
  Relative segment, address: 01A0 - 01A1 (0x2 bytes), align: 0
  Segment part 1. ROOT        Intra module refs:   SampleChannel
           ENTRY                   ADDRESS         REF BY
           =====                   =======         ======
           ADC12CTL0               01A0 
    -------------------------------------------------------------------------
DATA16_AN
  Relative segment, address: 01A2 - 01A3 (0x2 bytes), align: 0
  Segment part 2. ROOT        Intra module refs:   SampleChannel
           ENTRY                   ADDRESS         REF BY
           =====                   =======         ======
           ADC12CTL1               01A2 
    -------------------------------------------------------------------------
DATA16_AN
  Relative segment, address: 01A4 - 01A5 (0x2 bytes), align: 0
  Segment part 3. ROOT        Intra module refs:   SampleChannel
           ENTRY                   ADDRESS         REF BY
           =====                   =======         ======
           ADC12IFG                01A4 
    -------------------------------------------------------------------------
DATA16_AN
  Relative segment, address: 0140 - 0141 (0x2 bytes), align: 0
  Segment part 4. ROOT        Intra module refs:   SampleChannel
           ENTRY                   ADDRESS         REF BY
           =====                   =======         ======
           ADC12MEM0               0140 
    -------------------------------------------------------------------------
DATA16_AN
  Relative segment, address: 0142 - 0143 (0x2 bytes), align: 0
  Segment part 5. ROOT        Intra module refs:   SampleChannel
           ENTRY                   ADDRESS         REF BY
           =====                   =======         ======
           ADC12MEM1               0142 
    -------------------------------------------------------------------------
DATA16_AN
  Relative segment, address: 0080 - 0080 (0x1 bytes), align: 0
  Segment part 6. ROOT        Intra module refs:   SampleChannel
           ENTRY                   ADDRESS         REF BY
           =====                   =======         ======
           ADC12MCTL0              0080 
    -------------------------------------------------------------------------
DATA16_AN
  Relative segment, address: 0081 - 0081 (0x1 bytes), align: 0
  Segment part 7. ROOT        Intra module refs:   SampleChannel
           ENTRY                   ADDRESS         REF BY
           =====                   =======         ======
           ADC12MCTL1              0081 
    -------------------------------------------------------------------------
DATA16_AN
  Relative segment, address: 0035 - 0035 (0x1 bytes), align: 0
  Segment part 8. ROOT        Intra module refs:   SampleChannel
                                                   halDigioConfig (digio)
           ENTRY                   ADDRESS         REF BY
           =====                   =======         ======
           P6OUT                   0035 
    -------------------------------------------------------------------------
DATA16_AN
  Relative segment, address: 0036 - 0036 (0x1 bytes), align: 0
  Segment part 9. ROOT        Intra module refs:   SampleChannel
                                                   halDigioConfig (digio)
           ENTRY                   ADDRESS         REF BY
           =====                   =======         ======
           P6DIR                   0036 
    -------------------------------------------------------------------------
DATA16_AN
  Relative segment, address: 0037 - 0037 (0x1 bytes), align: 0
  Segment part 10. ROOT       Intra module refs:   SampleChannel
                                                   halDigioConfig (digio)
           ENTRY                   ADDRESS         REF BY
           =====                   =======         ======
           P6SEL                   0037 
    -------------------------------------------------------------------------
<CODE> 1 (was CODE)
  Relative segment, address: 9416 - 9489 (0x74 bytes), align: 1
  Segment part 15.            Intra module refs:   AD_cal
           ENTRY                   ADDRESS         REF BY
           =====                   =======         ======
           SampleChannel           9416            CollectData (detect)
                                                   Process_Event (ProcessEvent)
               calls direct
    -------------------------------------------------------------------------
<CODE> 1 (was CODE)
  Relative segment, address: A078 - A07F (0x8 bytes), align: 1
  Segment part 14.            Intra module refs:   ADC12_ISR::??INTVEC 42
           ENTRY                   ADDRESS         REF BY
           =====                   =======         ======
           ADC12_ISR               A078 
               interrupt function
    -------------------------------------------------------------------------
<CODE> 1 (was CODE)
  Relative segment, address: 8AD2 - 8B95 (0xc4 bytes), align: 1
  Segment part 13.
           ENTRY                   ADDRESS         REF BY
           =====                   =======         ======
           AD_cal                  8AD2            halBoardInit (board)
               calls direct
    -------------------------------------------------------------------------
INTVEC
  Common segment, address: FFC0 - FFEB (0x2c bytes), align: 1
  Segment part 11. ROOT 
           ENTRY                   ADDRESS         REF BY
           =====                   =======         ======
           ADC12_ISR::??INTVEC 42
                                   FFEA 

    *************************************************************************

  FILE NAME : F:\Graduate\Git_program\MSP430F247-v2.0\Net\Debug\Obj\board.r43
  PROGRAM MODULE, NAME : board

  SEGMENTS IN THE MODULE
  ======================
<CODE> 1 (was CODE)
  Relative segment, address: 98E0 - 9925 (0x46 bytes), align: 1
  Segment part 2.
           ENTRY                   ADDRESS         REF BY
           =====                   =======         ======
           halBoardInit            98E0            main (main)
               calls direct

    *************************************************************************

  FILE NAME : F:\Graduate\Git_program\MSP430F247-v2.0\Net\Debug\Obj\delay.r43
  PROGRAM MODULE, NAME : delay

  SEGMENTS IN THE MODULE
  ======================
<CODE> 1 (was CODE)
  Relative segment, address: 9F0A - 9F21 (0x18 bytes), align: 1
  Segment part 13.
           ENTRY                   ADDRESS         REF BY
           =====                   =======         ======
           delayus                 9F0A            CSMABackOff (mac)
    -------------------------------------------------------------------------
<CODE> 1 (was CODE)
  Relative segment, address: 9FDA - 9FE9 (0x10 bytes), align: 1
  Segment part 10.            Intra module refs:   delay_10us
           ENTRY                   ADDRESS         REF BY
           =====                   =======         ======
           delay_1us               9FDA            SPIx_ReadByte (spi)
                                                   SPIx_ReadWord (spi)
                                                   SPIx_WriteByte (spi)
                                                   SPIx_WriteWord (spi)
    -------------------------------------------------------------------------
<CODE> 1 (was CODE)
  Relative segment, address: 9B46 - 9B77 (0x32 bytes), align: 1
  Segment part 9.             Intra module refs:   delay_100us
           ENTRY                   ADDRESS         REF BY
           =====                   =======         ======
           delay_10us              9B46            A7139_ReadReg (A7139)
                                                   A7139_WriteReg (A7139)
               calls direct
    -------------------------------------------------------------------------
<CODE> 1 (was CODE)
  Relative segment, address: 9D8C - 9DB3 (0x28 bytes), align: 1
  Segment part 7.             Intra module refs:   delay_1ms
           ENTRY                   ADDRESS         REF BY
           =====                   =======         ======
           delay_100us             9D8C 
               calls direct
    -------------------------------------------------------------------------
<CODE> 1 (was CODE)
  Relative segment, address: 9D64 - 9D8B (0x28 bytes), align: 1
  Segment part 5.
           ENTRY                   ADDRESS         REF BY
           =====                   =======         ======
           delay_1ms               9D64            SampleChannel (adc)
                                                   Scan_Channel (join)
               calls direct

    *************************************************************************

  FILE NAME : F:\Graduate\Git_program\MSP430F247-v2.0\Net\Debug\Obj\detect.r43
  PROGRAM MODULE, NAME : detect

  SEGMENTS IN THE MODULE
  ======================
DATA16_AN
  Relative segment, address: 0025 - 0025 (0x1 bytes), align: 0
  Segment part 1. ROOT        Intra module refs:   DataSend (tdma)
                                                   IdentifyCar
                                                   Interrupt_Init (interrupt)
                                                   JoinRequestACKHandler (join)
                                                   Timer_A (interrupt)
                                                   Timer_A0 (interrupt)
           ENTRY                   ADDRESS         REF BY
           =====                   =======         ======
           P1IE                    0025 
    -------------------------------------------------------------------------
DATA16_AN
  Relative segment, address: 0182 - 0183 (0x2 bytes), align: 0
  Segment part 2. ROOT        Intra module refs:   IdentifyCar
                                                   JoinRequestACKHandler (join)
                                                   Timer_A0 (interrupt)
                                                   port1_ISR (interrupt)
           ENTRY                   ADDRESS         REF BY
           =====                   =======         ======
           TBCCTL0                 0182 
    -------------------------------------------------------------------------
DATA16_Z
  Relative segment, address: 110C - 110D (0x2 bytes), align: 1
  Segment part 5.             Intra module refs:   IdentifyCar
           ENTRY                   ADDRESS         REF BY
           =====                   =======         ======
           AD_middle_valueX        110C            AD_cal (adc)
    -------------------------------------------------------------------------
DATA16_Z
  Relative segment, address: 110E - 110F (0x2 bytes), align: 1
  Segment part 6.             Intra module refs:   IdentifyCar
           ENTRY                   ADDRESS         REF BY
           =====                   =======         ======
           AD_middle_valueY        110E            AD_cal (adc)
    -------------------------------------------------------------------------
DATA16_Z
  Relative segment, address: 1110 - 1119 (0xa bytes), align: 1
  Segment part 9.             Intra module refs:   CollectData
           ENTRY                   ADDRESS         REF BY
           =====                   =======         ======
           Magnet_Value            1110 
    -------------------------------------------------------------------------
DATA16_Z
  Relative segment, address: 111A - 1123 (0xa bytes), align: 1
  Segment part 10.            Intra module refs:   CollectData
                                                   IdentifyCar
           ENTRY                   ADDRESS         REF BY
           =====                   =======         ======
           MagnetValueX            111A 
    -------------------------------------------------------------------------
DATA16_Z
  Relative segment, address: 1124 - 112D (0xa bytes), align: 1
  Segment part 11.            Intra module refs:   CollectData
                                                   IdentifyCar
           ENTRY                   ADDRESS         REF BY
           =====                   =======         ======
           MagnetValueY            1124 
    -------------------------------------------------------------------------
DATA16_I
  Relative segment, address: 1104 - 1104 (0x1 bytes), align: 0
  Segment part 12.            Intra module refs:   CollectData
                                                   IdentifyCar
           ENTRY                   ADDRESS         REF BY
           =====                   =======         ======
           Start_Collect           1104 
    -------------------------------------------------------------------------
DATA16_Z
  Relative segment, address: 112E - 112F (0x2 bytes), align: 1
  Segment part 14.            Intra module refs:   CollectData
           ENTRY                   ADDRESS         REF BY
           =====                   =======         ======
           collect_count           112E 
    -------------------------------------------------------------------------
DATA16_Z
  Relative segment, address: 1130 - 1131 (0x2 bytes), align: 1
  Segment part 15.
           ENTRY                   ADDRESS         REF BY
           =====                   =======         ======
           Ave_Slop                1130            CreatSendData (tdma)
    -------------------------------------------------------------------------
DATA16_Z
  Relative segment, address: 1132 - 1133 (0x2 bytes), align: 1
  Segment part 16.            Intra module refs:   IdentifyCar
           ENTRY                   ADDRESS         REF BY
           =====                   =======         ======
           Ave_StableX             1132 
    -------------------------------------------------------------------------
DATA16_Z
  Relative segment, address: 1134 - 1135 (0x2 bytes), align: 1
  Segment part 17.            Intra module refs:   IdentifyCar
           ENTRY                   ADDRESS         REF BY
           =====                   =======         ======
           Ave_StableY             1134 
    -------------------------------------------------------------------------
DATA16_Z
  Relative segment, address: 1136 - 1139 (0x4 bytes), align: 1
  Segment part 18.            Intra module refs:   IdentifyCar
           ENTRY                   ADDRESS         REF BY
           =====                   =======         ======
           Sum_ValueX              1136 
    -------------------------------------------------------------------------
DATA16_Z
  Relative segment, address: 113A - 113D (0x4 bytes), align: 1
  Segment part 19.            Intra module refs:   IdentifyCar
           ENTRY                   ADDRESS         REF BY
           =====                   =======         ======
           Sum_ValueY              113A 
    -------------------------------------------------------------------------
DATA16_Z
  Relative segment, address: 1212 - 1212 (0x1 bytes), align: 0
  Segment part 20.            Intra module refs:   IdentifyCar
           ENTRY                   ADDRESS         REF BY
           =====                   =======         ======
           Car_Status              1212            CreatSendData (tdma)
    -------------------------------------------------------------------------
DATA16_Z
  Relative segment, address: 1213 - 1213 (0x1 bytes), align: 0
  Segment part 21.            Intra module refs:   IdentifyCar
           ENTRY                   ADDRESS         REF BY
           =====                   =======         ======
           car_status_memory       1213 
    -------------------------------------------------------------------------
DATA16_Z
  Relative segment, address: 113E - 113F (0x2 bytes), align: 1
  Segment part 22.
           ENTRY                   ADDRESS         REF BY
           =====                   =======         ======
           Draw_DataX              113E            CreatSendData (tdma)
                                                   Process_Event (ProcessEvent)
    -------------------------------------------------------------------------
DATA16_Z
  Relative segment, address: 1140 - 1141 (0x2 bytes), align: 1
  Segment part 23.
           ENTRY                   ADDRESS         REF BY
           =====                   =======         ======
           Draw_DataY              1140            CreatSendData (tdma)
                                                   Process_Event (ProcessEvent)
    -------------------------------------------------------------------------
<CODE> 1 (was CODE)
  Relative segment, address: 9926 - 9969 (0x44 bytes), align: 1
  Segment part 26.
           ENTRY                   ADDRESS         REF BY
           =====                   =======         ======
           CollectData             9926            Process_Event (ProcessEvent)
               calls direct
    -------------------------------------------------------------------------
<CODE> 1 (was CODE)
  Relative segment, address: 8A0A - 8AD1 (0xc8 bytes), align: 1
  Segment part 24.
           ENTRY                   ADDRESS         REF BY
           =====                   =======         ======
           IdentifyCar             8A0A            Process_Event (ProcessEvent)
               calls direct
    -------------------------------------------------------------------------
DATA16_ID
  Relative segment, address: 80D4 - 80D4 (0x1 bytes), align: 0
  Segment part 13.            Intra module refs:   Start_Collect

    *************************************************************************

  FILE NAME : F:\Graduate\Git_program\MSP430F247-v2.0\Net\Debug\Obj\digio.r43
  PROGRAM MODULE, NAME : digio

  SEGMENTS IN THE MODULE
  ======================
DATA16_AN
  Relative segment, address: 0022 - 0022 (0x1 bytes), align: 0
  Segment part 3. ROOT        Intra module refs:   Interrupt_Init (interrupt)
                                                   MOSI_IN (spi)
                                                   MOSI_OUT (spi)
                                                   halDigioConfig
           ENTRY                   ADDRESS         REF BY
           =====                   =======         ======
           P1DIR                   0022 
    -------------------------------------------------------------------------
DATA16_AN
  Relative segment, address: 0023 - 0023 (0x1 bytes), align: 0
  Segment part 4. ROOT        Intra module refs:   Interrupt_Init (interrupt)
                                                   port1_ISR (interrupt)
           ENTRY                   ADDRESS         REF BY
           =====                   =======         ======
           P1IFG                   0023 
    -------------------------------------------------------------------------
DATA16_AN
  Relative segment, address: 0024 - 0024 (0x1 bytes), align: 0
  Segment part 5. ROOT        Intra module refs:   Interrupt_Init (interrupt)
           ENTRY                   ADDRESS         REF BY
           =====                   =======         ======
           P1IES                   0024 
    -------------------------------------------------------------------------
DATA16_AN
  Relative segment, address: 0026 - 0026 (0x1 bytes), align: 0
  Segment part 7. ROOT        Intra module refs:   halDigioConfig
           ENTRY                   ADDRESS         REF BY
           =====                   =======         ======
           P1SEL                   0026 
    -------------------------------------------------------------------------
DATA16_AN
  Relative segment, address: 0028 - 0028 (0x1 bytes), align: 0
  Segment part 8. ROOT 
           ENTRY                   ADDRESS         REF BY
           =====                   =======         ======
           P2IN                    0028 
    -------------------------------------------------------------------------
DATA16_AN
  Relative segment, address: 0029 - 0029 (0x1 bytes), align: 0
  Segment part 9. ROOT        Intra module refs:   halDigioConfig
           ENTRY                   ADDRESS         REF BY
           =====                   =======         ======
           P2OUT                   0029 
    -------------------------------------------------------------------------
DATA16_AN
  Relative segment, address: 002A - 002A (0x1 bytes), align: 0
  Segment part 10. ROOT       Intra module refs:   halDigioConfig
           ENTRY                   ADDRESS         REF BY
           =====                   =======         ======
           P2DIR                   002A 
    -------------------------------------------------------------------------
DATA16_AN
  Relative segment, address: 002B - 002B (0x1 bytes), align: 0
  Segment part 11. ROOT 
           ENTRY                   ADDRESS         REF BY
           =====                   =======         ======
           P2IFG                   002B 
    -------------------------------------------------------------------------
DATA16_AN
  Relative segment, address: 002C - 002C (0x1 bytes), align: 0
  Segment part 12. ROOT 
           ENTRY                   ADDRESS         REF BY
           =====                   =======         ======
           P2IES                   002C 
    -------------------------------------------------------------------------
DATA16_AN
  Relative segment, address: 002D - 002D (0x1 bytes), align: 0
  Segment part 13. ROOT 
           ENTRY                   ADDRESS         REF BY
           =====                   =======         ======
           P2IE                    002D 
    -------------------------------------------------------------------------
DATA16_AN
  Relative segment, address: 002E - 002E (0x1 bytes), align: 0
  Segment part 14. ROOT       Intra module refs:   halDigioConfig
           ENTRY                   ADDRESS         REF BY
           =====                   =======         ======
           P2SEL                   002E 
    -------------------------------------------------------------------------
DATA16_AN
  Relative segment, address: 0018 - 0018 (0x1 bytes), align: 0
  Segment part 15. ROOT 
           ENTRY                   ADDRESS         REF BY
           =====                   =======         ======
           P3IN                    0018 
    -------------------------------------------------------------------------
DATA16_AN
  Relative segment, address: 001A - 001A (0x1 bytes), align: 0
  Segment part 17. ROOT       Intra module refs:   halDigioConfig
           ENTRY                   ADDRESS         REF BY
           =====                   =======         ======
           P3DIR                   001A 
    -------------------------------------------------------------------------
DATA16_AN
  Relative segment, address: 001B - 001B (0x1 bytes), align: 0
  Segment part 18. ROOT       Intra module refs:   halDigioConfig
           ENTRY                   ADDRESS         REF BY
           =====                   =======         ======
           P3SEL                   001B 
    -------------------------------------------------------------------------
DATA16_AN
  Relative segment, address: 001C - 001C (0x1 bytes), align: 0
  Segment part 19. ROOT 
           ENTRY                   ADDRESS         REF BY
           =====                   =======         ======
           P4IN                    001C 
    -------------------------------------------------------------------------
DATA16_AN
  Relative segment, address: 001D - 001D (0x1 bytes), align: 0
  Segment part 20. ROOT       Intra module refs:   halDigioConfig
           ENTRY                   ADDRESS         REF BY
           =====                   =======         ======
           P4OUT                   001D 
    -------------------------------------------------------------------------
DATA16_AN
  Relative segment, address: 001E - 001E (0x1 bytes), align: 0
  Segment part 21. ROOT       Intra module refs:   halDigioConfig
           ENTRY                   ADDRESS         REF BY
           =====                   =======         ======
           P4DIR                   001E 
    -------------------------------------------------------------------------
DATA16_AN
  Relative segment, address: 001F - 001F (0x1 bytes), align: 0
  Segment part 22. ROOT       Intra module refs:   halDigioConfig
           ENTRY                   ADDRESS         REF BY
           =====                   =======         ======
           P4SEL                   001F 
    -------------------------------------------------------------------------
DATA16_AN
  Relative segment, address: 0030 - 0030 (0x1 bytes), align: 0
  Segment part 23. ROOT 
           ENTRY                   ADDRESS         REF BY
           =====                   =======         ======
           P5IN                    0030 
    -------------------------------------------------------------------------
DATA16_AN
  Relative segment, address: 0031 - 0031 (0x1 bytes), align: 0
  Segment part 24. ROOT       Intra module refs:   halDigioConfig
                                                   halLedClear (led)
                                                   halLedClearAll (led)
                                                   halLedSet (led)
                                                   halLedSetAll (led)
                                                   halLedToggle (led)
                                                   halLedToggleAll (led)
           ENTRY                   ADDRESS         REF BY
           =====                   =======         ======
           P5OUT                   0031 
    -------------------------------------------------------------------------
DATA16_AN
  Relative segment, address: 0032 - 0032 (0x1 bytes), align: 0
  Segment part 25. ROOT       Intra module refs:   halDigioConfig
                                                   halLedSet (led)
           ENTRY                   ADDRESS         REF BY
           =====                   =======         ======
           P5DIR                   0032 
    -------------------------------------------------------------------------
DATA16_AN
  Relative segment, address: 0033 - 0033 (0x1 bytes), align: 0
  Segment part 26. ROOT       Intra module refs:   halDigioConfig
           ENTRY                   ADDRESS         REF BY
           =====                   =======         ======
           P5SEL                   0033 
    -------------------------------------------------------------------------
DATA16_AN
  Relative segment, address: 0034 - 0034 (0x1 bytes), align: 0
  Segment part 27. ROOT 
           ENTRY                   ADDRESS         REF BY
           =====                   =======         ======
           P6IN                    0034 
    -------------------------------------------------------------------------
<CODE> 1 (was CODE)
  Relative segment, address: 8B96 - 8C4F (0xba bytes), align: 1
  Segment part 50.            Intra module refs:   GPIO_Init
           ENTRY                   ADDRESS         REF BY
           =====                   =======         ======
           halDigioConfig          8B96            SPI3_Init (spi)
               calls direct
    -------------------------------------------------------------------------
DATA16_C
  Relative segment, address: 808E - 8092 (0x5 bytes), align: 0
  Segment part 32.            Intra module refs:   GPIO_Init
           ENTRY                   ADDRESS         REF BY
           =====                   =======         ======
           pinLed1                 808E 
    -------------------------------------------------------------------------
DATA16_C
  Relative segment, address: 8093 - 8097 (0x5 bytes), align: 0
  Segment part 33.            Intra module refs:   GPIO_Init
           ENTRY                   ADDRESS         REF BY
           =====                   =======         ======
           pinLed2                 8093 
    -------------------------------------------------------------------------
DATA16_C
  Relative segment, address: 8098 - 809C (0x5 bytes), align: 0
  Segment part 34.            Intra module refs:   GPIO_Init
           ENTRY                   ADDRESS         REF BY
           =====                   =======         ======
           pinLed3                 8098 
    -------------------------------------------------------------------------
DATA16_C
  Relative segment, address: 809D - 80A1 (0x5 bytes), align: 0
  Segment part 35.            Intra module refs:   GPIO_Init
           ENTRY                   ADDRESS         REF BY
           =====                   =======         ======
           pinLed4                 809D 
    -------------------------------------------------------------------------
DATA16_C
  Relative segment, address: 80A2 - 80A6 (0x5 bytes), align: 0
  Segment part 36.            Intra module refs:   GPIO_Init
           ENTRY                   ADDRESS         REF BY
           =====                   =======         ======
           pinGIO2                 80A2            DataSend (tdma)
                                                   IdentifyCar (detect)
                                                   Interrupt_Init (interrupt)
                                                   JoinRequestACKHandler (join)
                                                   Timer_A (interrupt)
                                                   Timer_A0 (interrupt)
                                                   port1_ISR (interrupt)
    -------------------------------------------------------------------------
DATA16_C
  Relative segment, address: 80A7 - 80AB (0x5 bytes), align: 0
  Segment part 37.            Intra module refs:   GPIO_Init
           ENTRY                   ADDRESS         REF BY
           =====                   =======         ======
           pinGIO1                 80A7 
    -------------------------------------------------------------------------
DATA16_C
  Relative segment, address: 80AC - 80B0 (0x5 bytes), align: 0
  Segment part 38.            Intra module refs:   GPIO_Init
           ENTRY                   ADDRESS         REF BY
           =====                   =======         ======
           pinKZ                   80AC 
    -------------------------------------------------------------------------
DATA16_C
  Relative segment, address: 80B1 - 80B5 (0x5 bytes), align: 0
  Segment part 39.            Intra module refs:   GPIO_Init
           ENTRY                   ADDRESS         REF BY
           =====                   =======         ======
           TIME1                   80B1 
    -------------------------------------------------------------------------
DATA16_C
  Relative segment, address: 80B6 - 80BA (0x5 bytes), align: 0
  Segment part 40.            Intra module refs:   GPIO_Init
           ENTRY                   ADDRESS         REF BY
           =====                   =======         ======
           TIME2                   80B6 
    -------------------------------------------------------------------------
<CODE> 1 (was CODE)
  Relative segment, address: 9852 - 9899 (0x48 bytes), align: 1
  Segment part 41.
           ENTRY                   ADDRESS         REF BY
           =====                   =======         ======
           GPIO_Init               9852            halBoardInit (board)
               calls direct

    *************************************************************************

  FILE NAME : F:\Graduate\Git_program\MSP430F247-v2.0\Net\Debug\Obj\flash.r43
  PROGRAM MODULE, NAME : flash

  SEGMENTS IN THE MODULE
  ======================
DATA16_AN
  Relative segment, address: 0128 - 0129 (0x2 bytes), align: 0
  Segment part 1. ROOT 
           ENTRY                   ADDRESS         REF BY
           =====                   =======         ======
           FCTL1                   0128 
    -------------------------------------------------------------------------
DATA16_AN
  Relative segment, address: 012A - 012B (0x2 bytes), align: 0
  Segment part 2. ROOT        Intra module refs:   FLASHInit
           ENTRY                   ADDRESS         REF BY
           =====                   =======         ======
           FCTL2                   012A 
    -------------------------------------------------------------------------
DATA16_AN
  Relative segment, address: 012C - 012D (0x2 bytes), align: 0
  Segment part 3. ROOT 
           ENTRY                   ADDRESS         REF BY
           =====                   =======         ======
           FCTL3                   012C 
    -------------------------------------------------------------------------
<CODE> 1 (was CODE)
  Relative segment, address: A068 - A06F (0x8 bytes), align: 1
  Segment part 14.
           ENTRY                   ADDRESS         REF BY
           =====                   =======         ======
           FLASHInit               A068            halBoardInit (board)
    -------------------------------------------------------------------------
<CODE> 1 (was CODE)
  Relative segment, address: A0A8 - A0AB (0x4 bytes), align: 1
  Segment part 10.            Intra module refs:   GetPhyAddress
           ENTRY                   ADDRESS         REF BY
           =====                   =======         ======
           FLASH_Readw             A0A8 
    -------------------------------------------------------------------------
<CODE> 1 (was CODE)
  Relative segment, address: A080 - A087 (0x8 bytes), align: 1
  Segment part 7.
           ENTRY                   ADDRESS         REF BY
           =====                   =======         ======
           GetPhyAddress           A080            main (main)
               calls direct

    *************************************************************************

  FILE NAME : F:\Graduate\Git_program\MSP430F247-v2.0\Net\Debug\Obj\int.r43
    *************************************************************************

  FILE NAME : F:\Graduate\Git_program\MSP430F247-v2.0\Net\Debug\Obj\interrupt.r43
  PROGRAM MODULE, NAME : interrupt

  SEGMENTS IN THE MODULE
  ======================
DATA16_AN
  Relative segment, address: 0027 - 0027 (0x1 bytes), align: 0
  Segment part 5. ROOT        Intra module refs:   Interrupt_Init
           ENTRY                   ADDRESS         REF BY
           =====                   =======         ======
           P1REN                   0027 
    -------------------------------------------------------------------------
DATA16_AN
  Relative segment, address: 0162 - 0163 (0x2 bytes), align: 0
  Segment part 7. ROOT        Intra module refs:   Timer_A0
                                                   time_init (timer)
           ENTRY                   ADDRESS         REF BY
           =====                   =======         ======
           TACCTL0                 0162 
    -------------------------------------------------------------------------
DATA16_Z
  Relative segment, address: 1142 - 1143 (0x2 bytes), align: 1
  Segment part 14.            Intra module refs:   Timer_A0
                                                   port1_ISR
           ENTRY                   ADDRESS         REF BY
           =====                   =======         ======
           Receive_Timeout         1142 
    -------------------------------------------------------------------------
DATA16_Z
  Relative segment, address: 1144 - 1147 (0x4 bytes), align: 1
  Segment part 15.            Intra module refs:   Timer_A
                                                   Timer_A0
                                                   port1_ISR
           ENTRY                   ADDRESS         REF BY
           =====                   =======         ======
           Frame_Time              1144            DataSend (tdma)
                                                   RecvDataACK (tdma)
                                                   SendByCSMA (mac)
    -------------------------------------------------------------------------
DATA16_Z
  Relative segment, address: 1148 - 1149 (0x2 bytes), align: 1
  Segment part 18.            Intra module refs:   Timer_A0
           ENTRY                   ADDRESS         REF BY
           =====                   =======         ======
           Keep_Alive_Detect       1148 
    -------------------------------------------------------------------------
<CODE> 1 (was CODE)
  Relative segment, address: 9E6E - 9E8F (0x22 bytes), align: 1
  Segment part 25.
           ENTRY                   ADDRESS         REF BY
           =====                   =======         ======
           Interrupt_Init          9E6E            halBoardInit (board)
               calls direct
    -------------------------------------------------------------------------
<CODE> 1 (was CODE)
  Relative segment, address: 8EE0 - 8F79 (0x9a bytes), align: 1
  Segment part 24.            Intra module refs:   port1_ISR::??INTVEC 36
           ENTRY                   ADDRESS         REF BY
           =====                   =======         ======
           port1_ISR               8EE0 
               interrupt function
               calls direct
    -------------------------------------------------------------------------
<CODE> 1 (was CODE)
  Relative segment, address: 939A - 9415 (0x7c bytes), align: 1
  Segment part 23.            Intra module refs:   Timer_A::??INTVEC 58
           ENTRY                   ADDRESS         REF BY
           =====                   =======         ======
           Timer_A                 939A 
               interrupt function
               calls direct
    -------------------------------------------------------------------------
<CODE> 1 (was CODE)
  Relative segment, address: 9114 - 9197 (0x84 bytes), align: 1
  Segment part 22.            Intra module refs:   Timer_A0::??INTVEC 50
           ENTRY                   ADDRESS         REF BY
           =====                   =======         ======
           Timer_A0                9114 
               interrupt function
               calls direct
    -------------------------------------------------------------------------
INTVEC
  Common segment, address: FFC0 - FFE5 (0x26 bytes), align: 1
  Segment part 10. ROOT 
           ENTRY                   ADDRESS         REF BY
           =====                   =======         ======
           port1_ISR::??INTVEC 36
                                   FFE4 
    -------------------------------------------------------------------------
INTVEC
  Common segment, address: FFC0 - FFF3 (0x34 bytes), align: 1
  Segment part 11. ROOT 
           ENTRY                   ADDRESS         REF BY
           =====                   =======         ======
           Timer_A0::??INTVEC 50   FFF2 
    -------------------------------------------------------------------------
INTVEC
  Common segment, address: FFC0 - FFFB (0x3c bytes), align: 1
  Segment part 12. ROOT 
           ENTRY                   ADDRESS         REF BY
           =====                   =======         ======
           Timer_A::??INTVEC 58    FFFA 

    *************************************************************************

  FILE NAME : F:\Graduate\Git_program\MSP430F247-v2.0\Net\Debug\Obj\join.r43
  PROGRAM MODULE, NAME : join

  SEGMENTS IN THE MODULE
  ======================
DATA16_C
  Relative segment, address: 804A - 808D (0x44 bytes), align: 1
  Segment part 5.             Intra module refs:   ChannelSelection
                                                   Scan_Channel
           ENTRY                   ADDRESS         REF BY
           =====                   =======         ======
           ChannelList             804A            A7139_Deep_Wake (A7139)
    -------------------------------------------------------------------------
DATA16_I
  Relative segment, address: 1105 - 1105 (0x1 bytes), align: 0
  Segment part 6.             Intra module refs:   SortChannel
           ENTRY                   ADDRESS         REF BY
           =====                   =======         ======
           StartChannel            1105            main (main)
    -------------------------------------------------------------------------
DATA16_I
  Relative segment, address: 1106 - 1106 (0x1 bytes), align: 0
  Segment part 8.             Intra module refs:   SortChannel
           ENTRY                   ADDRESS         REF BY
           =====                   =======         ======
           EndChannel              1106            main (main)
    -------------------------------------------------------------------------
DATA16_Z
  Relative segment, address: 1214 - 1253 (0x40 bytes), align: 0
  Segment part 10.            Intra module refs:   Scan_Channel
                                                   SortChannel
           ENTRY                   ADDRESS         REF BY
           =====                   =======         ======
           ScanChannel             1214 
    -------------------------------------------------------------------------
DATA16_Z
  Relative segment, address: 114A - 1151 (0x8 bytes), align: 1
  Segment part 11.            Intra module refs:   CreatJoinRequest
           ENTRY                   ADDRESS         REF BY
           =====                   =======         ======
           JoinRequestPacket       114A 
    -------------------------------------------------------------------------
DATA16_Z
  Relative segment, address: 1254 - 1259 (0x6 bytes), align: 0
  Segment part 12.            Intra module refs:   CreatJoinRequestACKOK
           ENTRY                   ADDRESS         REF BY
           =====                   =======         ======
           JoinRequestACKOKPacket
                                   1254 
    -------------------------------------------------------------------------
DATA16_Z
  Relative segment, address: 125A - 1265 (0xc bytes), align: 0
  Segment part 14.            Intra module refs:   Scan_Channel
           ENTRY                   ADDRESS         REF BY
           =====                   =======         ======
           scandata                125A 
    -------------------------------------------------------------------------
<CODE> 1 (was CODE)
  Relative segment, address: 84C8 - 85BB (0xf4 bytes), align: 1
  Segment part 22.            Intra module refs:   ChannelSelection
                                                   SortChannel
           ENTRY                   ADDRESS         REF BY
           =====                   =======         ======
           Scan_Channel            84C8 
               calls direct
    -------------------------------------------------------------------------
<CODE> 1 (was CODE)
  Relative segment, address: 8C50 - 8CFF (0xb0 bytes), align: 1
  Segment part 21.            Intra module refs:   SortChannel
           ENTRY                   ADDRESS         REF BY
           =====                   =======         ======
           bubble                  8C50 
               calls direct
    -------------------------------------------------------------------------
<CODE> 1 (was CODE)
  Relative segment, address: 948A - 94FD (0x74 bytes), align: 1
  Segment part 20.            Intra module refs:   ChannelSelection
           ENTRY                   ADDRESS         REF BY
           =====                   =======         ======
           SortChannel             948A 
               calls direct
    -------------------------------------------------------------------------
<CODE> 1 (was CODE)
  Relative segment, address: 921C - 929D (0x82 bytes), align: 1
  Segment part 19.            Intra module refs:   SendJoinRequest
           ENTRY                   ADDRESS         REF BY
           =====                   =======         ======
           CreatJoinRequest        921C 
    -------------------------------------------------------------------------
<CODE> 1 (was CODE)
  Relative segment, address: 9FFA - A009 (0x10 bytes), align: 1
  Segment part 18.
           ENTRY                   ADDRESS         REF BY
           =====                   =======         ======
           SendJoinRequest         9FFA            Process_Event (ProcessEvent)
               calls direct
    -------------------------------------------------------------------------
<CODE> 1 (was CODE)
  Relative segment, address: 9006 - 908D (0x88 bytes), align: 1
  Segment part 17.            Intra module refs:   JoinRequestACKHandler
           ENTRY                   ADDRESS         REF BY
           =====                   =======         ======
           CreatJoinRequestACKOK   9006 
    -------------------------------------------------------------------------
<CODE> 1 (was CODE)
  Relative segment, address: 9198 - 921B (0x84 bytes), align: 1
  Segment part 16.
           ENTRY                   ADDRESS         REF BY
           =====                   =======         ======
           JoinRequestACKHandler   9198            Process_Event (ProcessEvent)
               calls direct
    -------------------------------------------------------------------------
<CODE> 1 (was CODE)
  Relative segment, address: 9A2A - 9A63 (0x3a bytes), align: 1
  Segment part 15.
           ENTRY                   ADDRESS         REF BY
           =====                   =======         ======
           ChannelSelection        9A2A            main (main)
               calls direct
    -------------------------------------------------------------------------
DATA16_ID
  Relative segment, address: 80D5 - 80D5 (0x1 bytes), align: 0
  Segment part 7.             Intra module refs:   StartChannel
    -------------------------------------------------------------------------
DATA16_ID
  Relative segment, address: 80D6 - 80D6 (0x1 bytes), align: 0
  Segment part 9.             Intra module refs:   EndChannel

    *************************************************************************

  FILE NAME : F:\Graduate\Git_program\MSP430F247-v2.0\Net\Debug\Obj\led.r43
  PROGRAM MODULE, NAME : led

  SEGMENTS IN THE MODULE
  ======================
<CODE> 1 (was CODE)
  Relative segment, address: 9B78 - 9BA9 (0x32 bytes), align: 1
  Segment part 9.
           ENTRY                   ADDRESS         REF BY
           =====                   =======         ======
           halLedSet               9B78            IdentifyCar (detect)
                                                   halBoardInit (board)
                                                   port1_ISR (interrupt)
    -------------------------------------------------------------------------
<CODE> 1 (was CODE)
  Relative segment, address: 9F66 - 9F79 (0x14 bytes), align: 1
  Segment part 8.
           ENTRY                   ADDRESS         REF BY
           =====                   =======         ======
           halLedSetAll            9F66            AD_cal (adc)
    -------------------------------------------------------------------------
<CODE> 1 (was CODE)
  Relative segment, address: 9CE6 - 9D11 (0x2c bytes), align: 1
  Segment part 7.
           ENTRY                   ADDRESS         REF BY
           =====                   =======         ======
           halLedClear             9CE6            IdentifyCar (detect)
                                                   SendPack (A7139)
    -------------------------------------------------------------------------
<CODE> 1 (was CODE)
  Relative segment, address: 9FA2 - 9FB5 (0x14 bytes), align: 1
  Segment part 6.
           ENTRY                   ADDRESS         REF BY
           =====                   =======         ======
           halLedClearAll          9FA2            AD_cal (adc)
                                                   main (main)
    -------------------------------------------------------------------------
<CODE> 1 (was CODE)
  Relative segment, address: 9C62 - 9C8D (0x2c bytes), align: 1
  Segment part 5.
           ENTRY                   ADDRESS         REF BY
           =====                   =======         ======
           halLedToggle            9C62            SendByCSMA (mac)
                                                   Timer_A0 (interrupt)
    -------------------------------------------------------------------------
<CODE> 1 (was CODE)
  Relative segment, address: 9F8E - 9FA1 (0x14 bytes), align: 1
  Segment part 4.
           ENTRY                   ADDRESS         REF BY
           =====                   =======         ======
           halLedToggleAll         9F8E            Err_State (A7139)
                                                   SortChannel (join)

    *************************************************************************

  FILE NAME : F:\Graduate\Git_program\MSP430F247-v2.0\Net\Debug\Obj\mac.r43
  PROGRAM MODULE, NAME : mac

  SEGMENTS IN THE MODULE
  ======================
DATA16_AN
  Relative segment, address: 0170 - 0171 (0x2 bytes), align: 0
  Segment part 2. ROOT        Intra module refs:   CSMABackOff
           ENTRY                   ADDRESS         REF BY
           =====                   =======         ======
           TAR                     0170 
    -------------------------------------------------------------------------
DATA16_Z
  Relative segment, address: 1152 - 1161 (0x10 bytes), align: 1
  Segment part 4.             Intra module refs:   BeaconHandler
                                                   CSMABackOff
                                                   PackValid
                                                   SendByCSMA
           ENTRY                   ADDRESS         REF BY
           =====                   =======         ======
           EndPointDevice          1152            A7139_Deep_Wake (A7139)
[...]
                                                   MagnetValueY (detect)
                                                   Magnet_Value (detect)
                                                   Receive_Timeout (interrupt)
                                                   ScanChannel (join)
                                                   Segment part 10 (?rand)
                                                   Segment part 7 (?rand)
                                                   Segment part 8 (?rand)
                                                   Segment part 9 (?rand)
                                                   Sum_ValueX (detect)
                                                   Sum_ValueY (detect)
                                                   TQ (ProcessEvent)
                                                   _Randinit (?rand)
                                                   __iar_Tls_setup__Randinit (?rand)
                                                   __iar_Tls_setup__Randseed (?rand)
                                                   car_status_memory (detect)
                                                   cca_value (mac)
                                                   collect_count (detect)
                                                   current_tsk (ProcessEvent)
                                                   last_tsk (ProcessEvent)
                                                   look (A7139)
                                                   normal_test (main)
                                                   q (mac)
                                                   resend_count (tdma)
                                                   scandata (join)
                                                   send_time (tdma)
                                                   w (mac)
                                                   wait_time (mac)
    -------------------------------------------------------------------------
CSTART
  Relative segment, address: 80E8 - 80F7 (0x10 bytes), align: 1
  Segment part 14.
           ENTRY                   ADDRESS         REF BY
           =====                   =======         ======
           ?cstart_init_copy       80E8            EndChannel (join)
                                                   StartChannel (join)
                                                   Start_Collect (detect)
                                                   _Randseed (?rand)
    -------------------------------------------------------------------------
CSTART
  Relative segment, address: 80F8 - 80FF (0x8 bytes), align: 1
  Segment part 18.            Intra module refs:   Segment part 9
           ENTRY                   ADDRESS         REF BY
           =====                   =======         ======
           ?cstart_call_main       80F8 
           ?cstart_end             8100 

    -------------------------------------------------------------------------
  LIBRARY MODULE, NAME : ?reset_vector

  SEGMENTS IN THE MODULE
  ======================
RESET
  Relative segment, address: FFFE - FFFF (0x2 bytes), align: 1
  Segment part 0.
           ENTRY                   ADDRESS         REF BY
           =====                   =======         ======
           ?reset_vector           FFFE            Segment part 9 (?cstart)

    -------------------------------------------------------------------------
  LIBRARY MODULE, NAME : ?Epilogue

  SEGMENTS IN THE MODULE
  ======================
<CODE> 1 (was CODE)
  Relative segment, address: A018 - A019 (0x2 bytes), align: 1
  Segment part 3.
           ENTRY                   ADDRESS         REF BY
           =====                   =======         ======
           ?Epilogue5              A018            A7139_SetFreq (A7139)
    -------------------------------------------------------------------------
<CODE> 1 (was CODE)
  Relative segment, address: A01A - A01B (0x2 bytes), align: 1
  Segment part 4.             Intra module refs:   ?Epilogue5
           ENTRY                   ADDRESS         REF BY
           =====                   =======         ======
           ?Epilogue4              A01A            SampleChannel (adc)
    -------------------------------------------------------------------------
<CODE> 1 (was CODE)
  Relative segment, address: A01C - A023 (0x8 bytes), align: 1
  Segment part 5.             Intra module refs:   ?Epilogue4
           ENTRY                   ADDRESS         REF BY
           =====                   =======         ======
           ?Epilogue3              A01C            Scan_Channel (join)
                                                   bubble (join)

    -------------------------------------------------------------------------
  LIBRARY MODULE, NAME : ?exit

  SEGMENTS IN THE MODULE
  ======================
<CODE> 1 (was CODE)
  Relative segment, address: A0A0 - A0A3 (0x4 bytes), align: 1
  Segment part 2.
           ENTRY                   ADDRESS         REF BY
           =====                   =======         ======
           exit                    A0A0            Segment part 18 (?cstart)
               calls direct

    -------------------------------------------------------------------------
  LIBRARY MODULE, NAME : ?Mul32fHw

  SEGMENTS IN THE MODULE
  ======================
<CODE> 1 (was CODE)
  Relative segment, address: 8262 - 8397 (0x136 bytes), align: 1
  Segment part 0.
           ENTRY                   ADDRESS         REF BY
           =====                   =======         ======
           ?Mul32fHw               8262            A7139_SetFreq (A7139)

    -------------------------------------------------------------------------
  LIBRARY MODULE, NAME : ?Cast32f32i

  SEGMENTS IN THE MODULE
  ======================
<CODE> 1 (was CODE)
  Relative segment, address: 931C - 9399 (0x7e bytes), align: 1
  Segment part 1.
           ENTRY                   ADDRESS         REF BY
           =====                   =======         ======
           _Cast32uto32f           931C            A7139_SetFreq (A7139)

    -------------------------------------------------------------------------
  LIBRARY MODULE, NAME : _Cast32fto32u

  SEGMENTS IN THE MODULE
  ======================
<CODE> 1 (was CODE)
  Relative segment, address: A03C - A047 (0xc bytes), align: 1
  Segment part 0.
           ENTRY                   ADDRESS         REF BY
           =====                   =======         ======
           _Cast32fto32u           A03C            A7139_SetFreq (A7139)

    -------------------------------------------------------------------------
  LIBRARY MODULE, NAME : ?FLT_Extract

  SEGMENTS IN THE MODULE
  ======================
<CODE> 1 (was CODE)
  Relative segment, address: 9770 - 97BB (0x4c bytes), align: 1
  Segment part 0.
           ENTRY                   ADDRESS         REF BY
           =====                   =======         ======
           ?FLT_Extract            9770            _Cast32fto32u (_Cast32fto32u)

    -------------------------------------------------------------------------
  LIBRARY MODULE, NAME : ?FLT_LT

  SEGMENTS IN THE MODULE
  ======================
<CODE> 1 (was CODE)
  Relative segment, address: 967E - 96CF (0x52 bytes), align: 1
  Segment part 0.
           ENTRY                   ADDRESS         REF BY
           =====                   =======         ======
           ?FLT_LT                 967E            _CmpLt32f (_CmpLt32f)

    -------------------------------------------------------------------------
  LIBRARY MODULE, NAME : _CmpLt32f

  SEGMENTS IN THE MODULE
  ======================
<CODE> 1 (was CODE)
  Relative segment, address: A05E - A067 (0xa bytes), align: 1
  Segment part 0.
           ENTRY                   ADDRESS         REF BY
           =====                   =======         ======
           _CmpLt32f               A05E            A7139_SetFreq (A7139)

    -------------------------------------------------------------------------
  LIBRARY MODULE, NAME : _Div32f

  SEGMENTS IN THE MODULE
  ======================
<CODE> 1 (was CODE)
  Relative segment, address: 8398 - 84C7 (0x130 bytes), align: 1
  Segment part 0.
           ENTRY                   ADDRESS         REF BY
           =====                   =======         ======
           _Div32f                 8398            A7139_SetFreq (A7139)

    -------------------------------------------------------------------------
  LIBRARY MODULE, NAME : _Add32f

  SEGMENTS IN THE MODULE
  ======================
<CODE> 1 (was CODE)
  Relative segment, address: 8100 - 8103 (0x4 bytes), align: 1
  Segment part 0.
           ENTRY                   ADDRESS         REF BY
           =====                   =======         ======
           _Sub32f                 8100            A7139_SetFreq (A7139)
    -------------------------------------------------------------------------
<CODE> 1 (was CODE)
  Relative segment, address: 8104 - 8261 (0x15e bytes), align: 1
  Segment part 1.             Intra module refs:   _Sub32f
           ENTRY                   ADDRESS         REF BY
           =====                   =======         ======
           _Add32f                 8104 

    -------------------------------------------------------------------------
  LIBRARY MODULE, NAME : ?DivMod816u

  SEGMENTS IN THE MODULE
  ======================
<CODE> 1 (was CODE)
  Relative segment, address: 9ED4 - 9ED7 (0x4 bytes), align: 1
  Segment part 0.
           ENTRY                   ADDRESS         REF BY
           =====                   =======         ======
           ?DivMod8u               9ED4            SendByCSMA (mac)
    -------------------------------------------------------------------------
<CODE> 1 (was CODE)
  Relative segment, address: 9ED8 - 9EEF (0x18 bytes), align: 1
  Segment part 1.             Intra module refs:   ?DivMod8u
           ENTRY                   ADDRESS         REF BY
           =====                   =======         ======
           ?DivMod16u              9ED8            ?DivMod16s (?DivMod816s)
                                                   CSMABackOff (mac)
                                                   Pop_T (ProcessEvent)
                                                   PostTask (ProcessEvent)

    -------------------------------------------------------------------------
  LIBRARY MODULE, NAME : ?DivMod816s

  SEGMENTS IN THE MODULE
  ======================
<CODE> 1 (was CODE)
  Relative segment, address: 9BAA - 9BD9 (0x30 bytes), align: 1
  Segment part 1.
           ENTRY                   ADDRESS         REF BY
           =====                   =======         ======
           ?DivMod16s              9BAA            BeaconHandler (mac)
                                                   SendByCSMA (mac)

    -------------------------------------------------------------------------
  LIBRARY MODULE, NAME : ?DivMod32u

  SEGMENTS IN THE MODULE
  ======================
<CODE> 1 (was CODE)
  Relative segment, address: 9B0E - 9B45 (0x38 bytes), align: 1
  Segment part 0.
           ENTRY                   ADDRESS         REF BY
           =====                   =======         ======
           ?DivMod32u              9B0E            DataSend (tdma)
                                                   IdentifyCar (detect)
                                                   SendByCSMA (mac)

    -------------------------------------------------------------------------
  LIBRARY MODULE, NAME : ?ShiftLeft16

  SEGMENTS IN THE MODULE
  ======================
<CODE> 1 (was CODE)
  Relative segment, address: A048 - A053 (0xc bytes), align: 1
  Segment part 0.
           ENTRY                   ADDRESS         REF BY
           =====                   =======         ======
           ?ShiftLeft16            A048            halDigioConfig (digio)

    -------------------------------------------------------------------------
  LIBRARY MODULE, NAME : ?memcpy

  SEGMENTS IN THE MODULE
  ======================
<CODE> 1 (was CODE)
  Relative segment, address: 9FC8 - 9FD9 (0x12 bytes), align: 1
  Segment part 2.
           ENTRY                   ADDRESS         REF BY
           =====                   =======         ======
           memcpy                  9FC8            __data16_memcpy (?memzero)

    -------------------------------------------------------------------------
  LIBRARY MODULE, NAME : ?memzero

  SEGMENTS IN THE MODULE
  ======================
<CODE> 1 (was CODE)
  Relative segment, address: 9FB6 - 9FC7 (0x12 bytes), align: 1
  Segment part 4.
           ENTRY                   ADDRESS         REF BY
           =====                   =======         ======
           __data16_memzero        9FB6            ?cstart_init_zero (?cstart)
    -------------------------------------------------------------------------
<CODE> 1 (was CODE)
  Relative segment, address: A0A4 - A0A7 (0x4 bytes), align: 1
  Segment part 3.
           ENTRY                   ADDRESS         REF BY
           =====                   =======         ======
           __data16_memcpy         A0A4            ?cstart_init_copy (?cstart)
               calls direct

    -------------------------------------------------------------------------
  LIBRARY MODULE, NAME : ?Mul32Hw

  SEGMENTS IN THE MODULE
  ======================
<CODE> 1 (was CODE)
  Relative segment, address: 9C08 - 9C35 (0x2e bytes), align: 1
  Segment part 0.
           ENTRY                   ADDRESS         REF BY
           =====                   =======         ======
           ?Mul32Hw                9C08            Segment part 13 (?rand)

    -------------------------------------------------------------------------
  LIBRARY MODULE, NAME : ?rand

  SEGMENTS IN THE MODULE
  ======================
DATA16_Z
  Relative segment, address: 129D - 129D (0x1 bytes), align: 0
  Segment part 2.             Intra module refs:   rand
           ENTRY                   ADDRESS         REF BY
           =====                   =======         ======
           _Randinit               129D 
    -------------------------------------------------------------------------
DATA16_Z
  Relative segment, address: 1186 - 1187 (0x2 bytes), align: 1
  Segment part 3.             Intra module refs:   rand
           ENTRY                   ADDRESS         REF BY
           =====                   =======         ======
           __iar_Tls_setup__Randinit
                                   1186 
    -------------------------------------------------------------------------
DATA16_I
  Relative segment, address: 1100 - 1103 (0x4 bytes), align: 1
  Segment part 4.             Intra module refs:   Segment part 12
                                                   rand
           ENTRY                   ADDRESS         REF BY
           =====                   =======         ======
           _Randseed               1100 
    -------------------------------------------------------------------------
DATA16_Z
  Relative segment, address: 1188 - 1189 (0x2 bytes), align: 1
  Segment part 6.             Intra module refs:   rand
           ENTRY                   ADDRESS         REF BY
           =====                   =======         ======
           __iar_Tls_setup__Randseed
                                   1188 
    -------------------------------------------------------------------------
DATA16_Z
  Relative segment, address: 118A - 118D (0x4 bytes), align: 1
  Segment part 7.             Intra module refs:   rand
    -------------------------------------------------------------------------
DATA16_Z
  Relative segment, address: 118E - 118F (0x2 bytes), align: 1
  Segment part 8.             Intra module refs:   rand
    -------------------------------------------------------------------------
DATA16_Z
  Relative segment, address: 1190 - 120F (0x80 bytes), align: 1
  Segment part 9.             Intra module refs:   rand
    -------------------------------------------------------------------------
DATA16_Z
  Relative segment, address: 1210 - 1211 (0x2 bytes), align: 1
  Segment part 10.            Intra module refs:   rand
    -------------------------------------------------------------------------
<CODE> 1 (was CODE)
  Relative segment, address: 8D00 - 8DA7 (0xa8 bytes), align: 1
  Segment part 11.
           ENTRY                   ADDRESS         REF BY
           =====                   =======         ======
           rand                    8D00            CSMABackOff (mac)
               calls direct and indirect
    -------------------------------------------------------------------------
<CODE> 1 (was CODE)
  Relative segment, address: 9F3A - 9F4F (0x16 bytes), align: 1
  Segment part 12.            Intra module refs:   rand
    -------------------------------------------------------------------------
<CODE> 1 (was CODE)
  Relative segment, address: 9F50 - 9F65 (0x16 bytes), align: 1
  Segment part 13.            Intra module refs:   Segment part 12
                                                   rand
    -------------------------------------------------------------------------
DATA16_ID
  Relative segment, address: 80D0 - 80D3 (0x4 bytes), align: 1
  Segment part 5.             Intra module refs:   _Randseed




                ****************************************
                *                                      *
                *      SEGMENTS IN ADDRESS ORDER       *
                *                                      *
                ****************************************


SEGMENT              SPACE    START ADDRESS   END ADDRESS     SIZE  TYPE  ALIGN
=======              =====    =============   ===========     ====  ====  =====
DATA16_AN                              0003 - 0003               1   rel    0
                                       0018 - 002E              17 
                                       0030 - 0037               8 
                                       0056 - 0057               2 
                                       0061 - 0064               4 
                                       0067 - 0067               1 
                                       0080 - 0081               2 
                                       0120 - 0121               2 
                                       0128 - 012D               6 
                                       0140 - 0143               4 
                                       0160 - 0163               4 
                                       0170 - 0173               4 
                                       0180 - 0183               4 
                                       0192 - 0193               2 
                                       01A0 - 01A5               6 
                                       10F8 - 10F9               2 
DATA16_I                               1100 - 1106               7   rel    1
DATA16_Z                               1108 - 129D             196   rel    1
CSTACK                                 20B0 - 20FF              50   rel    1
DATA16_C                               8000 - 80CE              CF   rel    1
DATA16_ID                              80D0 - 80D6               7   rel    1
CSTART                                 80D8 - 80FF              28   rel    1
<CODE> 1                               8100 - A0B1            1FB2   rel    1
INTVEC                                 FFC0 - FFFB              3C   com    1
RESET                                  FFFE - FFFF               2   rel    1

                ****************************************
                *                                      *
                *        END OF CROSS REFERENCE        *
                *                                      *
                ****************************************

 8 216 bytes of CODE  memory
   493 bytes of DATA  memory (+ 75 absolute )
   214 bytes of CONST memory

Errors: none
Warnings: none

